Archive member included to satisfy reference by file (symbol)

./libs\libpluto_0.3.a(startup_stm32f30x_md_gcc.o)
                              (Reset_Handler)
./libs\libpluto_0.3.a(system_stm32f30x.o)
                              ./libs\libpluto_0.3.a(startup_stm32f30x_md_gcc.o) (SystemInit)
./libs\libpluto_0.3.a(main.o)
                              ./libs\libpluto_0.3.a(startup_stm32f30x_md_gcc.o) (main)
./libs\libpluto_0.3.a(mw.o)   main.o (symbol from plugin) (loop)
./libs\libpluto_0.3.a(altitudehold.o)
                              mw.o (symbol from plugin) (applyAltHold)
./libs\libpluto_0.3.a(failsafe.o)
                              main.o (symbol from plugin) (failsafeInit)
./libs\libpluto_0.3.a(pid.o)  mw.o (symbol from plugin) (pidResetErrorAngle)
./libs\libpluto_0.3.a(imu.o)  main.o (symbol from plugin) (imuInit)
./libs\libpluto_0.3.a(mixer.o)
                              main.o (symbol from plugin) (mixerInit)
./libs\libpluto_0.3.a(filter.o)
                              mw.o (symbol from plugin) (filterApplyPt1)
./libs\libpluto_0.3.a(system.o)
                              main.o (symbol from plugin) (micros)
./libs\libpluto_0.3.a(beeper.o)
                              mw.o (symbol from plugin) (beeperSilence)
./libs\libpluto_0.3.a(rc_controls.o)
                              mw.o (symbol from plugin) (isUsingSticksForArming)
./libs\libpluto_0.3.a(rc_curves.o)
                              rc_controls.o (symbol from plugin) (generatePitchRollCurve)
./libs\libpluto_0.3.a(serial.o)
                              mw.o (symbol from plugin) (findNextSharedSerialPort)
./libs\libpluto_0.3.a(serial_cli.o)
                              mw.o (symbol from plugin) (cliMode)
./libs\libpluto_0.3.a(serial_msp.o)
                              mw.o (symbol from plugin) (mspReleasePortIfAllocated)
./libs\libpluto_0.3.a(statusindicator.o)
                              beeper.o (symbol from plugin) (warningLedEnable)
./libs\libpluto_0.3.a(rx.o)   main.o (symbol from plugin) (rxInit)
./libs\libpluto_0.3.a(pwm.o)  rx.o (symbol from plugin) (rxPwmInit)
./libs\libpluto_0.3.a(msp.o)  serial_msp.o (symbol from plugin) (rxMspFrameReceive)
./libs\libpluto_0.3.a(sbus.o)
                              rx.o (symbol from plugin) (sbusInit)
./libs\libpluto_0.3.a(sumd.o)
                              rx.o (symbol from plugin) (sumdInit)
./libs\libpluto_0.3.a(sumh.o)
                              rx.o (symbol from plugin) (sumhInit)
./libs\libpluto_0.3.a(spektrum.o)
                              rx.o (symbol from plugin) (spektrumInit)
./libs\libpluto_0.3.a(xbus.o)
                              rx.o (symbol from plugin) (xBusInit)
./libs\libpluto_0.3.a(acceleration.o)
                              main.o (symbol from plugin) (accSetCalibrationCycles)
./libs\libpluto_0.3.a(battery.o)
                              mw.o (symbol from plugin) (updateBattery)
./libs\libpluto_0.3.a(boardalignment.o)
                              main.o (symbol from plugin) (initBoardAlignment)
./libs\libpluto_0.3.a(compass.o)
                              main.o (symbol from plugin) (compassInit)
./libs\libpluto_0.3.a(gyro.o)
                              main.o (symbol from plugin) (gyroSetCalibrationCycles)
./libs\libpluto_0.3.a(initialisation.o)
                              main.o (symbol from plugin) (sensorsAutodetectmpu)
./libs\libpluto_0.3.a(stm32f30x_rcc.o)
                              system.o (symbol from plugin) (RCC_GetClocksFreq)
./libs\libpluto_0.3.a(stm32f30x_misc.o)
                              system.o (symbol from plugin) (NVIC_PriorityGroupConfig)
./libs\libpluto_0.3.a(acrobats.o)
                              mw.o (symbol from plugin) (flip)
./libs\libpluto_0.3.a(posControl.o)
                              mw.o (symbol from plugin) (resetPosController)
./libs\libpluto_0.3.a(posEstimate.o)
                              main.o (symbol from plugin) (updatePosGains)
./libs\libpluto_0.3.a(opticflow.o)
                              posControl.o (symbol from plugin) (accel_hf_prev)
./libs\libpluto_0.3.a(command.o)
                              mw.o (symbol from plugin) (executeCommand())
./libs\libpluto_0.3.a(localisationCommand.o)
                              mw.o (symbol from plugin) (command_jump(short))
./libs\libpluto_0.3.a(Peripheral.o)
                              main.o (symbol from plugin) (GPIO_P::init(unibus, GPIO_Mode_e))
./libs\libpluto_0.3.a(XRanging.o)
                              main.o (symbol from plugin) (xRangingInit)
./libs\libpluto_0.3.a(Control.o)
                              command.o (symbol from plugin) (DesiredPosition_P::setRelative(axis_e, long))
./libs\libpluto_0.3.a(Utils.o)
                              acceleration.o (symbol from plugin) (LED_P::set(led_e, led_state_e))
./libs\libpluto_0.3.a(User.o)
                              mw.o (symbol from plugin) (FlightMode_P::set(flight_mode_e))
./libs\libpluto_0.3.a(API-Utils.o)
                              main.o (symbol from plugin) (resetUser)
[...]
Memory Configuration

Name             Origin             Length             Attributes
FLASH            0x08000000         0x0003f000         xr
RAM              0x20000000         0x0000a000         xrw
MEMORY_B1        0x60000000         0x00000000         xr
*default*        0x00000000         0xffffffff

Linker script and memory map

LOAD obj/PLUTOX/src/main/PlutoPilot.o
LOAD C:\Users\Lenovo\AppData\Local\Temp\cc7nW6Fb.ltrans0.ltrans.o
LOAD C:\Users\Lenovo\AppData\Local\Temp\cc7nW6Fb.ltrans1.ltrans.o
LOAD C:\Users\Lenovo\AppData\Local\Temp\cc7nW6Fb.ltrans2.ltrans.o
LOAD C:\Users\Lenovo\AppData\Local\Temp\cc7nW6Fb.ltrans3.ltrans.o
LOAD C:\Users\Lenovo\AppData\Local\Temp\cc7nW6Fb.ltrans4.ltrans.o
LOAD C:\Users\Lenovo\AppData\Local\Temp\cc7nW6Fb.ltrans5.ltrans.o
LOAD C:\Users\Lenovo\AppData\Local\Temp\cc7nW6Fb.ltrans6.ltrans.o
LOAD C:\Users\Lenovo\AppData\Local\Temp\cc7nW6Fb.ltrans7.ltrans.o
LOAD C:\Users\Lenovo\AppData\Local\Temp\cc7nW6Fb.ltrans8.ltrans.o
LOAD C:\Users\Lenovo\AppData\Local\Temp\cc7nW6Fb.ltrans9.ltrans.o
LOAD C:\Users\Lenovo\AppData\Local\Temp\cc7nW6Fb.ltrans10.ltrans.o
LOAD C:\Users\Lenovo\AppData\Local\Temp\cc7nW6Fb.ltrans11.ltrans.o
LOAD C:\Users\Lenovo\AppData\Local\Temp\cc7nW6Fb.ltrans12.ltrans.o
LOAD C:\Users\Lenovo\AppData\Local\Temp\cc7nW6Fb.ltrans13.ltrans.o
LOAD C:\Users\Lenovo\AppData\Local\Temp\cc7nW6Fb.ltrans14.ltrans.o
LOAD C:\Users\Lenovo\AppData\Local\Temp\cc7nW6Fb.ltrans15.ltrans.o
LOAD C:\Users\Lenovo\AppData\Local\Temp\cc7nW6Fb.ltrans16.ltrans.o
LOAD C:\Users\Lenovo\AppData\Local\Temp\cc7nW6Fb.ltrans17.ltrans.o
LOAD C:\Users\Lenovo\AppData\Local\Temp\cc7nW6Fb.ltrans18.ltrans.o
LOAD C:\Users\Lenovo\AppData\Local\Temp\cc7nW6Fb.ltrans19.ltrans.o
LOAD c:/users/lenovo/downloads/plutoblocks-win-2-0-3/plutoblocks-win-2-0-3/plutoblocks-win-2-0-3/pluto_project/gcc-arm/bin/../lib/gcc/arm-none-eabi/6.3.1/../../../../arm-none-eabi/lib/thumb/v7e-m/fpv4-sp/hard\libnosys.a
LOAD ./libs\libpluto_0.3.a
LOAD c:/users/lenovo/downloads/plutoblocks-win-2-0-3/plutoblocks-win-2-0-3/plutoblocks-win-2-0-3/pluto_project/gcc-arm/bin/../lib/gcc/arm-none-eabi/6.3.1/../../../../arm-none-eabi/lib/thumb/v7e-m/fpv4-sp/hard\libstdc++.a
LOAD c:/users/lenovo/downloads/plutoblocks-win-2-0-3/plutoblocks-win-2-0-3/plutoblocks-win-2-0-3/pluto_project/gcc-arm/bin/../lib/gcc/arm-none-eabi/6.3.1/../../../../arm-none-eabi/lib/thumb/v7e-m/fpv4-sp/hard\libm.a
LOAD c:/users/lenovo/downloads/plutoblocks-win-2-0-3/plutoblocks-win-2-0-3/plutoblocks-win-2-0-3/pluto_project/gcc-arm/bin/../lib/gcc/arm-none-eabi/6.3.1/../../../../arm-none-eabi/lib/thumb/v7e-m/fpv4-sp/hard\libc.a
START GROUP
LOAD c:/users/lenovo/downloads/plutoblocks-win-2-0-3/plutoblocks-win-2-0-3/plutoblocks-win-2-0-3/pluto_project/gcc-arm/bin/../lib/gcc/arm-none-eabi/6.3.1/thumb/v7e-m/fpv4-sp/hard\libgcc.a
LOAD c:/users/lenovo/downloads/plutoblocks-win-2-0-3/plutoblocks-win-2-0-3/plutoblocks-win-2-0-3/pluto_project/gcc-arm/bin/../lib/gcc/arm-none-eabi/6.3.1/../../../../arm-none-eabi/lib/thumb/v7e-m/fpv4-sp/hard\libg.a
LOAD c:/users/lenovo/downloads/plutoblocks-win-2-0-3/plutoblocks-win-2-0-3/plutoblocks-win-2-0-3/pluto_project/gcc-arm/bin/../lib/gcc/arm-none-eabi/6.3.1/../../../../arm-none-eabi/lib/thumb/v7e-m/fpv4-sp/hard\libc.a
END GROUP
START GROUP
LOAD c:/users/lenovo/downloads/plutoblocks-win-2-0-3/plutoblocks-win-2-0-3/plutoblocks-win-2-0-3/pluto_project/gcc-arm/bin/../lib/gcc/arm-none-eabi/6.3.1/thumb/v7e-m/fpv4-sp/hard\libgcc.a
LOAD c:/users/lenovo/downloads/plutoblocks-win-2-0-3/plutoblocks-win-2-0-3/plutoblocks-win-2-0-3/pluto_project/gcc-arm/bin/../lib/gcc/arm-none-eabi/6.3.1/../../../../arm-none-eabi/lib/thumb/v7e-m/fpv4-sp/hard\libc.a
LOAD c:/users/lenovo/downloads/plutoblocks-win-2-0-3/plutoblocks-win-2-0-3/plutoblocks-win-2-0-3/pluto_project/gcc-arm/bin/../lib/gcc/arm-none-eabi/6.3.1/../../../../arm-none-eabi/lib/thumb/v7e-m/fpv4-sp/hard\libnosys.a
END GROUP
                0x2000a000                _estack = (ORIGIN (RAM) + LENGTH (RAM))
                0x00000000                _Min_Heap_Size = 0x0
                0x00000400                _Min_Stack_Size = 0x400

.isr_vector     0x08000000      0x188
                0x08000000                . = ALIGN (0x4)
                [!provide]                PROVIDE (isr_vector_table_base, .)
 *(.isr_vector)
 .isr_vector    0x08000000      0x188 ./libs\libpluto_0.3.a(startup_stm32f30x_md_gcc.o)
                0x08000000                g_pfnVectors
                0x08000188                . = ALIGN (0x4)

.text           0x080001c0    0x12184
                0x080001c0                . = ALIGN (0x4)
 *(.text)
 .text          0x080001c0     0x1724 C:\Users\Lenovo\AppData\Local\Temp\cc7nW6Fb.ltrans0.ltrans.o
                0x080001c0                init()
 .text          0x080018e4     0x1090 C:\Users\Lenovo\AppData\Local\Temp\cc7nW6Fb.ltrans3.ltrans.o
                0x080018e4                processRx()
 .text          0x08002974      0xbd0 C:\Users\Lenovo\AppData\Local\Temp\cc7nW6Fb.ltrans4.ltrans.o
                0x08002974                headSerialResponse(unsigned char, unsigned char) [clone .lto_priv.167]
                0x080029b4                headSerialReply(unsigned char) [clone .lto_priv.188]
                0x080029ba                read32() [clone .lto_priv.191]
                0x080029cc                processOutCommand(unsigned char) [clone .lto_priv.273]
 .text          0x08003544      0x8a8 C:\Users\Lenovo\AppData\Local\Temp\cc7nW6Fb.ltrans5.ltrans.o
                0x08003594                NVIC_Init.part.0.constprop.156
                0x080035d0                VL53L0X_calc_timeout_mclks.constprop.146
                0x080035f8                get_next_good_spad.constprop.137
                0x08003644                enable_ref_spads.constprop.135
                0x08003700                SPIClass::Write(unsigned char, unsigned char) [clone .constprop.102]
                0x0800373c                SPIClass::Read(unsigned char, int) [clone .constprop.100]
                0x080037cc                spektrumInit.constprop.90
                0x0800384c                useRcControlsConfig.constprop.48
                0x0800388c                resetSerialConfig(serialConfig_s*) [clone .constprop.47]
                0x080038ec                FLASH_WaitForLastOperation.constprop.42
                0x08003910                headSerialError(unsigned char) [clone .constprop.30]
                0x08003918                calculateThrottleStatus.constprop.23
                0x0800394c                reset(bool) [clone .constprop.10]
                0x080039b0                updateCompass.constprop.6
                0x08003b50                VL53L0X_RdDWord
                0x08003b74                VL53L0X_RdWord
                0x08003ba0                VL53L0X_RdByte
                0x08003bba                VL53L0X_UpdateByte
                0x08003bf6                VL53L0X_WrWord
                0x08003c1e                VL53L0X_WrByte
                0x08003c34                VL53L0X_ref_calibration_io.constprop.149
                0x08003cd2                VL53L0X_ClearInterruptMask.constprop.148
                0x08003d2a                VL53L0X_set_measurement_timing_budget_micro_seconds
 .text          0x08003dec      0x988 C:\Users\Lenovo\AppData\Local\Temp\cc7nW6Fb.ltrans6.ltrans.o
                0x08003e56                perform_ref_signal_measurement
                0x08004554                set_ref_spad_map
                0x08004570                VL53L0X_GetSequenceStepEnables
                0x080045a8                VL53L0X_GetDeviceParameters
                0x0800475c                LaserSensor::setAddress(unsigned char)
 .text          0x08004774      0xc9c C:\Users\Lenovo\AppData\Local\Temp\cc7nW6Fb.ltrans7.ltrans.o
                0x0800478c                read8() [clone .lto_priv.189]
                0x080047a0                read16() [clone .lto_priv.190]
                0x080047b4                serialize8(unsigned char) [clone .lto_priv.198]
                0x080047d8                serialize16(unsigned short) [clone .lto_priv.199]
                0x080047ea                serialize32(unsigned long) [clone .lto_priv.200]
                0x080047fc                openSerialPort
                0x08004874                findNextSerialPortConfig
                0x080048b8                findSerialPortConfig
                0x080048c4                generateThrottleCurve
                0x08004944                generatePitchRollCurve
                0x0800497c                isRangeActive(unsigned char, channelRange_s*) [clone .part.1]
                0x080049c4                beeperSilence
                0x080049d8                beeper
                0x08004a24                beeperConfirmationBeeps
                0x08004a5c                micros
                0x08004a94                delayMicroseconds
                0x08004aaa                delay
                0x08004abe                failureMode
                0x08004b7c                SysTick_Handler
                0x08004b8c                EXTI3_IRQHandler
                0x08004b90                EXTI15_10_IRQHandler
                0x08004b94                filterApplyPt1
                0x08004bec                writeMotors
                0x08004c98                drift_correction(float)
                0x0800534c                normalize()
 .text          0x08005410      0xd8c C:\Users\Lenovo\AppData\Local\Temp\cc7nW6Fb.ltrans8.ltrans.o
                0x08005410                xBusReadRawRC(rxRuntimeConfig_s*, unsigned char) [clone .lto_priv.296]
                0x080054b8                spektrumReadRawRC.lto_priv.164
                0x080054e4                sumhReadRawRC.lto_priv.289
                0x080054fc                sumdReadRawRC.lto_priv.287
                0x08005510                sbusReadRawRC.lto_priv.285
                0x08005544                rxMspReadRawRC.lto_priv.298
                0x08005554                ppmReadRawRC.lto_priv.300
                0x08005560                pwmReadRawRC.lto_priv.299
                0x0800556c                nullReadRawRC(rxRuntimeConfig_s*, unsigned char) [clone .lto_priv.166]
                0x08005570                xBusDataReceive(unsigned short) [clone .lto_priv.297]
                0x08005638                spektrumDataReceive.lto_priv.165
                0x08005680                sumhDataReceive.lto_priv.290
                0x080056c8                sumdDataReceive.lto_priv.288
                0x0800576c                sbusDataReceive.lto_priv.286
                0x080057b8                batteryAdcToVoltage
                0x080057e8                updateBatteryVoltage() [clone .lto_priv.274]
                0x080059ec                getRxfailValue(unsigned char) [clone .lto_priv.227]
                0x08005a3c                resumeRxSignal
                0x08005a6c                suspendRxSignal
                0x08005a9c                processInCommand() [clone .lto_priv.272]
 .text          0x0800619c      0xdf8 C:\Users\Lenovo\AppData\Local\Temp\cc7nW6Fb.ltrans9.ltrans.o
                0x0800619c                pidMultiWii23(pidProfile_s*, controlRateConfig_s*, unsigned short, rollAndPitchTrims_t*, rxConfig_s*) [clone .lto_priv.209]
                0x08006460                pidMultiWii(pidProfile_s*, controlRateConfig_s*, unsigned short, rollAndPitchTrims_t*, rxConfig_s*) [clone .lto_priv.207]
                0x080066ec                pidLuxFloat(pidProfile_s*, controlRateConfig_s*, unsigned short, rollAndPitchTrims_t*, rxConfig_s*) [clone .lto_priv.208]
                0x08006a3c                pidResetErrorGyro
                0x08006a5c                pidResetErrorAngle
                0x08006a78                failsafeOnLowBattery
                0x08006a8c                updateGains
                0x08006adc                apmCalculateEstimatedAltitude
 .text          0x08006f94      0xfd0 C:\Users\Lenovo\AppData\Local\Temp\cc7nW6Fb.ltrans10.ltrans.o
                0x08007af8                renorm(float const*, float*)
                0x08007bac                dcmFromEuler(float, float, float)
                0x08007c70                imuCalculateAcceleration(unsigned long)
                0x08007f1c                pidSetController
 .text          0x08007f64      0x7ac C:\Users\Lenovo\AppData\Local\Temp\cc7nW6Fb.ltrans11.ltrans.o
                0x08007f64                ppmEdgeCallback(timerCCHandlerRec_s*, unsigned short) [clone .lto_priv.278]
                0x0800803c                ppmOverflowCallback(timerOvrHandlerRec_s*, unsigned short) [clone .lto_priv.279]
                0x0800804c                pwmWriteStandard(unsigned char, unsigned short) [clone .lto_priv.276]
                0x08008060                pwmWriteBrushed(unsigned char, unsigned short) [clone .lto_priv.277]
                0x08008084                ak8963Read
                0x08008148                ak8963Init
                0x08008234                uartReconfigure.lto_priv.182
                0x08008358                gpioInit
                0x080083ac                pwmOutConfig
                0x080085d8                initSpi2
 .text          0x08008710      0xb14 C:\Users\Lenovo\AppData\Local\Temp\cc7nW6Fb.ltrans12.ltrans.o
                0x08008710                PosXYEstimate
                0x080089dc                flip.part.0
                0x08008ddc                RCC_ADCCLKConfig
                0x08008dfc                RCC_GetClocksFreq
                0x080090ec                alignSensors
 .text          0x08009224      0x6b4 C:\Users\Lenovo\AppData\Local\Temp\cc7nW6Fb.ltrans13.ltrans.o
                0x0800939c                timCCxHandler(TIM_TypeDef*, timerConfig_s*) [clone .lto_priv.181]
                0x08009422                TIM1_CC_IRQHandler
                0x08009430                configTimeBase
                0x080094cc                lookupTimerIndex(TIM_TypeDef const*) [clone .lto_priv.204]
                0x08009524                USART2_IRQHandler
                0x0800952c                USART1_IRQHandler
                0x08009534                DMA1_Channel4_IRQHandler
                0x08009570                uartOpen
 .text          0x080098d8      0x6e0 C:\Users\Lenovo\AppData\Local\Temp\cc7nW6Fb.ltrans14.ltrans.o
                0x08009900                mpuGyroRead
                0x08009944                mpuAccRead
                0x080099cc                mpu6500GyroInit
                0x08009a74                mpu6500AccInit
                0x08009a88                i2cRead
                0x08009b7c                mpuReadRegisterI2C(unsigned char, unsigned char, unsigned char*) [clone .lto_priv.313]
                0x08009b92                i2cWriteBuffer
                0x08009c80                i2cWrite
                0x08009c94                mpuWriteRegisterI2C(unsigned char, unsigned char) [clone .lto_priv.314]
                0x08009c9c                mode_0_init()
 .text          0x08009fb8      0xb80 C:\Users\Lenovo\AppData\Local\Temp\cc7nW6Fb.ltrans15.ltrans.o
                0x08009fb8                ms5611_calculate(long*, long*, unsigned long, unsigned long) [clone .lto_priv.311]
                0x0800a158                ms5611_start_up() [clone .lto_priv.309]
                0x0800a162                ms5611_start_ut() [clone .lto_priv.307]
                0x0800a194                ms5611_get_up() [clone .lto_priv.310]
                0x0800a196                ms5611_get_ut() [clone .lto_priv.308]
                0x0800a198                activateControlRateConfig()
                0x0800a1e0                isEEPROMContentValid() [clone .lto_priv.168]
                0x0800a22c                readEEPROM
                0x0800a4ac                resetConf() [clone .lto_priv.192]
                0x0800a980                apmBaroCalibrationRead()
                0x0800a9d8                apmBaroUpdate
                0x0800aad0                TIM1_TRG_COM_TIM17_IRQHandler
                0x0800aae0                TIM1_BRK_TIM15_IRQHandler
                0x0800aaf0                TIM8_CC_IRQHandler
                0x0800ab00                TIM8_UP_IRQHandler
                0x0800ab04                TIM4_IRQHandler
                0x0800ab14                TIM3_IRQHandler
                0x0800ab24                TIM2_IRQHandler
                0x0800ab34                TIM1_UP_TIM16_IRQHandler
 .text          0x0800ab38      0x6b4 C:\Users\Lenovo\AppData\Local\Temp\cc7nW6Fb.ltrans16.ltrans.o
                0x0800ab56                VL53L0X_get_vcsel_pulse_period
                0x0800ab88                set_sequence_step_timeout
                0x0800ac92                get_sequence_step_timeout
                0x0800add8                VL53L0X_device_read_strobe
                0x0800ae1c                VL53L0X_isqrt
                0x0800ae46                VL53L0X_measurement_poll_for_completion
                0x0800aeaa                VL53L0X_perform_single_ref_calibration
                0x0800aeda                VL53L0X_perform_ref_calibration
                0x0800af6a                VL53L0X_perform_ref_spad_management
 .text          0x0800b1ec      0x630 C:\Users\Lenovo\AppData\Local\Temp\cc7nW6Fb.ltrans17.ltrans.o
                0x0800b1ec                DMA_StructInit
                0x0800b206                DMA_Init
                0x0800b242                DMA_DeInit
                0x0800b334                FLASH_GetStatus
                0x0800b35c                ADC_RegularChannelConfig
                0x0800b414                GPIO_Init
                0x0800b4a2                serialRead
                0x0800b4a8                serialWrite
                0x0800b4ae                _putc(void*, char) [clone .lto_priv.320]
                0x0800b4b2                applyDeadband
                0x0800b4d0                sin_approx
                0x0800b594                buildRotationMatrix
                0x0800b650                reset_FSI
                0x0800b668                set_FSI
                0x0800b67c                disableFlightMode
                0x0800b69c                enableFlightMode
                0x0800b6b8                featureClear
                0x0800b6c8                featureSet
                0x0800b6d8                writeEEPROM
                0x0800b808                saveConfigAndNotify
 .text          0x0800b81c      0x158 C:\Users\Lenovo\AppData\Local\Temp\cc7nW6Fb.ltrans18.ltrans.o
                0x0800b81c                mwArm
                0x0800b8b4                mwDisarm
                0x0800b930                isCalibrating()
 .text          0x0800b974       0x68 C:\Users\Lenovo\AppData\Local\Temp\cc7nW6Fb.ltrans19.ltrans.o
                0x0800b974                SystemInit
 .text          0x0800b9dc      0x134 c:/users/lenovo/downloads/plutoblocks-win-2-0-3/plutoblocks-win-2-0-3/plutoblocks-win-2-0-3/pluto_project/gcc-arm/bin/../lib/gcc/arm-none-eabi/6.3.1/../../../../arm-none-eabi/lib/thumb/v7e-m/fpv4-sp/hard\libc.a(lib_a-memcpy.o)
                0x0800b9dc                memcpy
 *fill*         0x0800bb10       0x30 
 .text          0x0800bb40       0xdc c:/users/lenovo/downloads/plutoblocks-win-2-0-3/plutoblocks-win-2-0-3/plutoblocks-win-2-0-3/pluto_project/gcc-arm/bin/../lib/gcc/arm-none-eabi/6.3.1/../../../../arm-none-eabi/lib/thumb/v7e-m/fpv4-sp/hard\libc.a(lib_a-strlen.o)
                0x0800bb40                strlen
 .text          0x0800bc1c       0x1c c:/users/lenovo/downloads/plutoblocks-win-2-0-3/plutoblocks-win-2-0-3/plutoblocks-win-2-0-3/pluto_project/gcc-arm/bin/../lib/gcc/arm-none-eabi/6.3.1/thumb/v7e-m/fpv4-sp/hard\libgcc.a(_ashrdi3.o)
                0x0800bc1c                __aeabi_lasr
                0x0800bc1c                __ashrdi3
 .text          0x0800bc38      0x370 c:/users/lenovo/downloads/plutoblocks-win-2-0-3/plutoblocks-win-2-0-3/plutoblocks-win-2-0-3/pluto_project/gcc-arm/bin/../lib/gcc/arm-none-eabi/6.3.1/thumb/v7e-m/fpv4-sp/hard\libgcc.a(_arm_addsubdf3.o)
                0x0800bc38                __aeabi_drsub
                0x0800bc40                __aeabi_dsub
                0x0800bc40                __subdf3
                0x0800bc44                __aeabi_dadd
                0x0800bc44                __adddf3
                0x0800bebc                __floatunsidf
                0x0800bebc                __aeabi_ui2d
                0x0800bedc                __floatsidf
                0x0800bedc                __aeabi_i2d
                0x0800bf00                __aeabi_f2d
                0x0800bf00                __extendsfdf2
                0x0800bf3c                __floatundidf
                0x0800bf3c                __aeabi_ul2d
                0x0800bf4c                __floatdidf
                0x0800bf4c                __aeabi_l2d
 .text          0x0800bfa8      0x424 c:/users/lenovo/downloads/plutoblocks-win-2-0-3/plutoblocks-win-2-0-3/plutoblocks-win-2-0-3/pluto_project/gcc-arm/bin/../lib/gcc/arm-none-eabi/6.3.1/thumb/v7e-m/fpv4-sp/hard\libgcc.a(_arm_muldivdf3.o)
                0x0800bfa8                __aeabi_dmul
                0x0800bfa8                __muldf3
                0x0800c1fc                __divdf3
                0x0800c1fc                __aeabi_ddiv
 .text          0x0800c3cc       0xa0 c:/users/lenovo/downloads/plutoblocks-win-2-0-3/plutoblocks-win-2-0-3/plutoblocks-win-2-0-3/pluto_project/gcc-arm/bin/../lib/gcc/arm-none-eabi/6.3.1/thumb/v7e-m/fpv4-sp/hard\libgcc.a(_arm_truncdfsf2.o)
                0x0800c3cc                __truncdfsf2
                0x0800c3cc                __aeabi_d2f
 .text          0x0800c46c       0xa0 c:/users/lenovo/downloads/plutoblocks-win-2-0-3/plutoblocks-win-2-0-3/plutoblocks-win-2-0-3/pluto_project/gcc-arm/bin/../lib/gcc/arm-none-eabi/6.3.1/thumb/v7e-m/fpv4-sp/hard\libgcc.a(_aeabi_ldivmod.o)
                0x0800c46c                __aeabi_ldivmod
 .text          0x0800c50c       0x24 c:/users/lenovo/downloads/plutoblocks-win-2-0-3/plutoblocks-win-2-0-3/plutoblocks-win-2-0-3/pluto_project/gcc-arm/bin/../lib/gcc/arm-none-eabi/6.3.1/thumb/v7e-m/fpv4-sp/hard\libgcc.a(_fixsfdi.o)
                0x0800c50c                __fixsfdi
                0x0800c50c                __aeabi_f2lz
 .text          0x0800c530       0x4c c:/users/lenovo/downloads/plutoblocks-win-2-0-3/plutoblocks-win-2-0-3/plutoblocks-win-2-0-3/pluto_project/gcc-arm/bin/../lib/gcc/arm-none-eabi/6.3.1/thumb/v7e-m/fpv4-sp/hard\libgcc.a(_fixunssfdi.o)
                0x0800c530                __fixunssfdi
                0x0800c530                __aeabi_f2ulz
 .text          0x0800c57c      0x2dc c:/users/lenovo/downloads/plutoblocks-win-2-0-3/plutoblocks-win-2-0-3/plutoblocks-win-2-0-3/pluto_project/gcc-arm/bin/../lib/gcc/arm-none-eabi/6.3.1/thumb/v7e-m/fpv4-sp/hard\libgcc.a(_udivmoddi4.o)
                0x0800c57c                __udivmoddi4
 .text          0x0800c858      0x9cc c:/users/lenovo/downloads/plutoblocks-win-2-0-3/plutoblocks-win-2-0-3/plutoblocks-win-2-0-3/pluto_project/gcc-arm/bin/../lib/gcc/arm-none-eabi/6.3.1/thumb/v7e-m/fpv4-sp/hard\libgcc.a(unwind-arm.o)
                0x0800cb18                _Unwind_GetCFA
                0x0800cb1c                __gnu_Unwind_RaiseException
                0x0800cb7c                __gnu_Unwind_ForcedUnwind
                0x0800cb90                __gnu_Unwind_Resume
                0x0800cbd4                __gnu_Unwind_Resume_or_Rethrow
                0x0800cbe4                _Unwind_Complete
                0x0800cbe8                _Unwind_DeleteException
                0x0800cbf4                _Unwind_VRS_Get
                0x0800cc40                _Unwind_VRS_Set
                0x0800cc90                __gnu_Unwind_Backtrace
                0x0800cfd0                __aeabi_unwind_cpp_pr0
                0x0800cfd4                __aeabi_unwind_cpp_pr1
                0x0800cfd8                __aeabi_unwind_cpp_pr2
                0x0800cfdc                _Unwind_VRS_Pop
 .text          0x0800d224      0x1ac c:/users/lenovo/downloads/plutoblocks-win-2-0-3/plutoblocks-win-2-0-3/plutoblocks-win-2-0-3/pluto_project/gcc-arm/bin/../lib/gcc/arm-none-eabi/6.3.1/thumb/v7e-m/fpv4-sp/hard\libgcc.a(libunwind.o)
                0x0800d224                __restore_core_regs
                0x0800d224                restore_core_regs
                0x0800d23c                __gnu_Unwind_Restore_VFP
                0x0800d244                __gnu_Unwind_Save_VFP
                0x0800d24c                __gnu_Unwind_Restore_VFP_D
                0x0800d254                __gnu_Unwind_Save_VFP_D
                0x0800d25c                __gnu_Unwind_Restore_VFP_D_16_to_31
                0x0800d264                __gnu_Unwind_Save_VFP_D_16_to_31
                0x0800d26c                __gnu_Unwind_Restore_WMMXD
                0x0800d2b0                __gnu_Unwind_Save_WMMXD
                0x0800d2f4                __gnu_Unwind_Restore_WMMXC
                0x0800d308                __gnu_Unwind_Save_WMMXC
                0x0800d31c                ___Unwind_RaiseException
                0x0800d31c                _Unwind_RaiseException
                0x0800d340                _Unwind_Resume
                0x0800d340                ___Unwind_Resume
                0x0800d364                _Unwind_Resume_or_Rethrow
                0x0800d364                ___Unwind_Resume_or_Rethrow
                0x0800d388                _Unwind_ForcedUnwind
                0x0800d388                ___Unwind_ForcedUnwind
                0x0800d3ac                ___Unwind_Backtrace
                0x0800d3ac                _Unwind_Backtrace
 .text          0x0800d3d0      0x380 c:/users/lenovo/downloads/plutoblocks-win-2-0-3/plutoblocks-win-2-0-3/plutoblocks-win-2-0-3/pluto_project/gcc-arm/bin/../lib/gcc/arm-none-eabi/6.3.1/thumb/v7e-m/fpv4-sp/hard\libgcc.a(pr-support.o)
                0x0800d428                __gnu_unwind_execute
                0x0800d6f8                __gnu_unwind_frame
                0x0800d720                _Unwind_GetRegionStart
                0x0800d72c                _Unwind_GetLanguageSpecificData
                0x0800d740                _Unwind_GetTextRelBase
                0x0800d748                _Unwind_GetDataRelBase
 .text          0x0800d750        0x4 c:/users/lenovo/downloads/plutoblocks-win-2-0-3/plutoblocks-win-2-0-3/plutoblocks-win-2-0-3/pluto_project/gcc-arm/bin/../lib/gcc/arm-none-eabi/6.3.1/thumb/v7e-m/fpv4-sp/hard\libgcc.a(_dvmd_tls.o)
                0x0800d750                __aeabi_idiv0
                0x0800d750                __aeabi_ldiv0
 .text          0x0800d754       0x40 c:/users/lenovo/downloads/plutoblocks-win-2-0-3/plutoblocks-win-2-0-3/plutoblocks-win-2-0-3/pluto_project/gcc-arm/bin/../lib/gcc/arm-none-eabi/6.3.1/thumb/v7e-m/fpv4-sp/hard\libgcc.a(_arm_fixunsdfsi.o)
                0x0800d754                __aeabi_d2uiz
                0x0800d754                __fixunsdfsi
 *(.text*)
 .text.startup  0x0800d794     0x2424 C:\Users\Lenovo\AppData\Local\Temp\cc7nW6Fb.ltrans1.ltrans.o
                0x0800d794                main
 .text.startup  0x0800fbb8       0x10 C:\Users\Lenovo\AppData\Local\Temp\cc7nW6Fb.ltrans7.ltrans.o
 .text.Reset_Handler
                0x0800fbc8       0x68 ./libs\libpluto_0.3.a(startup_stm32f30x_md_gcc.o)
                0x0800fbc8                Reset_Handler
 .text.Default_Handler
                0x0800fc30        0x2 ./libs\libpluto_0.3.a(startup_stm32f30x_md_gcc.o)
                0x0800fc30                RTC_Alarm_IRQHandler
                0x0800fc30                TIM8_TRG_COM_IRQHandler
                0x0800fc30                DebugMon_Handler
                0x0800fc30                HardFault_Handler
                0x0800fc30                USB_HP_IRQHandler
                0x0800fc30                PVD_IRQHandler
                0x0800fc30                PendSV_Handler
                0x0800fc30                NMI_Handler
                0x0800fc30                EXTI0_IRQHandler
                0x0800fc30                I2C2_EV_IRQHandler
                0x0800fc30                FPU_IRQHandler
                0x0800fc30                EXTI2_TS_IRQHandler
                0x0800fc30                UsageFault_Handler
                0x0800fc30                ADC1_2_IRQHandler
                0x0800fc30                SPI1_IRQHandler
                0x0800fc30                TIM6_DAC_IRQHandler
                0x0800fc30                DMA2_Channel2_IRQHandler
                0x0800fc30                USART3_IRQHandler
                0x0800fc30                DMA1_Channel7_IRQHandler
                0x0800fc30                CAN1_RX1_IRQHandler
                0x0800fc30                UART5_IRQHandler
                0x0800fc30                ADC3_IRQHandler
                0x0800fc30                DMA2_Channel1_IRQHandler
                0x0800fc30                I2C1_EV_IRQHandler
                0x0800fc30                DMA1_Channel6_IRQHandler
                0x0800fc30                UART4_IRQHandler
                0x0800fc30                DMA2_Channel4_IRQHandler
                0x0800fc30                RCC_IRQHandler
                0x0800fc30                DMA1_Channel1_IRQHandler
                0x0800fc30                Default_Handler
                0x0800fc30                USBWakeUp_RMP_IRQHandler
                0x0800fc30                TIM7_IRQHandler
                0x0800fc30                EXTI9_5_IRQHandler
                0x0800fc30                TAMPER_STAMP_IRQHandler
                0x0800fc30                RTC_WKUP_IRQHandler
                0x0800fc30                SPI2_IRQHandler
                0x0800fc30                MemManage_Handler
                0x0800fc30                SVC_Handler
                0x0800fc30                DMA2_Channel5_IRQHandler
                0x0800fc30                DMA1_Channel5_IRQHandler
                0x0800fc30                USB_LP_IRQHandler
                0x0800fc30                EXTI4_IRQHandler
                0x0800fc30                USB_LP_CAN1_RX0_IRQHandler
                0x0800fc30                USB_HP_CAN1_TX_IRQHandler
                0x0800fc30                DMA1_Channel3_IRQHandler
                0x0800fc30                ADC4_IRQHandler
                0x0800fc30                WWDG_IRQHandler
                0x0800fc30                COMP7_IRQHandler
                0x0800fc30                COMP1_2_3_IRQHandler
                0x0800fc30                EXTI1_IRQHandler
                0x0800fc30                COMP4_5_6_IRQHandler
                0x0800fc30                I2C2_ER_IRQHandler
                0x0800fc30                DMA1_Channel2_IRQHandler
                0x0800fc30                TIM8_BRK_IRQHandler
                0x0800fc30                CAN1_SCE_IRQHandler
                0x0800fc30                FLASH_IRQHandler
                0x0800fc30                BusFault_Handler
                0x0800fc30                SPI3_IRQHandler
                0x0800fc30                I2C1_ER_IRQHandler
                0x0800fc30                USBWakeUp_IRQHandler
                0x0800fc30                DMA2_Channel3_IRQHandler
 *fill*         0x0800fc32        0x2 
 .text.cosf     0x0800fc34       0x90 c:/users/lenovo/downloads/plutoblocks-win-2-0-3/plutoblocks-win-2-0-3/plutoblocks-win-2-0-3/pluto_project/gcc-arm/bin/../lib/gcc/arm-none-eabi/6.3.1/../../../../arm-none-eabi/lib/thumb/v7e-m/fpv4-sp/hard\libm.a(lib_a-sf_cos.o)
                0x0800fc34                cosf
 .text.lrintf   0x0800fcc4       0x98 c:/users/lenovo/downloads/plutoblocks-win-2-0-3/plutoblocks-win-2-0-3/plutoblocks-win-2-0-3/pluto_project/gcc-arm/bin/../lib/gcc/arm-none-eabi/6.3.1/../../../../arm-none-eabi/lib/thumb/v7e-m/fpv4-sp/hard\libm.a(lib_a-sf_lrint.o)
                0x0800fcc4                lrintf
 .text.sinf     0x0800fd5c       0x94 c:/users/lenovo/downloads/plutoblocks-win-2-0-3/plutoblocks-win-2-0-3/plutoblocks-win-2-0-3/pluto_project/gcc-arm/bin/../lib/gcc/arm-none-eabi/6.3.1/../../../../arm-none-eabi/lib/thumb/v7e-m/fpv4-sp/hard\libm.a(lib_a-sf_sin.o)
                0x0800fd5c                sinf
 .text.acosf    0x0800fdf0       0xb8 c:/users/lenovo/downloads/plutoblocks-win-2-0-3/plutoblocks-win-2-0-3/plutoblocks-win-2-0-3/pluto_project/gcc-arm/bin/../lib/gcc/arm-none-eabi/6.3.1/../../../../arm-none-eabi/lib/thumb/v7e-m/fpv4-sp/hard\libm.a(lib_a-wf_acos.o)
                0x0800fdf0                acosf
 .text.asinf    0x0800fea8       0xb8 c:/users/lenovo/downloads/plutoblocks-win-2-0-3/plutoblocks-win-2-0-3/plutoblocks-win-2-0-3/pluto_project/gcc-arm/bin/../lib/gcc/arm-none-eabi/6.3.1/../../../../arm-none-eabi/lib/thumb/v7e-m/fpv4-sp/hard\libm.a(lib_a-wf_asin.o)
                0x0800fea8                asinf
 .text.atan2f   0x0800ff60        0x4 c:/users/lenovo/downloads/plutoblocks-win-2-0-3/plutoblocks-win-2-0-3/plutoblocks-win-2-0-3/pluto_project/gcc-arm/bin/../lib/gcc/arm-none-eabi/6.3.1/../../../../arm-none-eabi/lib/thumb/v7e-m/fpv4-sp/hard\libm.a(lib_a-wf_atan2.o)
                0x0800ff60                atan2f
 .text.logf     0x0800ff64       0xf8 c:/users/lenovo/downloads/plutoblocks-win-2-0-3/plutoblocks-win-2-0-3/plutoblocks-win-2-0-3/pluto_project/gcc-arm/bin/../lib/gcc/arm-none-eabi/6.3.1/../../../../arm-none-eabi/lib/thumb/v7e-m/fpv4-sp/hard\libm.a(lib_a-wf_log.o)
                0x0800ff64                logf
 .text.sqrtf    0x0801005c       0xac c:/users/lenovo/downloads/plutoblocks-win-2-0-3/plutoblocks-win-2-0-3/plutoblocks-win-2-0-3/pluto_project/gcc-arm/bin/../lib/gcc/arm-none-eabi/6.3.1/../../../../arm-none-eabi/lib/thumb/v7e-m/fpv4-sp/hard\libm.a(lib_a-wf_sqrt.o)
                0x0801005c                sqrtf
 .text.__ieee754_acosf
                0x08010108      0x244 c:/users/lenovo/downloads/plutoblocks-win-2-0-3/plutoblocks-win-2-0-3/plutoblocks-win-2-0-3/pluto_project/gcc-arm/bin/../lib/gcc/arm-none-eabi/6.3.1/../../../../arm-none-eabi/lib/thumb/v7e-m/fpv4-sp/hard\libm.a(lib_a-ef_acos.o)
                0x08010108                __ieee754_acosf
 .text.__ieee754_asinf
                0x0801034c      0x1f8 c:/users/lenovo/downloads/plutoblocks-win-2-0-3/plutoblocks-win-2-0-3/plutoblocks-win-2-0-3/pluto_project/gcc-arm/bin/../lib/gcc/arm-none-eabi/6.3.1/../../../../arm-none-eabi/lib/thumb/v7e-m/fpv4-sp/hard\libm.a(lib_a-ef_asin.o)
                0x0801034c                __ieee754_asinf
 .text.__ieee754_atan2f
                0x08010544      0x180 c:/users/lenovo/downloads/plutoblocks-win-2-0-3/plutoblocks-win-2-0-3/plutoblocks-win-2-0-3/pluto_project/gcc-arm/bin/../lib/gcc/arm-none-eabi/6.3.1/../../../../arm-none-eabi/lib/thumb/v7e-m/fpv4-sp/hard\libm.a(lib_a-ef_atan2.o)
                0x08010544                __ieee754_atan2f
 .text.__ieee754_logf
                0x080106c4      0x218 c:/users/lenovo/downloads/plutoblocks-win-2-0-3/plutoblocks-win-2-0-3/plutoblocks-win-2-0-3/pluto_project/gcc-arm/bin/../lib/gcc/arm-none-eabi/6.3.1/../../../../arm-none-eabi/lib/thumb/v7e-m/fpv4-sp/hard\libm.a(lib_a-ef_log.o)
                0x080106c4                __ieee754_logf
 .text.__ieee754_rem_pio2f
                0x080108dc      0x290 c:/users/lenovo/downloads/plutoblocks-win-2-0-3/plutoblocks-win-2-0-3/plutoblocks-win-2-0-3/pluto_project/gcc-arm/bin/../lib/gcc/arm-none-eabi/6.3.1/../../../../arm-none-eabi/lib/thumb/v7e-m/fpv4-sp/hard\libm.a(lib_a-ef_rem_pio2.o)
                0x080108dc                __ieee754_rem_pio2f
 .text.__ieee754_sqrtf
                0x08010b6c        0x8 c:/users/lenovo/downloads/plutoblocks-win-2-0-3/plutoblocks-win-2-0-3/plutoblocks-win-2-0-3/pluto_project/gcc-arm/bin/../lib/gcc/arm-none-eabi/6.3.1/../../../../arm-none-eabi/lib/thumb/v7e-m/fpv4-sp/hard\libm.a(lib_a-ef_sqrt.o)
                0x08010b6c                __ieee754_sqrtf
 .text.__kernel_cosf
                0x08010b74      0x104 c:/users/lenovo/downloads/plutoblocks-win-2-0-3/plutoblocks-win-2-0-3/plutoblocks-win-2-0-3/pluto_project/gcc-arm/bin/../lib/gcc/arm-none-eabi/6.3.1/../../../../arm-none-eabi/lib/thumb/v7e-m/fpv4-sp/hard\libm.a(lib_a-kf_cos.o)
                0x08010b74                __kernel_cosf
 .text.__kernel_rem_pio2f
                0x08010c78      0x690 c:/users/lenovo/downloads/plutoblocks-win-2-0-3/plutoblocks-win-2-0-3/plutoblocks-win-2-0-3/pluto_project/gcc-arm/bin/../lib/gcc/arm-none-eabi/6.3.1/../../../../arm-none-eabi/lib/thumb/v7e-m/fpv4-sp/hard\libm.a(lib_a-kf_rem_pio2.o)
                0x08010c78                __kernel_rem_pio2f
 .text.__kernel_sinf
                0x08011308       0x90 c:/users/lenovo/downloads/plutoblocks-win-2-0-3/plutoblocks-win-2-0-3/plutoblocks-win-2-0-3/pluto_project/gcc-arm/bin/../lib/gcc/arm-none-eabi/6.3.1/../../../../arm-none-eabi/lib/thumb/v7e-m/fpv4-sp/hard\libm.a(lib_a-kf_sin.o)
                0x08011308                __kernel_sinf
 .text.matherr  0x08011398        0x4 c:/users/lenovo/downloads/plutoblocks-win-2-0-3/plutoblocks-win-2-0-3/plutoblocks-win-2-0-3/pluto_project/gcc-arm/bin/../lib/gcc/arm-none-eabi/6.3.1/../../../../arm-none-eabi/lib/thumb/v7e-m/fpv4-sp/hard\libm.a(lib_a-s_matherr.o)
                0x08011398                matherr
 *fill*         0x0801139c        0x4 
 .text.nan      0x080113a0       0x10 c:/users/lenovo/downloads/plutoblocks-win-2-0-3/plutoblocks-win-2-0-3/plutoblocks-win-2-0-3/pluto_project/gcc-arm/bin/../lib/gcc/arm-none-eabi/6.3.1/../../../../arm-none-eabi/lib/thumb/v7e-m/fpv4-sp/hard\libm.a(lib_a-s_nan.o)
                0x080113a0                nan
 .text.atanf    0x080113b0      0x1b0 c:/users/lenovo/downloads/plutoblocks-win-2-0-3/plutoblocks-win-2-0-3/plutoblocks-win-2-0-3/pluto_project/gcc-arm/bin/../lib/gcc/arm-none-eabi/6.3.1/../../../../arm-none-eabi/lib/thumb/v7e-m/fpv4-sp/hard\libm.a(lib_a-sf_atan.o)
                0x080113b0                atanf
 .text.fabsf    0x08011560       0x10 c:/users/lenovo/downloads/plutoblocks-win-2-0-3/plutoblocks-win-2-0-3/plutoblocks-win-2-0-3/pluto_project/gcc-arm/bin/../lib/gcc/arm-none-eabi/6.3.1/../../../../arm-none-eabi/lib/thumb/v7e-m/fpv4-sp/hard\libm.a(lib_a-sf_fabs.o)
                0x08011560                fabsf
 .text.floorf   0x08011570       0x90 c:/users/lenovo/downloads/plutoblocks-win-2-0-3/plutoblocks-win-2-0-3/plutoblocks-win-2-0-3/pluto_project/gcc-arm/bin/../lib/gcc/arm-none-eabi/6.3.1/../../../../arm-none-eabi/lib/thumb/v7e-m/fpv4-sp/hard\libm.a(lib_a-sf_floor.o)
                0x08011570                floorf
 .text.scalbnf  0x08011600       0xd0 c:/users/lenovo/downloads/plutoblocks-win-2-0-3/plutoblocks-win-2-0-3/plutoblocks-win-2-0-3/pluto_project/gcc-arm/bin/../lib/gcc/arm-none-eabi/6.3.1/../../../../arm-none-eabi/lib/thumb/v7e-m/fpv4-sp/hard\libm.a(lib_a-sf_scalbn.o)
                0x08011600                scalbnf
 .text.copysignf
                0x080116d0       0x18 c:/users/lenovo/downloads/plutoblocks-win-2-0-3/plutoblocks-win-2-0-3/plutoblocks-win-2-0-3/pluto_project/gcc-arm/bin/../lib/gcc/arm-none-eabi/6.3.1/../../../../arm-none-eabi/lib/thumb/v7e-m/fpv4-sp/hard\libm.a(lib_a-sf_copysign.o)
                0x080116d0                copysignf
 .text.__errno  0x080116e8        0xc c:/users/lenovo/downloads/plutoblocks-win-2-0-3/plutoblocks-win-2-0-3/plutoblocks-win-2-0-3/pluto_project/gcc-arm/bin/../lib/gcc/arm-none-eabi/6.3.1/../../../../arm-none-eabi/lib/thumb/v7e-m/fpv4-sp/hard\libc.a(lib_a-errno.o)
                0x080116e8                __errno
 .text.memset   0x080116f4       0x9c c:/users/lenovo/downloads/plutoblocks-win-2-0-3/plutoblocks-win-2-0-3/plutoblocks-win-2-0-3/pluto_project/gcc-arm/bin/../lib/gcc/arm-none-eabi/6.3.1/../../../../arm-none-eabi/lib/thumb/v7e-m/fpv4-sp/hard\libc.a(lib_a-memset.o)
                0x080116f4                memset
 .text.strchr   0x08011790       0xe8 c:/users/lenovo/downloads/plutoblocks-win-2-0-3/plutoblocks-win-2-0-3/plutoblocks-win-2-0-3/pluto_project/gcc-arm/bin/../lib/gcc/arm-none-eabi/6.3.1/../../../../arm-none-eabi/lib/thumb/v7e-m/fpv4-sp/hard\libc.a(lib_a-strchr.o)
                0x08011790                strchr
 .text.abort    0x08011878       0x10 c:/users/lenovo/downloads/plutoblocks-win-2-0-3/plutoblocks-win-2-0-3/plutoblocks-win-2-0-3/pluto_project/gcc-arm/bin/../lib/gcc/arm-none-eabi/6.3.1/../../../../arm-none-eabi/lib/thumb/v7e-m/fpv4-sp/hard\libg.a(lib_a-abort.o)
                0x08011878                abort
 .text._raise_r
                0x08011888       0x60 c:/users/lenovo/downloads/plutoblocks-win-2-0-3/plutoblocks-win-2-0-3/plutoblocks-win-2-0-3/pluto_project/gcc-arm/bin/../lib/gcc/arm-none-eabi/6.3.1/../../../../arm-none-eabi/lib/thumb/v7e-m/fpv4-sp/hard\libg.a(lib_a-signal.o)
                0x08011888                _raise_r
 .text.raise    0x080118e8       0x10 c:/users/lenovo/downloads/plutoblocks-win-2-0-3/plutoblocks-win-2-0-3/plutoblocks-win-2-0-3/pluto_project/gcc-arm/bin/../lib/gcc/arm-none-eabi/6.3.1/../../../../arm-none-eabi/lib/thumb/v7e-m/fpv4-sp/hard\libg.a(lib_a-signal.o)
                0x080118e8                raise
 .text._kill_r  0x080118f8       0x28 c:/users/lenovo/downloads/plutoblocks-win-2-0-3/plutoblocks-win-2-0-3/plutoblocks-win-2-0-3/pluto_project/gcc-arm/bin/../lib/gcc/arm-none-eabi/6.3.1/../../../../arm-none-eabi/lib/thumb/v7e-m/fpv4-sp/hard\libg.a(lib_a-signalr.o)
                0x080118f8                _kill_r
 .text._getpid_r
                0x08011920        0x4 c:/users/lenovo/downloads/plutoblocks-win-2-0-3/plutoblocks-win-2-0-3/plutoblocks-win-2-0-3/pluto_project/gcc-arm/bin/../lib/gcc/arm-none-eabi/6.3.1/../../../../arm-none-eabi/lib/thumb/v7e-m/fpv4-sp/hard\libg.a(lib_a-signalr.o)
                0x08011920                _getpid_r
 .text._getpid  0x08011924       0x10 c:/users/lenovo/downloads/plutoblocks-win-2-0-3/plutoblocks-win-2-0-3/plutoblocks-win-2-0-3/pluto_project/gcc-arm/bin/../lib/gcc/arm-none-eabi/6.3.1/../../../../arm-none-eabi/lib/thumb/v7e-m/fpv4-sp/hard\libnosys.a(getpid.o)
                0x08011924                _getpid
 .text._kill    0x08011934       0x10 c:/users/lenovo/downloads/plutoblocks-win-2-0-3/plutoblocks-win-2-0-3/plutoblocks-win-2-0-3/pluto_project/gcc-arm/bin/../lib/gcc/arm-none-eabi/6.3.1/../../../../arm-none-eabi/lib/thumb/v7e-m/fpv4-sp/hard\libnosys.a(kill.o)
                0x08011934                _kill
 .text._exit    0x08011944        0x4 c:/users/lenovo/downloads/plutoblocks-win-2-0-3/plutoblocks-win-2-0-3/plutoblocks-win-2-0-3/pluto_project/gcc-arm/bin/../lib/gcc/arm-none-eabi/6.3.1/../../../../arm-none-eabi/lib/thumb/v7e-m/fpv4-sp/hard\libnosys.a(_exit.o)
                0x08011944                _exit
 *(.rodata)
 .rodata        0x08011948      0x10e C:\Users\Lenovo\AppData\Local\Temp\cc7nW6Fb.ltrans0.ltrans.o
 .rodata        0x08011a56       0x3c C:\Users\Lenovo\AppData\Local\Temp\cc7nW6Fb.ltrans3.ltrans.o
 .rodata        0x08011a92       0x30 C:\Users\Lenovo\AppData\Local\Temp\cc7nW6Fb.ltrans4.ltrans.o
 *fill*         0x08011ac2        0x2 
 .rodata        0x08011ac4       0x14 C:\Users\Lenovo\AppData\Local\Temp\cc7nW6Fb.ltrans5.ltrans.o
                0x08011ac4                refArrayQuadrants
                0x08011ad4                serialPortIdentifiers
 .rodata        0x08011ad8      0x120 C:\Users\Lenovo\AppData\Local\Temp\cc7nW6Fb.ltrans7.ltrans.o
                0x08011bf4                magneticDeclination
 .rodata        0x08011bf8      0x150 C:\Users\Lenovo\AppData\Local\Temp\cc7nW6Fb.ltrans8.ltrans.o
                0x08011bf8                _ZL5boxes.lto_priv.193
 .rodata        0x08011d48       0x20 C:\Users\Lenovo\AppData\Local\Temp\cc7nW6Fb.ltrans13.ltrans.o
                0x08011d64                SystemCoreClock
 .rodata        0x08011d68       0x15 C:\Users\Lenovo\AppData\Local\Temp\cc7nW6Fb.ltrans15.ltrans.o
 *(.rodata*)
 .rodata.str1.1
                0x08011d7d       0x23 C:\Users\Lenovo\AppData\Local\Temp\cc7nW6Fb.ltrans4.ltrans.o
 .rodata.str1.1
                0x08011da0       0xa1 C:\Users\Lenovo\AppData\Local\Temp\cc7nW6Fb.ltrans7.ltrans.o
                                 0xa8 (size before relaxing)
 .rodata.str1.1
                0x08011e41       0xe2 C:\Users\Lenovo\AppData\Local\Temp\cc7nW6Fb.ltrans8.ltrans.o
 .rodata.str1.1
                0x08011f23        0x9 C:\Users\Lenovo\AppData\Local\Temp\cc7nW6Fb.ltrans15.ltrans.o
 .rodata.TWO23  0x08011f2c        0x8 c:/users/lenovo/downloads/plutoblocks-win-2-0-3/plutoblocks-win-2-0-3/plutoblocks-win-2-0-3/pluto_project/gcc-arm/bin/../lib/gcc/arm-none-eabi/6.3.1/../../../../arm-none-eabi/lib/thumb/v7e-m/fpv4-sp/hard\libm.a(lib_a-sf_lrint.o)
 .rodata.acosf.str1.4
                0x08011f34        0x6 c:/users/lenovo/downloads/plutoblocks-win-2-0-3/plutoblocks-win-2-0-3/plutoblocks-win-2-0-3/pluto_project/gcc-arm/bin/../lib/gcc/arm-none-eabi/6.3.1/../../../../arm-none-eabi/lib/thumb/v7e-m/fpv4-sp/hard\libm.a(lib_a-wf_acos.o)
                                  0x9 (size before relaxing)
 *fill*         0x08011f3a        0x2 
 .rodata.asinf.str1.4
                0x08011f3c        0x6 c:/users/lenovo/downloads/plutoblocks-win-2-0-3/plutoblocks-win-2-0-3/plutoblocks-win-2-0-3/pluto_project/gcc-arm/bin/../lib/gcc/arm-none-eabi/6.3.1/../../../../arm-none-eabi/lib/thumb/v7e-m/fpv4-sp/hard\libm.a(lib_a-wf_asin.o)
                                  0x9 (size before relaxing)
 *fill*         0x08011f42        0x2 
 .rodata.logf.str1.4
                0x08011f44        0x5 c:/users/lenovo/downloads/plutoblocks-win-2-0-3/plutoblocks-win-2-0-3/plutoblocks-win-2-0-3/pluto_project/gcc-arm/bin/../lib/gcc/arm-none-eabi/6.3.1/../../../../arm-none-eabi/lib/thumb/v7e-m/fpv4-sp/hard\libm.a(lib_a-wf_log.o)
                                  0x9 (size before relaxing)
 *fill*         0x08011f49        0x3 
 .rodata.sqrtf.str1.4
                0x08011f4c        0x8 c:/users/lenovo/downloads/plutoblocks-win-2-0-3/plutoblocks-win-2-0-3/plutoblocks-win-2-0-3/pluto_project/gcc-arm/bin/../lib/gcc/arm-none-eabi/6.3.1/../../../../arm-none-eabi/lib/thumb/v7e-m/fpv4-sp/hard\libm.a(lib_a-wf_sqrt.o)
                                  0x6 (size before relaxing)
 .rodata.npio2_hw
                0x08011f54       0x80 c:/users/lenovo/downloads/plutoblocks-win-2-0-3/plutoblocks-win-2-0-3/plutoblocks-win-2-0-3/pluto_project/gcc-arm/bin/../lib/gcc/arm-none-eabi/6.3.1/../../../../arm-none-eabi/lib/thumb/v7e-m/fpv4-sp/hard\libm.a(lib_a-ef_rem_pio2.o)
 .rodata.two_over_pi
                0x08011fd4      0x318 c:/users/lenovo/downloads/plutoblocks-win-2-0-3/plutoblocks-win-2-0-3/plutoblocks-win-2-0-3/pluto_project/gcc-arm/bin/../lib/gcc/arm-none-eabi/6.3.1/../../../../arm-none-eabi/lib/thumb/v7e-m/fpv4-sp/hard\libm.a(lib_a-ef_rem_pio2.o)
 .rodata.PIo2   0x080122ec       0x2c c:/users/lenovo/downloads/plutoblocks-win-2-0-3/plutoblocks-win-2-0-3/plutoblocks-win-2-0-3/pluto_project/gcc-arm/bin/../lib/gcc/arm-none-eabi/6.3.1/../../../../arm-none-eabi/lib/thumb/v7e-m/fpv4-sp/hard\libm.a(lib_a-kf_rem_pio2.o)
 .rodata.init_jk
                0x08012318        0xc c:/users/lenovo/downloads/plutoblocks-win-2-0-3/plutoblocks-win-2-0-3/plutoblocks-win-2-0-3/pluto_project/gcc-arm/bin/../lib/gcc/arm-none-eabi/6.3.1/../../../../arm-none-eabi/lib/thumb/v7e-m/fpv4-sp/hard\libm.a(lib_a-kf_rem_pio2.o)
 .rodata.atanhi
                0x08012324       0x10 c:/users/lenovo/downloads/plutoblocks-win-2-0-3/plutoblocks-win-2-0-3/plutoblocks-win-2-0-3/pluto_project/gcc-arm/bin/../lib/gcc/arm-none-eabi/6.3.1/../../../../arm-none-eabi/lib/thumb/v7e-m/fpv4-sp/hard\libm.a(lib_a-sf_atan.o)
 .rodata.atanlo
                0x08012334       0x10 c:/users/lenovo/downloads/plutoblocks-win-2-0-3/plutoblocks-win-2-0-3/plutoblocks-win-2-0-3/pluto_project/gcc-arm/bin/../lib/gcc/arm-none-eabi/6.3.1/../../../../arm-none-eabi/lib/thumb/v7e-m/fpv4-sp/hard\libm.a(lib_a-sf_atan.o)
 *(.glue_7)
 .glue_7        0x08012344        0x0 linker stubs
 *(.glue_7t)
 .glue_7t       0x08012344        0x0 linker stubs
 *(.eh_frame)
 *(.init)
 *(.fini)
                0x08012344                . = ALIGN (0x4)
                0x08012344                _etext = .

.vfp11_veneer   0x08012344        0x0
 .vfp11_veneer  0x08012344        0x0 linker stubs

.v4_bx          0x08012344        0x0
 .v4_bx         0x08012344        0x0 linker stubs

.iplt           0x08012344        0x0
 .iplt          0x08012344        0x0 ./libs\libpluto_0.3.a(startup_stm32f30x_md_gcc.o)

.ARM.extab      0x08012344       0x90
 *(.ARM.extab* .gnu.linkonce.armextab.*)
 .ARM.extab.text.startup
                0x08012344        0xc C:\Users\Lenovo\AppData\Local\Temp\cc7nW6Fb.ltrans1.ltrans.o
 .ARM.extab     0x08012350        0xc C:\Users\Lenovo\AppData\Local\Temp\cc7nW6Fb.ltrans4.ltrans.o
 .ARM.extab     0x0801235c        0xc C:\Users\Lenovo\AppData\Local\Temp\cc7nW6Fb.ltrans7.ltrans.o
 .ARM.extab     0x08012368        0xc C:\Users\Lenovo\AppData\Local\Temp\cc7nW6Fb.ltrans8.ltrans.o
 .ARM.extab     0x08012374       0x18 C:\Users\Lenovo\AppData\Local\Temp\cc7nW6Fb.ltrans9.ltrans.o
 .ARM.extab     0x0801238c       0x24 C:\Users\Lenovo\AppData\Local\Temp\cc7nW6Fb.ltrans10.ltrans.o
 .ARM.extab     0x080123b0        0xc C:\Users\Lenovo\AppData\Local\Temp\cc7nW6Fb.ltrans12.ltrans.o
 .ARM.extab     0x080123bc       0x18 c:/users/lenovo/downloads/plutoblocks-win-2-0-3/plutoblocks-win-2-0-3/plutoblocks-win-2-0-3/pluto_project/gcc-arm/bin/../lib/gcc/arm-none-eabi/6.3.1/thumb/v7e-m/fpv4-sp/hard\libgcc.a(pr-support.o)

.ARM            0x080123d4      0x1e8
                0x080123d4                __exidx_start = .
 *(.ARM.exidx*)
 .ARM.exidx     0x080123d4        0x8 C:\Users\Lenovo\AppData\Local\Temp\cc7nW6Fb.ltrans0.ltrans.o
 .ARM.exidx.text.startup
                0x080125ac        0x8 C:\Users\Lenovo\AppData\Local\Temp\cc7nW6Fb.ltrans1.ltrans.o
 .ARM.exidx     0x080123dc        0x8 C:\Users\Lenovo\AppData\Local\Temp\cc7nW6Fb.ltrans3.ltrans.o
 .ARM.exidx     0x080123e4       0x20 C:\Users\Lenovo\AppData\Local\Temp\cc7nW6Fb.ltrans4.ltrans.o
 .ARM.exidx     0x08012404       0x10 C:\Users\Lenovo\AppData\Local\Temp\cc7nW6Fb.ltrans5.ltrans.o
                                 0x40 (size before relaxing)
 .ARM.exidx     0x08012414        0x0 C:\Users\Lenovo\AppData\Local\Temp\cc7nW6Fb.ltrans6.ltrans.o
                                  0x8 (size before relaxing)
 .ARM.exidx     0x08012414       0x28 C:\Users\Lenovo\AppData\Local\Temp\cc7nW6Fb.ltrans7.ltrans.o
                                 0x90 (size before relaxing)
 .ARM.exidx.text.startup
                0x080125b4        0x8 C:\Users\Lenovo\AppData\Local\Temp\cc7nW6Fb.ltrans7.ltrans.o
 .ARM.exidx     0x0801243c       0x10 C:\Users\Lenovo\AppData\Local\Temp\cc7nW6Fb.ltrans8.ltrans.o
                                 0x50 (size before relaxing)
 .ARM.exidx     0x0801244c       0x20 C:\Users\Lenovo\AppData\Local\Temp\cc7nW6Fb.ltrans9.ltrans.o
                                 0x40 (size before relaxing)
 .ARM.exidx     0x0801246c       0x30 C:\Users\Lenovo\AppData\Local\Temp\cc7nW6Fb.ltrans10.ltrans.o
                                 0x38 (size before relaxing)
 .ARM.exidx     0x0801249c        0x0 C:\Users\Lenovo\AppData\Local\Temp\cc7nW6Fb.ltrans11.ltrans.o
                                 0x38 (size before relaxing)
 .ARM.exidx     0x0801249c       0x10 C:\Users\Lenovo\AppData\Local\Temp\cc7nW6Fb.ltrans12.ltrans.o
                                 0x18 (size before relaxing)
 .ARM.exidx     0x080124ac       0x10 C:\Users\Lenovo\AppData\Local\Temp\cc7nW6Fb.ltrans13.ltrans.o
                                 0x20 (size before relaxing)
 .ARM.exidx     0x080124bc       0x28 C:\Users\Lenovo\AppData\Local\Temp\cc7nW6Fb.ltrans14.ltrans.o
                                 0x40 (size before relaxing)
 .ARM.exidx     0x080124e4       0x18 C:\Users\Lenovo\AppData\Local\Temp\cc7nW6Fb.ltrans15.ltrans.o
                                 0xa0 (size before relaxing)
 .ARM.exidx     0x080124fc        0x0 C:\Users\Lenovo\AppData\Local\Temp\cc7nW6Fb.ltrans17.ltrans.o
                                 0x70 (size before relaxing)
 .ARM.exidx     0x080124fc        0x0 C:\Users\Lenovo\AppData\Local\Temp\cc7nW6Fb.ltrans18.ltrans.o
                                 0x18 (size before relaxing)
 .ARM.exidx     0x080124fc        0x0 c:/users/lenovo/downloads/plutoblocks-win-2-0-3/plutoblocks-win-2-0-3/plutoblocks-win-2-0-3/pluto_project/gcc-arm/bin/../lib/gcc/arm-none-eabi/6.3.1/thumb/v7e-m/fpv4-sp/hard\libgcc.a(_udivmoddi4.o)
                                  0x8 (size before relaxing)
 .ARM.exidx     0x080124fc       0x78 c:/users/lenovo/downloads/plutoblocks-win-2-0-3/plutoblocks-win-2-0-3/plutoblocks-win-2-0-3/pluto_project/gcc-arm/bin/../lib/gcc/arm-none-eabi/6.3.1/thumb/v7e-m/fpv4-sp/hard\libgcc.a(unwind-arm.o)
                                 0xd8 (size before relaxing)
 .ARM.exidx     0x08012574       0x38 c:/users/lenovo/downloads/plutoblocks-win-2-0-3/plutoblocks-win-2-0-3/plutoblocks-win-2-0-3/pluto_project/gcc-arm/bin/../lib/gcc/arm-none-eabi/6.3.1/thumb/v7e-m/fpv4-sp/hard\libgcc.a(pr-support.o)
                                 0x48 (size before relaxing)
                0x080125bc                __exidx_end = .

.rel.dyn        0x080125bc        0x0
 .rel.iplt      0x080125bc        0x0 ./libs\libpluto_0.3.a(startup_stm32f30x_md_gcc.o)

.preinit_array  0x080125bc        0x0
                [!provide]                PROVIDE (__preinit_array_start, .)
 *(.preinit_array*)
                [!provide]                PROVIDE (__preinit_array_end, .)

.init_array     0x080125bc        0x4
                [!provide]                PROVIDE (__init_array_start, .)
 *(SORT(.init_array.*))
 *(.init_array*)
 .init_array    0x080125bc        0x4 C:\Users\Lenovo\AppData\Local\Temp\cc7nW6Fb.ltrans7.ltrans.o
                [!provide]                PROVIDE (__init_array_end, .)

.fini_array     0x080125c0        0x0
                [!provide]                PROVIDE (__fini_array_start, .)
 *(.fini_array*)
 *(SORT(.fini_array.*))
                [!provide]                PROVIDE (__fini_array_end, .)
                0x080125c0                _sidata = .

.data           0x20000000      0x4d8 load address 0x080125c0
                0x20000000                . = ALIGN (0x4)
                0x20000000                _sdata = .
 *(.data)
 .data          0x20000000       0x11 C:\Users\Lenovo\AppData\Local\Temp\cc7nW6Fb.ltrans1.ltrans.o
                0x2000000c                userLoopFrequency
 .data          0x20000011        0x2 C:\Users\Lenovo\AppData\Local\Temp\cc7nW6Fb.ltrans3.ltrans.o
                0x20000011                _ZL18rxIsInFailsafeMode.lto_priv.249
                0x20000012                _ZL31rxIsInFailsafeModeNotDataDriven.lto_priv.251
 *fill*         0x20000013        0x1 
 .data          0x20000014        0x5 C:\Users\Lenovo\AppData\Local\Temp\cc7nW6Fb.ltrans5.ltrans.o
                0x20000014                _ZL13rcReadRawFunc.lto_priv.226
                0x20000018                _ZL18isUsingSticksToArm.lto_priv.222
 *fill*         0x20000019        0x3 
 .data          0x2000001c       0x2c C:\Users\Lenovo\AppData\Local\Temp\cc7nW6Fb.ltrans7.ltrans.o
                0x2000001c                dcm_matrix
 .data          0x20000048        0x4 C:\Users\Lenovo\AppData\Local\Temp\cc7nW6Fb.ltrans8.ltrans.o
                0x20000048                command_status
                0x2000004a                max_altitude
 .data          0x2000004c        0x9 C:\Users\Lenovo\AppData\Local\Temp\cc7nW6Fb.ltrans9.ltrans.o
                0x20000054                velocityControl
 *fill*         0x20000055        0x3 
 .data          0x20000058        0x8 C:\Users\Lenovo\AppData\Local\Temp\cc7nW6Fb.ltrans10.ltrans.o
                0x20000058                headFreeModeHold
                0x2000005c                pid_controller
 .data          0x20000060        0xc C:\Users\Lenovo\AppData\Local\Temp\cc7nW6Fb.ltrans11.ltrans.o
 .data          0x2000006c       0x33 C:\Users\Lenovo\AppData\Local\Temp\cc7nW6Fb.ltrans12.ltrans.o
                0x2000009e                _ZL22standardBoardAlignment.lto_priv.315
 *fill*         0x2000009f        0x1 
 .data          0x200000a0        0x2 C:\Users\Lenovo\AppData\Local\Temp\cc7nW6Fb.ltrans14.ltrans.o
                0x200000a0                acc_1G
 .data          0x200000a2        0x6 C:\Users\Lenovo\AppData\Local\Temp\cc7nW6Fb.ltrans18.ltrans.o
                0x200000a2                setLandTimer
                0x200000a4                takeOffHeight
                0x200000a6                landThrottle
 *(.data*)
 .data.__fdlib_version
                0x200000a8        0x1 c:/users/lenovo/downloads/plutoblocks-win-2-0-3/plutoblocks-win-2-0-3/plutoblocks-win-2-0-3/pluto_project/gcc-arm/bin/../lib/gcc/arm-none-eabi/6.3.1/../../../../arm-none-eabi/lib/thumb/v7e-m/fpv4-sp/hard\libm.a(lib_a-s_lib_ver.o)
                0x200000a8                __fdlib_version
 *fill*         0x200000a9        0x3 
 .data._impure_ptr
                0x200000ac        0x4 c:/users/lenovo/downloads/plutoblocks-win-2-0-3/plutoblocks-win-2-0-3/plutoblocks-win-2-0-3/pluto_project/gcc-arm/bin/../lib/gcc/arm-none-eabi/6.3.1/../../../../arm-none-eabi/lib/thumb/v7e-m/fpv4-sp/hard\libc.a(lib_a-impure.o)
                0x200000ac                _impure_ptr
 .data.impure_data
                0x200000b0      0x428 c:/users/lenovo/downloads/plutoblocks-win-2-0-3/plutoblocks-win-2-0-3/plutoblocks-win-2-0-3/pluto_project/gcc-arm/bin/../lib/gcc/arm-none-eabi/6.3.1/../../../../arm-none-eabi/lib/thumb/v7e-m/fpv4-sp/hard\libc.a(lib_a-impure.o)
                0x200004d8                . = ALIGN (0x4)
                0x200004d8                _edata = .

.igot.plt       0x200004d8        0x0 load address 0x08012a98
 .igot.plt      0x200004d8        0x0 ./libs\libpluto_0.3.a(startup_stm32f30x_md_gcc.o)
                0x200004d8                . = ALIGN (0x4)

.bss            0x200004d8     0x1a4c load address 0x08012a98
                0x200004d8                _sbss = .
                0x200004d8                __bss_start__ = _sbss
 *(.bss)
 .bss           0x200004d8      0x140 C:\Users\Lenovo\AppData\Local\Temp\cc7nW6Fb.ltrans0.ltrans.o
 .bss           0x20000618      0x2ce C:\Users\Lenovo\AppData\Local\Temp\cc7nW6Fb.ltrans1.ltrans.o
                0x20000638                gyroAlign
                0x2000068c                acc
                0x20000698                accAlign
                0x200006f0                smallAngle
                0x200006f4                previousTime
                0x20000708                _ZL12batteryState.lto_priv.282
                0x2000070a                batteryWarningVoltage
                0x2000070c                batteryCriticalVoltage
                0x20000724                _ZL8mspPorts.lto_priv.304
                0x200007be                _ZL13rxRefreshRate.lto_priv.284
                0x20000804                _ZL12currentMixer.lto_priv.275
                0x200008c4                motorControlEnable
                0x200008e4                GPIO
                0x200008e5                batteryCellCount
 *fill*         0x200008e6        0x2 
 .bss           0x200008e8      0x110 C:\Users\Lenovo\AppData\Local\Temp\cc7nW6Fb.ltrans3.ltrans.o
                0x200008e8                _ZL10rxUpdateAt.lto_priv.248
                0x20000910                _ZL16rxSignalReceived.lto_priv.232
                0x20000911                _ZL29rxSignalReceivedNotDataDriven.lto_priv.250
                0x20000913                _ZL13rcSampleIndex.lto_priv.283
                0x20000990                _ZL8rxConfig.lto_priv.301
                0x20000994                _ZL8disarmAt.lto_priv.228
                0x2000099b                isThrottleStickArmed
                0x2000099c                netAccMagnitude
                0x200009a0                calibratingG
                0x200009a2                AccInflightCalibrationMeasurementDone
                0x200009a3                AccInflightCalibrationSavetoEEProm
                0x200009a6                InflightcalibratingA
                0x200009a8                AccInflightCalibrationActive
                0x200009aa                isHeadSet
                0x200009ac                rcInvalidPulsPeriod
                0x200009f4                calibratingB
                0x200009f6                isChukedArmed
                0x200009f7                isTookOff
 .bss           0x200009f8       0x98 C:\Users\Lenovo\AppData\Local\Temp\cc7nW6Fb.ltrans4.ltrans.o
                0x200009f8                _ZL14enabledSensors.lto_priv.218
                0x200009fc                _ZL16activeBoxIdCount.lto_priv.303
                0x200009fd                _ZL12activeBoxIds.lto_priv.302
                0x20000a1a                accSmooth
                0x20000a20                gyroADC
                0x20000a26                motor
                0x20000a3e                inclination_generalised
                0x20000a44                heading
                0x20000a48                _ZL6EstAlt.lto_priv.216
                0x20000a4c                vario
                0x20000a50                mAhDrawn
                0x20000a54                rssi
                0x20000a58                amperage
                0x20000a5c                _ZL15serialPortCount.lto_priv.317
                0x20000a60                _ZL19serialPortUsageList.lto_priv.201
 .bss           0x20000a90      0x616 C:\Users\Lenovo\AppData\Local\Temp\cc7nW6Fb.ltrans5.ltrans.o
                0x20000a94                rxRuntimeConfigPtr.lto_priv.269
                0x20000a98                rxRuntimeConfig
                0x20000a9c                masterConfig
                0x20000fec                spek_chan_shift.lto_priv.268
                0x20000fed                spek_chan_mask.lto_priv.270
                0x20000fee                spekHiRes.lto_priv.184
                0x20000ff0                _ZL17escAndServoConfig.lto_priv.219
                0x20000ff4                _ZL10pidProfile.lto_priv.220
                0x20000ff8                _ZL19activeFeaturesLatch.lto_priv.186
                0x20000ffc                rcData
                0x20001020                _ZL5uart2.lto_priv.241
                0x20001024                omega_I
                0x20001030                omega_P
                0x2000103c                omega_yaw_P
                0x20001048                omega
                0x20001054                anglerad
                0x20001060                currentTime
                0x20001068                compassLastUpdatedAt
                0x2000106c                magADC
                0x20001074                mag
                0x2000107c                magAlign
                0x2000107d                stateFlags
                0x20001084                have_initial_yaw
                0x20001098                _ZL7magInit.lto_priv.305
                0x2000109c                _ZL5uart3.lto_priv.242
                0x200010a0                UART
                0x200010a1                spi
 *fill*         0x200010a6        0x2 
 .bss           0x200010a8       0xb9 C:\Users\Lenovo\AppData\Local\Temp\cc7nW6Fb.ltrans7.ltrans.o
                0x200010a8                extiHandlerConfigs.lto_priv.318
                0x200010b0                _ZL13mspSerialPort.lto_priv.234
                0x200010b6                lookupThrottleRC
                0x200010ce                lookupPitchRollRC
                0x200010dc                _ZL10beeperIsOn.lto_priv.239
                0x200010e0                _ZL20beeperNextToggleTime.lto_priv.238
                0x200010e4                _ZL9beeperPos.lto_priv.240
                0x200010e8                _ZL18currentBeeperEntry.lto_priv.237
                0x20001104                usTicks.lto_priv.319
                0x20001108                cycleTime
                0x2000110a                motorCount
                0x2000112e                accADC
                0x20001134                ra_deltaT
                0x20001154                ra_sum
                0x20001160                _ZL15warningLedState.lto_priv.236
 *fill*         0x20001161        0x7 
 .bss           0x20001168      0x289 C:\Users\Lenovo\AppData\Local\Temp\cc7nW6Fb.ltrans8.ltrans.o
                0x200011a1                _ZL16xBusChannelCount.lto_priv.294
                0x200011a2                _ZL17xBusFrameReceived.lto_priv.254
                0x200011a4                spekChannelData.lto_priv.271
                0x200011d4                sumhChannels.lto_priv.257
                0x200011f4                sumdChannels.lto_priv.262
                0x20001214                sbusChannelData.lto_priv.265
                0x20001284                _ZL17xBusFramePosition.lto_priv.292
                0x20001285                _ZL16xBusDataIncoming.lto_priv.291
                0x20001286                _ZL15xBusFrameLength.lto_priv.293
                0x20001287                _ZL12xBusProvider.lto_priv.295
                0x2000128d                spekFrame.lto_priv.267
                0x2000129d                rcFrameComplete.lto_priv.266
                0x200012a5                sumhFrame.lto_priv.256
                0x200012ba                sumhFrameDone.lto_priv.255
                0x200012c1                sumdFrameDone.lto_priv.258
                0x200012c2                crc.lto_priv.259
                0x200012c4                sumdChannelCount.lto_priv.260
                0x200012c5                sumd.lto_priv.261
                0x200012f1                sbusFrame.lto_priv.264
                0x2000130a                sbusFrameDone.lto_priv.263
                0x2000130c                batteryConfig
                0x20001310                adcConfig
                0x20001320                adcValues
                0x20001328                vbatLatestADC
                0x200013b8                vbat
                0x200013bc                _ZL20suspendRxSignalUntil.lto_priv.225
                0x200013c0                _ZL13skipRxSamples.lto_priv.224
                0x200013c4                _ZL11currentPort.lto_priv.197
                0x200013c8                armingFlags
                0x200013ca                magHold
                0x200013cc                rxMspFrameDone.lto_priv.253
                0x200013ce                motor_disarmed
                0x200013e6                isLanding
                0x200013e7                current_command
                0x200013e8                calibratingA
                0x200013ec                _ZL12serialConfig.lto_priv.202
                0x200013f0                _ZL17isRebootScheduled.lto_priv.235
 *fill*         0x200013f1        0x3 
 .bss           0x200013f4      0x104 C:\Users\Lenovo\AppData\Local\Temp\cc7nW6Fb.ltrans9.ltrans.o
                0x2000144c                gyro
                0x20001470                _ZL19initialThrottleHold.lto_priv.231
                0x20001474                errorVelocityI
                0x20001478                altHoldThrottleAdjustment
                0x20001480                baroGroundTemperature
                0x20001484                baroGroundPressure
                0x200014ec                AltHold
                0x200014f0                setVelocity
 .bss           0x200014f8       0xc0 C:\Users\Lenovo\AppData\Local\Temp\cc7nW6Fb.ltrans10.ltrans.o
                0x20001518                rcCommand
                0x20001520                PIDweight
                0x20001524                _ZL10PTermState.lto_priv.212
                0x20001530                _ZL10errorGyroI.lto_priv.210
                0x20001542                axisPID
                0x20001548                _ZL11errorAngleI.lto_priv.211
                0x20001550                dynP8
                0x20001568                _ZL10DTermState.lto_priv.213
                0x20001574                dynD8
                0x20001588                _ZL11errorGyroIf.lto_priv.214
                0x20001594                _ZL12errorAngleIf.lto_priv.215
                0x200015a4                accZoffsetCalCycle
 .bss           0x200015b8      0x158 C:\Users\Lenovo\AppData\Local\Temp\cc7nW6Fb.ltrans11.ltrans.o
                0x200015b8                ppmDev
                0x20001600                _ZL8captures.lto_priv.185
                0x20001618                _ZL13ppmFrameCount.lto_priv.252
                0x2000161c                _ZL6motors.lto_priv.203
 .bss           0x20001710      0x110 C:\Users\Lenovo\AppData\Local\Temp\cc7nW6Fb.ltrans12.ltrans.o
                0x20001714                new_position
                0x20001738                accSum
                0x20001744                accSumXYZ
                0x20001750                accSumCountXYZ
                0x20001754                accTimeSum
                0x200017a0                accVelScale
                0x200017a4                k3
                0x200017a8                k2
                0x200017ac                k1
                0x200017cc                flipState
                0x200017d0                flipStartTime
                0x200017d4                rcModeActivationMask
                0x200017d8                VelocityZ
                0x200017dc                flipDirection
                0x200017e0                stateon
                0x200017e4                inclination
                0x200017f0                _ZL13boardRotation.lto_priv.316
                0x20001814                posZ
                0x20001816                posY
                0x20001818                posX
                0x2000181c                accSumCount
 .bss           0x20001820      0x4a8 C:\Users\Lenovo\AppData\Local\Temp\cc7nW6Fb.ltrans13.ltrans.o
 .bss           0x20001cc8       0x20 C:\Users\Lenovo\AppData\Local\Temp\cc7nW6Fb.ltrans14.ltrans.o
                0x20001cc8                i2c1ErrorCount.lto_priv.195
                0x20001cca                i2c2ErrorCount.lto_priv.196
                0x20001ccc                mpuConfiguration
                0x20001cdc                _ZL16mpuIntExtiConfig.lto_priv.312
                0x20001ce4                I2Cx.lto_priv.194
 .bss           0x20001ce8      0x230 C:\Users\Lenovo\AppData\Local\Temp\cc7nW6Fb.ltrans15.ltrans.o
                0x20001ce8                _ZL8ms5611_c.lto_priv.306
                0x20001cf8                currentControlRateProfile
                0x20001cfc                lookupYawRC
                0x20001d0c                currentProfile
                0x20001d10                _ZL30currentControlRateProfileIndex.lto_priv.221
                0x20001d14                _ZL8rxConfig.lto_priv.180
                0x20001d18                adjustmentStates
                0x20001d48                _ZL10gyroConfig.lto_priv.244
                0x20001d4c                _ZL14failsafeConfig.lto_priv.223
                0x20001d50                _ZL13failsafeState.lto_priv.187
                0x20001d74                crashTimer
                0x20001d80                _ZL17accelerationTrims.lto_priv.243
                0x20001d84                _ZL14flight3DConfig.lto_priv.230
                0x20001d88                _ZL17escAndServoConfig.lto_priv.178
                0x20001d8c                _ZL11mixerConfig.lto_priv.229
                0x20001d90                _ZL8rxConfig.lto_priv.179
                0x20001da4                _ZL16imuRuntimeConfig.lto_priv.205
                0x20001da8                _ZL11accDeadband.lto_priv.206
                0x20001dac                throttleAngleScale
                0x20001db0                _ZL10pidProfile.lto_priv.171
                0x20001db4                _ZL16rcControlsConfig.lto_priv.175
                0x20001db8                _ZL17escAndServoConfig.lto_priv.177
                0x20001dbc                _ZL8_updated.lto_priv.245
                0x20001dc0                temperatureSum
                0x20001dc4                temperatureCount
                0x20001dc8                _ZL11pressureSum.lto_priv.246
                0x20001dcc                _ZL13pressureCount.lto_priv.247
                0x20001dd0                baroTemperature
                0x20001dd4                baroPressure
                0x20001dd8                baro
                0x20001df0                sysTickUptime.lto_priv.183
                0x20001df4                _ZL12_last_update.lto_priv.217
                0x20001e00                timerConfig
 .bss           0x20001f18        0x4 C:\Users\Lenovo\AppData\Local\Temp\cc7nW6Fb.ltrans17.ltrans.o
                0x20001f18                flightIndicatorFlag
                0x20001f1a                flightModeFlags
 .bss           0x20001f1c        0x3 C:\Users\Lenovo\AppData\Local\Temp\cc7nW6Fb.ltrans18.ltrans.o
                0x20001f1c                isCalibrated
                0x20001f1d                _ZL12isBatteryLow.lto_priv.233
                0x20001f1e                isTakeOffHeightSet
 *(SORT(.bss*))
 *(COMMON)
 *fill*         0x20001f1f        0x1 
 COMMON         0x20001f20        0x4 c:/users/lenovo/downloads/plutoblocks-win-2-0-3/plutoblocks-win-2-0-3/plutoblocks-win-2-0-3/pluto_project/gcc-arm/bin/../lib/gcc/arm-none-eabi/6.3.1/../../../../arm-none-eabi/lib/thumb/v7e-m/fpv4-sp/hard\libg.a(lib_a-reent.o)
                0x20001f20                errno
                0x20001f24                . = ALIGN (0x4)
                0x20001f24                _ebss = .
                0x20001f24                __bss_end__ = _ebss

._user_heap_stack
                0x20001f24      0x400 load address 0x08012a98
                0x20001f24                . = ALIGN (0x4)
                0x20001f24                PROVIDE (end, .)
                [!provide]                PROVIDE (_end, .)
                0x20001f24                . = (. + _Min_Heap_Size)
                0x20002324                . = (. + _Min_Stack_Size)
 *fill*         0x20001f24      0x400 
                0x20002324                . = ALIGN (0x4)

.memory_b1_text
 *(.mb1text)
 *(.mb1text*)
 *(.mb1rodata)
 *(.mb1rodata*)

/DISCARD/
 libc.a(*)
 libm.a(*)
 libgcc.a(*)

.ARM.attributes
                0x00000000       0x37
 *(.ARM.attributes)
 .ARM.attributes
                0x00000000       0x37 C:\Users\Lenovo\AppData\Local\Temp\cc7nW6Fb.ltrans0.ltrans.o
 .ARM.attributes
                0x00000037       0x37 C:\Users\Lenovo\AppData\Local\Temp\cc7nW6Fb.ltrans1.ltrans.o
 .ARM.attributes
                0x0000006e       0x37 C:\Users\Lenovo\AppData\Local\Temp\cc7nW6Fb.ltrans3.ltrans.o
 .ARM.attributes
                0x000000a5       0x37 C:\Users\Lenovo\AppData\Local\Temp\cc7nW6Fb.ltrans4.ltrans.o
 .ARM.attributes
                0x000000dc       0x37 C:\Users\Lenovo\AppData\Local\Temp\cc7nW6Fb.ltrans5.ltrans.o
 .ARM.attributes
                0x00000113       0x37 C:\Users\Lenovo\AppData\Local\Temp\cc7nW6Fb.ltrans6.ltrans.o
 .ARM.attributes
                0x0000014a       0x37 C:\Users\Lenovo\AppData\Local\Temp\cc7nW6Fb.ltrans7.ltrans.o
 .ARM.attributes
                0x00000181       0x37 C:\Users\Lenovo\AppData\Local\Temp\cc7nW6Fb.ltrans8.ltrans.o
 .ARM.attributes
                0x000001b8       0x37 C:\Users\Lenovo\AppData\Local\Temp\cc7nW6Fb.ltrans9.ltrans.o
 .ARM.attributes
                0x000001ef       0x37 C:\Users\Lenovo\AppData\Local\Temp\cc7nW6Fb.ltrans10.ltrans.o
 .ARM.attributes
                0x00000226       0x37 C:\Users\Lenovo\AppData\Local\Temp\cc7nW6Fb.ltrans11.ltrans.o
 .ARM.attributes
                0x0000025d       0x37 C:\Users\Lenovo\AppData\Local\Temp\cc7nW6Fb.ltrans12.ltrans.o
 .ARM.attributes
                0x00000294       0x37 C:\Users\Lenovo\AppData\Local\Temp\cc7nW6Fb.ltrans13.ltrans.o
 .ARM.attributes
                0x000002cb       0x37 C:\Users\Lenovo\AppData\Local\Temp\cc7nW6Fb.ltrans14.ltrans.o
 .ARM.attributes
                0x00000302       0x37 C:\Users\Lenovo\AppData\Local\Temp\cc7nW6Fb.ltrans15.ltrans.o
 .ARM.attributes
                0x00000339       0x37 C:\Users\Lenovo\AppData\Local\Temp\cc7nW6Fb.ltrans16.ltrans.o
 .ARM.attributes
                0x00000370       0x37 C:\Users\Lenovo\AppData\Local\Temp\cc7nW6Fb.ltrans17.ltrans.o
 .ARM.attributes
                0x000003a7       0x37 C:\Users\Lenovo\AppData\Local\Temp\cc7nW6Fb.ltrans18.ltrans.o
 .ARM.attributes
                0x000003de       0x37 C:\Users\Lenovo\AppData\Local\Temp\cc7nW6Fb.ltrans19.ltrans.o
 .ARM.attributes
                0x00000415       0x21 ./libs\libpluto_0.3.a(startup_stm32f30x_md_gcc.o)
 .ARM.attributes
                0x00000436       0x34 c:/users/lenovo/downloads/plutoblocks-win-2-0-3/plutoblocks-win-2-0-3/plutoblocks-win-2-0-3/pluto_project/gcc-arm/bin/../lib/gcc/arm-none-eabi/6.3.1/../../../../arm-none-eabi/lib/thumb/v7e-m/fpv4-sp/hard\libm.a(lib_a-sf_cos.o)
 .ARM.attributes
                0x0000046a       0x34 c:/users/lenovo/downloads/plutoblocks-win-2-0-3/plutoblocks-win-2-0-3/plutoblocks-win-2-0-3/pluto_project/gcc-arm/bin/../lib/gcc/arm-none-eabi/6.3.1/../../../../arm-none-eabi/lib/thumb/v7e-m/fpv4-sp/hard\libm.a(lib_a-sf_lrint.o)
 .ARM.attributes
                0x0000049e       0x34 c:/users/lenovo/downloads/plutoblocks-win-2-0-3/plutoblocks-win-2-0-3/plutoblocks-win-2-0-3/pluto_project/gcc-arm/bin/../lib/gcc/arm-none-eabi/6.3.1/../../../../arm-none-eabi/lib/thumb/v7e-m/fpv4-sp/hard\libm.a(lib_a-sf_sin.o)
 .ARM.attributes
                0x000004d2       0x34 c:/users/lenovo/downloads/plutoblocks-win-2-0-3/plutoblocks-win-2-0-3/plutoblocks-win-2-0-3/pluto_project/gcc-arm/bin/../lib/gcc/arm-none-eabi/6.3.1/../../../../arm-none-eabi/lib/thumb/v7e-m/fpv4-sp/hard\libm.a(lib_a-wf_acos.o)
 .ARM.attributes
                0x00000506       0x34 c:/users/lenovo/downloads/plutoblocks-win-2-0-3/plutoblocks-win-2-0-3/plutoblocks-win-2-0-3/pluto_project/gcc-arm/bin/../lib/gcc/arm-none-eabi/6.3.1/../../../../arm-none-eabi/lib/thumb/v7e-m/fpv4-sp/hard\libm.a(lib_a-wf_asin.o)
 .ARM.attributes
                0x0000053a       0x34 c:/users/lenovo/downloads/plutoblocks-win-2-0-3/plutoblocks-win-2-0-3/plutoblocks-win-2-0-3/pluto_project/gcc-arm/bin/../lib/gcc/arm-none-eabi/6.3.1/../../../../arm-none-eabi/lib/thumb/v7e-m/fpv4-sp/hard\libm.a(lib_a-wf_atan2.o)
 .ARM.attributes
                0x0000056e       0x34 c:/users/lenovo/downloads/plutoblocks-win-2-0-3/plutoblocks-win-2-0-3/plutoblocks-win-2-0-3/pluto_project/gcc-arm/bin/../lib/gcc/arm-none-eabi/6.3.1/../../../../arm-none-eabi/lib/thumb/v7e-m/fpv4-sp/hard\libm.a(lib_a-wf_log.o)
 .ARM.attributes
                0x000005a2       0x34 c:/users/lenovo/downloads/plutoblocks-win-2-0-3/plutoblocks-win-2-0-3/plutoblocks-win-2-0-3/pluto_project/gcc-arm/bin/../lib/gcc/arm-none-eabi/6.3.1/../../../../arm-none-eabi/lib/thumb/v7e-m/fpv4-sp/hard\libm.a(lib_a-wf_sqrt.o)
 .ARM.attributes
                0x000005d6       0x34 c:/users/lenovo/downloads/plutoblocks-win-2-0-3/plutoblocks-win-2-0-3/plutoblocks-win-2-0-3/pluto_project/gcc-arm/bin/../lib/gcc/arm-none-eabi/6.3.1/../../../../arm-none-eabi/lib/thumb/v7e-m/fpv4-sp/hard\libm.a(lib_a-ef_acos.o)
 .ARM.attributes
                0x0000060a       0x34 c:/users/lenovo/downloads/plutoblocks-win-2-0-3/plutoblocks-win-2-0-3/plutoblocks-win-2-0-3/pluto_project/gcc-arm/bin/../lib/gcc/arm-none-eabi/6.3.1/../../../../arm-none-eabi/lib/thumb/v7e-m/fpv4-sp/hard\libm.a(lib_a-ef_asin.o)
 .ARM.attributes
                0x0000063e       0x34 c:/users/lenovo/downloads/plutoblocks-win-2-0-3/plutoblocks-win-2-0-3/plutoblocks-win-2-0-3/pluto_project/gcc-arm/bin/../lib/gcc/arm-none-eabi/6.3.1/../../../../arm-none-eabi/lib/thumb/v7e-m/fpv4-sp/hard\libm.a(lib_a-ef_atan2.o)
 .ARM.attributes
                0x00000672       0x34 c:/users/lenovo/downloads/plutoblocks-win-2-0-3/plutoblocks-win-2-0-3/plutoblocks-win-2-0-3/pluto_project/gcc-arm/bin/../lib/gcc/arm-none-eabi/6.3.1/../../../../arm-none-eabi/lib/thumb/v7e-m/fpv4-sp/hard\libm.a(lib_a-ef_log.o)
 .ARM.attributes
                0x000006a6       0x34 c:/users/lenovo/downloads/plutoblocks-win-2-0-3/plutoblocks-win-2-0-3/plutoblocks-win-2-0-3/pluto_project/gcc-arm/bin/../lib/gcc/arm-none-eabi/6.3.1/../../../../arm-none-eabi/lib/thumb/v7e-m/fpv4-sp/hard\libm.a(lib_a-ef_rem_pio2.o)
 .ARM.attributes
                0x000006da       0x34 c:/users/lenovo/downloads/plutoblocks-win-2-0-3/plutoblocks-win-2-0-3/plutoblocks-win-2-0-3/pluto_project/gcc-arm/bin/../lib/gcc/arm-none-eabi/6.3.1/../../../../arm-none-eabi/lib/thumb/v7e-m/fpv4-sp/hard\libm.a(lib_a-ef_sqrt.o)
 .ARM.attributes
                0x0000070e       0x34 c:/users/lenovo/downloads/plutoblocks-win-2-0-3/plutoblocks-win-2-0-3/plutoblocks-win-2-0-3/pluto_project/gcc-arm/bin/../lib/gcc/arm-none-eabi/6.3.1/../../../../arm-none-eabi/lib/thumb/v7e-m/fpv4-sp/hard\libm.a(lib_a-kf_cos.o)
 .ARM.attributes
                0x00000742       0x34 c:/users/lenovo/downloads/plutoblocks-win-2-0-3/plutoblocks-win-2-0-3/plutoblocks-win-2-0-3/pluto_project/gcc-arm/bin/../lib/gcc/arm-none-eabi/6.3.1/../../../../arm-none-eabi/lib/thumb/v7e-m/fpv4-sp/hard\libm.a(lib_a-kf_rem_pio2.o)
 .ARM.attributes
                0x00000776       0x34 c:/users/lenovo/downloads/plutoblocks-win-2-0-3/plutoblocks-win-2-0-3/plutoblocks-win-2-0-3/pluto_project/gcc-arm/bin/../lib/gcc/arm-none-eabi/6.3.1/../../../../arm-none-eabi/lib/thumb/v7e-m/fpv4-sp/hard\libm.a(lib_a-kf_sin.o)
 .ARM.attributes
                0x000007aa       0x34 c:/users/lenovo/downloads/plutoblocks-win-2-0-3/plutoblocks-win-2-0-3/plutoblocks-win-2-0-3/pluto_project/gcc-arm/bin/../lib/gcc/arm-none-eabi/6.3.1/../../../../arm-none-eabi/lib/thumb/v7e-m/fpv4-sp/hard\libm.a(lib_a-s_lib_ver.o)
 .ARM.attributes
                0x000007de       0x34 c:/users/lenovo/downloads/plutoblocks-win-2-0-3/plutoblocks-win-2-0-3/plutoblocks-win-2-0-3/pluto_project/gcc-arm/bin/../lib/gcc/arm-none-eabi/6.3.1/../../../../arm-none-eabi/lib/thumb/v7e-m/fpv4-sp/hard\libm.a(lib_a-s_matherr.o)
 .ARM.attributes
                0x00000812       0x34 c:/users/lenovo/downloads/plutoblocks-win-2-0-3/plutoblocks-win-2-0-3/plutoblocks-win-2-0-3/pluto_project/gcc-arm/bin/../lib/gcc/arm-none-eabi/6.3.1/../../../../arm-none-eabi/lib/thumb/v7e-m/fpv4-sp/hard\libm.a(lib_a-s_nan.o)
 .ARM.attributes
                0x00000846       0x34 c:/users/lenovo/downloads/plutoblocks-win-2-0-3/plutoblocks-win-2-0-3/plutoblocks-win-2-0-3/pluto_project/gcc-arm/bin/../lib/gcc/arm-none-eabi/6.3.1/../../../../arm-none-eabi/lib/thumb/v7e-m/fpv4-sp/hard\libm.a(lib_a-sf_atan.o)
 .ARM.attributes
                0x0000087a       0x34 c:/users/lenovo/downloads/plutoblocks-win-2-0-3/plutoblocks-win-2-0-3/plutoblocks-win-2-0-3/pluto_project/gcc-arm/bin/../lib/gcc/arm-none-eabi/6.3.1/../../../../arm-none-eabi/lib/thumb/v7e-m/fpv4-sp/hard\libm.a(lib_a-sf_fabs.o)
 .ARM.attributes
                0x000008ae       0x34 c:/users/lenovo/downloads/plutoblocks-win-2-0-3/plutoblocks-win-2-0-3/plutoblocks-win-2-0-3/pluto_project/gcc-arm/bin/../lib/gcc/arm-none-eabi/6.3.1/../../../../arm-none-eabi/lib/thumb/v7e-m/fpv4-sp/hard\libm.a(lib_a-sf_floor.o)
 .ARM.attributes
                0x000008e2       0x34 c:/users/lenovo/downloads/plutoblocks-win-2-0-3/plutoblocks-win-2-0-3/plutoblocks-win-2-0-3/pluto_project/gcc-arm/bin/../lib/gcc/arm-none-eabi/6.3.1/../../../../arm-none-eabi/lib/thumb/v7e-m/fpv4-sp/hard\libm.a(lib_a-sf_scalbn.o)
 .ARM.attributes
                0x00000916       0x34 c:/users/lenovo/downloads/plutoblocks-win-2-0-3/plutoblocks-win-2-0-3/plutoblocks-win-2-0-3/pluto_project/gcc-arm/bin/../lib/gcc/arm-none-eabi/6.3.1/../../../../arm-none-eabi/lib/thumb/v7e-m/fpv4-sp/hard\libm.a(lib_a-sf_copysign.o)
 .ARM.attributes
                0x0000094a       0x34 c:/users/lenovo/downloads/plutoblocks-win-2-0-3/plutoblocks-win-2-0-3/plutoblocks-win-2-0-3/pluto_project/gcc-arm/bin/../lib/gcc/arm-none-eabi/6.3.1/../../../../arm-none-eabi/lib/thumb/v7e-m/fpv4-sp/hard\libc.a(lib_a-errno.o)
 .ARM.attributes
                0x0000097e       0x34 c:/users/lenovo/downloads/plutoblocks-win-2-0-3/plutoblocks-win-2-0-3/plutoblocks-win-2-0-3/pluto_project/gcc-arm/bin/../lib/gcc/arm-none-eabi/6.3.1/../../../../arm-none-eabi/lib/thumb/v7e-m/fpv4-sp/hard\libc.a(lib_a-impure.o)
 .ARM.attributes
                0x000009b2       0x20 c:/users/lenovo/downloads/plutoblocks-win-2-0-3/plutoblocks-win-2-0-3/plutoblocks-win-2-0-3/pluto_project/gcc-arm/bin/../lib/gcc/arm-none-eabi/6.3.1/../../../../arm-none-eabi/lib/thumb/v7e-m/fpv4-sp/hard\libc.a(lib_a-memcpy.o)
 .ARM.attributes
                0x000009d2       0x34 c:/users/lenovo/downloads/plutoblocks-win-2-0-3/plutoblocks-win-2-0-3/plutoblocks-win-2-0-3/pluto_project/gcc-arm/bin/../lib/gcc/arm-none-eabi/6.3.1/../../../../arm-none-eabi/lib/thumb/v7e-m/fpv4-sp/hard\libc.a(lib_a-memset.o)
 .ARM.attributes
                0x00000a06       0x34 c:/users/lenovo/downloads/plutoblocks-win-2-0-3/plutoblocks-win-2-0-3/plutoblocks-win-2-0-3/pluto_project/gcc-arm/bin/../lib/gcc/arm-none-eabi/6.3.1/../../../../arm-none-eabi/lib/thumb/v7e-m/fpv4-sp/hard\libc.a(lib_a-strchr.o)
 .ARM.attributes
                0x00000a3a       0x20 c:/users/lenovo/downloads/plutoblocks-win-2-0-3/plutoblocks-win-2-0-3/plutoblocks-win-2-0-3/pluto_project/gcc-arm/bin/../lib/gcc/arm-none-eabi/6.3.1/../../../../arm-none-eabi/lib/thumb/v7e-m/fpv4-sp/hard\libc.a(lib_a-strlen.o)
 .ARM.attributes
                0x00000a5a       0x22 c:/users/lenovo/downloads/plutoblocks-win-2-0-3/plutoblocks-win-2-0-3/plutoblocks-win-2-0-3/pluto_project/gcc-arm/bin/../lib/gcc/arm-none-eabi/6.3.1/thumb/v7e-m/fpv4-sp/hard\libgcc.a(_ashrdi3.o)
 .ARM.attributes
                0x00000a7c       0x22 c:/users/lenovo/downloads/plutoblocks-win-2-0-3/plutoblocks-win-2-0-3/plutoblocks-win-2-0-3/pluto_project/gcc-arm/bin/../lib/gcc/arm-none-eabi/6.3.1/thumb/v7e-m/fpv4-sp/hard\libgcc.a(_arm_addsubdf3.o)
 .ARM.attributes
                0x00000a9e       0x22 c:/users/lenovo/downloads/plutoblocks-win-2-0-3/plutoblocks-win-2-0-3/plutoblocks-win-2-0-3/pluto_project/gcc-arm/bin/../lib/gcc/arm-none-eabi/6.3.1/thumb/v7e-m/fpv4-sp/hard\libgcc.a(_arm_muldivdf3.o)
 .ARM.attributes
                0x00000ac0       0x22 c:/users/lenovo/downloads/plutoblocks-win-2-0-3/plutoblocks-win-2-0-3/plutoblocks-win-2-0-3/pluto_project/gcc-arm/bin/../lib/gcc/arm-none-eabi/6.3.1/thumb/v7e-m/fpv4-sp/hard\libgcc.a(_arm_truncdfsf2.o)
 .ARM.attributes
                0x00000ae2       0x22 c:/users/lenovo/downloads/plutoblocks-win-2-0-3/plutoblocks-win-2-0-3/plutoblocks-win-2-0-3/pluto_project/gcc-arm/bin/../lib/gcc/arm-none-eabi/6.3.1/thumb/v7e-m/fpv4-sp/hard\libgcc.a(_aeabi_ldivmod.o)
 .ARM.attributes
                0x00000b04       0x34 c:/users/lenovo/downloads/plutoblocks-win-2-0-3/plutoblocks-win-2-0-3/plutoblocks-win-2-0-3/pluto_project/gcc-arm/bin/../lib/gcc/arm-none-eabi/6.3.1/thumb/v7e-m/fpv4-sp/hard\libgcc.a(_fixsfdi.o)
 .ARM.attributes
                0x00000b38       0x34 c:/users/lenovo/downloads/plutoblocks-win-2-0-3/plutoblocks-win-2-0-3/plutoblocks-win-2-0-3/pluto_project/gcc-arm/bin/../lib/gcc/arm-none-eabi/6.3.1/thumb/v7e-m/fpv4-sp/hard\libgcc.a(_fixunssfdi.o)
 .ARM.attributes
                0x00000b6c       0x34 c:/users/lenovo/downloads/plutoblocks-win-2-0-3/plutoblocks-win-2-0-3/plutoblocks-win-2-0-3/pluto_project/gcc-arm/bin/../lib/gcc/arm-none-eabi/6.3.1/thumb/v7e-m/fpv4-sp/hard\libgcc.a(_udivmoddi4.o)
 .ARM.attributes
                0x00000ba0       0x22 c:/users/lenovo/downloads/plutoblocks-win-2-0-3/plutoblocks-win-2-0-3/plutoblocks-win-2-0-3/pluto_project/gcc-arm/bin/../lib/gcc/arm-none-eabi/6.3.1/thumb/v7e-m/fpv4-sp/hard\libgcc.a(_dvmd_tls.o)
 .ARM.attributes
                0x00000bc2       0x22 c:/users/lenovo/downloads/plutoblocks-win-2-0-3/plutoblocks-win-2-0-3/plutoblocks-win-2-0-3/pluto_project/gcc-arm/bin/../lib/gcc/arm-none-eabi/6.3.1/thumb/v7e-m/fpv4-sp/hard\libgcc.a(_arm_fixunsdfsi.o)
OUTPUT(obj/Experience_PLUTOX.elf elf32-littlearm)

.debug_info     0x00000000    0x2903c
 .debug_info    0x00000000     0x719e C:\Users\Lenovo\AppData\Local\Temp\cc7nW6Fb.ltrans0.ltrans.o
 .debug_info    0x0000719e     0x4089 C:\Users\Lenovo\AppData\Local\Temp\cc7nW6Fb.ltrans1.ltrans.o
 .debug_info    0x0000b227     0x1efd C:\Users\Lenovo\AppData\Local\Temp\cc7nW6Fb.ltrans3.ltrans.o
 .debug_info    0x0000d124     0x141b C:\Users\Lenovo\AppData\Local\Temp\cc7nW6Fb.ltrans4.ltrans.o
 .debug_info    0x0000e53f     0x43b3 C:\Users\Lenovo\AppData\Local\Temp\cc7nW6Fb.ltrans5.ltrans.o
 .debug_info    0x000128f2     0x2e18 C:\Users\Lenovo\AppData\Local\Temp\cc7nW6Fb.ltrans6.ltrans.o
 .debug_info    0x0001570a     0x20c4 C:\Users\Lenovo\AppData\Local\Temp\cc7nW6Fb.ltrans7.ltrans.o
 .debug_info    0x000177ce     0x21c2 C:\Users\Lenovo\AppData\Local\Temp\cc7nW6Fb.ltrans8.ltrans.o
 .debug_info    0x00019990     0x1499 C:\Users\Lenovo\AppData\Local\Temp\cc7nW6Fb.ltrans9.ltrans.o
 .debug_info    0x0001ae29     0x1456 C:\Users\Lenovo\AppData\Local\Temp\cc7nW6Fb.ltrans10.ltrans.o
 .debug_info    0x0001c27f     0x27c4 C:\Users\Lenovo\AppData\Local\Temp\cc7nW6Fb.ltrans11.ltrans.o
 .debug_info    0x0001ea43      0xbba C:\Users\Lenovo\AppData\Local\Temp\cc7nW6Fb.ltrans12.ltrans.o
 .debug_info    0x0001f5fd     0x206e C:\Users\Lenovo\AppData\Local\Temp\cc7nW6Fb.ltrans13.ltrans.o
 .debug_info    0x0002166b     0x1c0c C:\Users\Lenovo\AppData\Local\Temp\cc7nW6Fb.ltrans14.ltrans.o
 .debug_info    0x00023277     0x293d C:\Users\Lenovo\AppData\Local\Temp\cc7nW6Fb.ltrans15.ltrans.o
 .debug_info    0x00025bb4     0x1dcb C:\Users\Lenovo\AppData\Local\Temp\cc7nW6Fb.ltrans16.ltrans.o
 .debug_info    0x0002797f     0x137c C:\Users\Lenovo\AppData\Local\Temp\cc7nW6Fb.ltrans17.ltrans.o
 .debug_info    0x00028cfb      0x2aa C:\Users\Lenovo\AppData\Local\Temp\cc7nW6Fb.ltrans18.ltrans.o
 .debug_info    0x00028fa5       0x97 C:\Users\Lenovo\AppData\Local\Temp\cc7nW6Fb.ltrans19.ltrans.o

.debug_abbrev   0x00000000     0x4c29
 .debug_abbrev  0x00000000      0x4f4 C:\Users\Lenovo\AppData\Local\Temp\cc7nW6Fb.ltrans0.ltrans.o
 .debug_abbrev  0x000004f4      0x57a C:\Users\Lenovo\AppData\Local\Temp\cc7nW6Fb.ltrans1.ltrans.o
 .debug_abbrev  0x00000a6e      0x35f C:\Users\Lenovo\AppData\Local\Temp\cc7nW6Fb.ltrans3.ltrans.o
 .debug_abbrev  0x00000dcd      0x388 C:\Users\Lenovo\AppData\Local\Temp\cc7nW6Fb.ltrans4.ltrans.o
 .debug_abbrev  0x00001155      0x5ab C:\Users\Lenovo\AppData\Local\Temp\cc7nW6Fb.ltrans5.ltrans.o
 .debug_abbrev  0x00001700      0x3f8 C:\Users\Lenovo\AppData\Local\Temp\cc7nW6Fb.ltrans6.ltrans.o
 .debug_abbrev  0x00001af8      0x5b3 C:\Users\Lenovo\AppData\Local\Temp\cc7nW6Fb.ltrans7.ltrans.o
 .debug_abbrev  0x000020ab      0x55b C:\Users\Lenovo\AppData\Local\Temp\cc7nW6Fb.ltrans8.ltrans.o
 .debug_abbrev  0x00002606      0x3f8 C:\Users\Lenovo\AppData\Local\Temp\cc7nW6Fb.ltrans9.ltrans.o
 .debug_abbrev  0x000029fe      0x351 C:\Users\Lenovo\AppData\Local\Temp\cc7nW6Fb.ltrans10.ltrans.o
 .debug_abbrev  0x00002d4f      0x406 C:\Users\Lenovo\AppData\Local\Temp\cc7nW6Fb.ltrans11.ltrans.o
 .debug_abbrev  0x00003155      0x343 C:\Users\Lenovo\AppData\Local\Temp\cc7nW6Fb.ltrans12.ltrans.o
 .debug_abbrev  0x00003498      0x4b8 C:\Users\Lenovo\AppData\Local\Temp\cc7nW6Fb.ltrans13.ltrans.o
 .debug_abbrev  0x00003950      0x3cf C:\Users\Lenovo\AppData\Local\Temp\cc7nW6Fb.ltrans14.ltrans.o
 .debug_abbrev  0x00003d1f      0x558 C:\Users\Lenovo\AppData\Local\Temp\cc7nW6Fb.ltrans15.ltrans.o
 .debug_abbrev  0x00004277      0x368 C:\Users\Lenovo\AppData\Local\Temp\cc7nW6Fb.ltrans16.ltrans.o
 .debug_abbrev  0x000045df      0x47b C:\Users\Lenovo\AppData\Local\Temp\cc7nW6Fb.ltrans17.ltrans.o
 .debug_abbrev  0x00004a5a      0x15c C:\Users\Lenovo\AppData\Local\Temp\cc7nW6Fb.ltrans18.ltrans.o
 .debug_abbrev  0x00004bb6       0x73 C:\Users\Lenovo\AppData\Local\Temp\cc7nW6Fb.ltrans19.ltrans.o

.debug_loc      0x00000000    0x142c5
 .debug_loc     0x00000000     0x2395 C:\Users\Lenovo\AppData\Local\Temp\cc7nW6Fb.ltrans0.ltrans.o
 .debug_loc     0x00002395     0x20f0 C:\Users\Lenovo\AppData\Local\Temp\cc7nW6Fb.ltrans1.ltrans.o
 .debug_loc     0x00004485     0x11c2 C:\Users\Lenovo\AppData\Local\Temp\cc7nW6Fb.ltrans3.ltrans.o
 .debug_loc     0x00005647      0xcb1 C:\Users\Lenovo\AppData\Local\Temp\cc7nW6Fb.ltrans4.ltrans.o
 .debug_loc     0x000062f8     0x172b C:\Users\Lenovo\AppData\Local\Temp\cc7nW6Fb.ltrans5.ltrans.o
 .debug_loc     0x00007a23     0x2d3e C:\Users\Lenovo\AppData\Local\Temp\cc7nW6Fb.ltrans6.ltrans.o
 .debug_loc     0x0000a761      0xe86 C:\Users\Lenovo\AppData\Local\Temp\cc7nW6Fb.ltrans7.ltrans.o
 .debug_loc     0x0000b5e7      0xc05 C:\Users\Lenovo\AppData\Local\Temp\cc7nW6Fb.ltrans8.ltrans.o
 .debug_loc     0x0000c1ec      0xfc9 C:\Users\Lenovo\AppData\Local\Temp\cc7nW6Fb.ltrans9.ltrans.o
 .debug_loc     0x0000d1b5     0x1414 C:\Users\Lenovo\AppData\Local\Temp\cc7nW6Fb.ltrans10.ltrans.o
 .debug_loc     0x0000e5c9     0x1281 C:\Users\Lenovo\AppData\Local\Temp\cc7nW6Fb.ltrans11.ltrans.o
 .debug_loc     0x0000f84a      0x54c C:\Users\Lenovo\AppData\Local\Temp\cc7nW6Fb.ltrans12.ltrans.o
 .debug_loc     0x0000fd96      0xfc4 C:\Users\Lenovo\AppData\Local\Temp\cc7nW6Fb.ltrans13.ltrans.o
 .debug_loc     0x00010d5a      0xd65 C:\Users\Lenovo\AppData\Local\Temp\cc7nW6Fb.ltrans14.ltrans.o
 .debug_loc     0x00011abf      0x68f C:\Users\Lenovo\AppData\Local\Temp\cc7nW6Fb.ltrans15.ltrans.o
 .debug_loc     0x0001214e     0x1803 C:\Users\Lenovo\AppData\Local\Temp\cc7nW6Fb.ltrans16.ltrans.o
 .debug_loc     0x00013951      0x974 C:\Users\Lenovo\AppData\Local\Temp\cc7nW6Fb.ltrans17.ltrans.o

.debug_aranges  0x00000000      0x270
 .debug_aranges
                0x00000000       0x20 C:\Users\Lenovo\AppData\Local\Temp\cc7nW6Fb.ltrans0.ltrans.o
 .debug_aranges
                0x00000020       0x20 C:\Users\Lenovo\AppData\Local\Temp\cc7nW6Fb.ltrans1.ltrans.o
 .debug_aranges
                0x00000040       0x20 C:\Users\Lenovo\AppData\Local\Temp\cc7nW6Fb.ltrans3.ltrans.o
 .debug_aranges
                0x00000060       0x20 C:\Users\Lenovo\AppData\Local\Temp\cc7nW6Fb.ltrans4.ltrans.o
 .debug_aranges
                0x00000080       0x28 C:\Users\Lenovo\AppData\Local\Temp\cc7nW6Fb.ltrans5.ltrans.o
 .debug_aranges
                0x000000a8       0x20 C:\Users\Lenovo\AppData\Local\Temp\cc7nW6Fb.ltrans6.ltrans.o
 .debug_aranges
                0x000000c8       0x28 C:\Users\Lenovo\AppData\Local\Temp\cc7nW6Fb.ltrans7.ltrans.o
 .debug_aranges
                0x000000f0       0x20 C:\Users\Lenovo\AppData\Local\Temp\cc7nW6Fb.ltrans8.ltrans.o
 .debug_aranges