Archive member included to satisfy reference by file (symbol)

./libs/libpluto_0.3.a(startup_stm32f30x_md_gcc.o)
                              (Reset_Handler)
./libs/libpluto_0.3.a(system_stm32f30x.o)
                              ./libs/libpluto_0.3.a(startup_stm32f30x_md_gcc.o) (SystemInit)
./libs/libpluto_0.3.a(main.o)
                              ./libs/libpluto_0.3.a(startup_stm32f30x_md_gcc.o) (main)
./libs/libpluto_0.3.a(mw.o)   main.o (symbol from plugin) (loop)
./libs/libpluto_0.3.a(altitudehold.o)
                              mw.o (symbol from plugin) (applyAltHold)
./libs/libpluto_0.3.a(failsafe.o)
                              main.o (symbol from plugin) (failsafeInit)
./libs/libpluto_0.3.a(pid.o)  mw.o (symbol from plugin) (pidResetErrorAngle)
./libs/libpluto_0.3.a(imu.o)  main.o (symbol from plugin) (imuInit)
./libs/libpluto_0.3.a(mixer.o)
                              main.o (symbol from plugin) (mixerInit)
./libs/libpluto_0.3.a(filter.o)
                              mw.o (symbol from plugin) (filterApplyPt1)
./libs/libpluto_0.3.a(system.o)
                              main.o (symbol from plugin) (micros)
./libs/libpluto_0.3.a(beeper.o)
                              mw.o (symbol from plugin) (beeperSilence)
./libs/libpluto_0.3.a(rc_controls.o)
                              mw.o (symbol from plugin) (isUsingSticksForArming)
./libs/libpluto_0.3.a(rc_curves.o)
                              rc_controls.o (symbol from plugin) (generatePitchRollCurve)
./libs/libpluto_0.3.a(serial.o)
                              mw.o (symbol from plugin) (findNextSharedSerialPort)
./libs/libpluto_0.3.a(serial_cli.o)
                              mw.o (symbol from plugin) (cliMode)
./libs/libpluto_0.3.a(serial_msp.o)
                              mw.o (symbol from plugin) (mspReleasePortIfAllocated)
./libs/libpluto_0.3.a(statusindicator.o)
                              beeper.o (symbol from plugin) (warningLedEnable)
./libs/libpluto_0.3.a(flashfs.o)
                              serial_msp.o (symbol from plugin) (flashfsEraseCompletely)
./libs/libpluto_0.3.a(rx.o)   main.o (symbol from plugin) (rxInit)
./libs/libpluto_0.3.a(pwm.o)  rx.o (symbol from plugin) (rxPwmInit)
./libs/libpluto_0.3.a(msp.o)  serial_msp.o (symbol from plugin) (rxMspFrameReceive)
./libs/libpluto_0.3.a(sbus.o)
                              rx.o (symbol from plugin) (sbusInit)
./libs/libpluto_0.3.a(sumd.o)
                              rx.o (symbol from plugin) (sumdInit)
./libs/libpluto_0.3.a(sumh.o)
                              rx.o (symbol from plugin) (sumhInit)
./libs/libpluto_0.3.a(spektrum.o)
                              rx.o (symbol from plugin) (spektrumInit)
./libs/libpluto_0.3.a(xbus.o)
                              rx.o (symbol from plugin) (xBusInit)
./libs/libpluto_0.3.a(acceleration.o)
                              main.o (symbol from plugin) (accSetCalibrationCycles)
./libs/libpluto_0.3.a(battery.o)
                              mw.o (symbol from plugin) (updateBattery)
./libs/libpluto_0.3.a(boardalignment.o)
                              main.o (symbol from plugin) (initBoardAlignment)
./libs/libpluto_0.3.a(compass.o)
                              main.o (symbol from plugin) (compassInit)
./libs/libpluto_0.3.a(gyro.o)
                              main.o (symbol from plugin) (gyroSetCalibrationCycles)
./libs/libpluto_0.3.a(initialisation.o)
                              main.o (symbol from plugin) (sensorsAutodetectmpu)
./libs/libpluto_0.3.a(stm32f30x_rcc.o)
                              system.o (symbol from plugin) (RCC_GetClocksFreq)
./libs/libpluto_0.3.a(stm32f30x_misc.o)
                              system.o (symbol from plugin) (NVIC_PriorityGroupConfig)
./libs/libpluto_0.3.a(acrobats.o)
                              mw.o (symbol from plugin) (flip)
./libs/libpluto_0.3.a(posControl.o)
                              mw.o (symbol from plugin) (resetPosController)
./libs/libpluto_0.3.a(posEstimate.o)
                              main.o (symbol from plugin) (updatePosGains)
./libs/libpluto_0.3.a(opticflow.o)
                              posControl.o (symbol from plugin) (accel_hf_prev)
./libs/libpluto_0.3.a(command.o)
                              mw.o (symbol from plugin) (executeCommand())
./libs/libpluto_0.3.a(localisationCommand.o)
                              mw.o (symbol from plugin) (command_jump(short))
./libs/libpluto_0.3.a(Peripheral.o)
                              main.o (symbol from plugin) (GPIO_P::init(unibus, GPIO_Mode_e))
./libs/libpluto_0.3.a(XRanging.o)
                              main.o (symbol from plugin) (xRangingInit)
./libs/libpluto_0.3.a(Control.o)
                              command.o (symbol from plugin) (DesiredPosition_P::setRelative(axis_e, long))
./libs/libpluto_0.3.a(Utils.o)
                              obj/PLUTOX/src_-3Gv/main/PlutoPilot.o (symbol from plugin) (LED_P::set(led_e, led_state_e))
./libs/libpluto_0.3.a(User.o)
[...]
Memory Configuration

Name             Origin             Length             Attributes
FLASH            0x0000000008000000 0x000000000003f000 xr
RAM              0x0000000020000000 0x000000000000a000 xrw
MEMORY_B1        0x0000000060000000 0x0000000000000000 xr
*default*        0x0000000000000000 0xffffffffffffffff

Linker script and memory map

LOAD obj/PLUTOX/src_-3Gv/main/PlutoPilot.o
LOAD /tmp/ccHzI61b.ltrans0.ltrans.o
LOAD /tmp/ccHzI61b.ltrans1.ltrans.o
LOAD /tmp/ccHzI61b.ltrans2.ltrans.o
LOAD /tmp/ccHzI61b.ltrans3.ltrans.o
LOAD /tmp/ccHzI61b.ltrans4.ltrans.o
LOAD /tmp/ccHzI61b.ltrans5.ltrans.o
LOAD /tmp/ccHzI61b.ltrans6.ltrans.o
LOAD /tmp/ccHzI61b.ltrans7.ltrans.o
LOAD /tmp/ccHzI61b.ltrans8.ltrans.o
LOAD /tmp/ccHzI61b.ltrans9.ltrans.o
LOAD /tmp/ccHzI61b.ltrans10.ltrans.o
LOAD /tmp/ccHzI61b.ltrans11.ltrans.o
LOAD /tmp/ccHzI61b.ltrans12.ltrans.o
LOAD /tmp/ccHzI61b.ltrans13.ltrans.o
LOAD /tmp/ccHzI61b.ltrans14.ltrans.o
LOAD /tmp/ccHzI61b.ltrans15.ltrans.o
LOAD /tmp/ccHzI61b.ltrans16.ltrans.o
LOAD /tmp/ccHzI61b.ltrans17.ltrans.o
LOAD /tmp/ccHzI61b.ltrans18.ltrans.o
LOAD /tmp/ccHzI61b.ltrans19.ltrans.o
LOAD /home/soham/compilerapi/CodeBuilder/pluto_project/gcc-arm/bin/../lib/gcc/arm-none-eabi/6.3.1/../../../../arm-none-eabi/lib/thumb/v7e-m/fpv4-sp/hard/libnosys.a
LOAD ./libs/libpluto_0.3.a
LOAD /home/soham/compilerapi/CodeBuilder/pluto_project/gcc-arm/bin/../lib/gcc/arm-none-eabi/6.3.1/../../../../arm-none-eabi/lib/thumb/v7e-m/fpv4-sp/hard/libstdc++.a
LOAD /home/soham/compilerapi/CodeBuilder/pluto_project/gcc-arm/bin/../lib/gcc/arm-none-eabi/6.3.1/../../../../arm-none-eabi/lib/thumb/v7e-m/fpv4-sp/hard/libm.a
LOAD /home/soham/compilerapi/CodeBuilder/pluto_project/gcc-arm/bin/../lib/gcc/arm-none-eabi/6.3.1/../../../../arm-none-eabi/lib/thumb/v7e-m/fpv4-sp/hard/libc.a
START GROUP
LOAD /home/soham/compilerapi/CodeBuilder/pluto_project/gcc-arm/bin/../lib/gcc/arm-none-eabi/6.3.1/thumb/v7e-m/fpv4-sp/hard/libgcc.a
LOAD /home/soham/compilerapi/CodeBuilder/pluto_project/gcc-arm/bin/../lib/gcc/arm-none-eabi/6.3.1/../../../../arm-none-eabi/lib/thumb/v7e-m/fpv4-sp/hard/libg.a
LOAD /home/soham/compilerapi/CodeBuilder/pluto_project/gcc-arm/bin/../lib/gcc/arm-none-eabi/6.3.1/../../../../arm-none-eabi/lib/thumb/v7e-m/fpv4-sp/hard/libc.a
END GROUP
START GROUP
LOAD /home/soham/compilerapi/CodeBuilder/pluto_project/gcc-arm/bin/../lib/gcc/arm-none-eabi/6.3.1/thumb/v7e-m/fpv4-sp/hard/libgcc.a
LOAD /home/soham/compilerapi/CodeBuilder/pluto_project/gcc-arm/bin/../lib/gcc/arm-none-eabi/6.3.1/../../../../arm-none-eabi/lib/thumb/v7e-m/fpv4-sp/hard/libc.a
LOAD /home/soham/compilerapi/CodeBuilder/pluto_project/gcc-arm/bin/../lib/gcc/arm-none-eabi/6.3.1/../../../../arm-none-eabi/lib/thumb/v7e-m/fpv4-sp/hard/libnosys.a
END GROUP
                0x000000002000a000                _estack = (ORIGIN (RAM) + LENGTH (RAM))
                0x0000000000000000                _Min_Heap_Size = 0x0
                0x0000000000000400                _Min_Stack_Size = 0x400

.isr_vector     0x0000000008000000      0x188
                0x0000000008000000                . = ALIGN (0x4)
                [!provide]                        PROVIDE (isr_vector_table_base, .)
 *(.isr_vector)
 .isr_vector    0x0000000008000000      0x188 ./libs/libpluto_0.3.a(startup_stm32f30x_md_gcc.o)
                0x0000000008000000                g_pfnVectors
                0x0000000008000188                . = ALIGN (0x4)

.text           0x00000000080001c0    0x1245c
                0x00000000080001c0                . = ALIGN (0x4)
 *(.text)
 .text          0x00000000080001c0     0x179c /tmp/ccHzI61b.ltrans1.ltrans.o
                0x00000000080001c0                init()
 .text          0x000000000800195c     0x1098 /tmp/ccHzI61b.ltrans3.ltrans.o
                0x000000000800195c                processRx()
 .text          0x00000000080029f4      0xc00 /tmp/ccHzI61b.ltrans4.ltrans.o
                0x00000000080029f4                processOutCommand(unsigned char) [clone .lto_priv.281]
 .text          0x00000000080035f4      0x868 /tmp/ccHzI61b.ltrans5.ltrans.o
                0x00000000080035f4                ppmEdgeCallback(timerCCHandlerRec_s*, unsigned short) [clone .lto_priv.286]
                0x00000000080036cc                ppmOverflowCallback(timerOvrHandlerRec_s*, unsigned short) [clone .lto_priv.287]
                0x00000000080036dc                pwmWriteStandard(unsigned char, unsigned short) [clone .lto_priv.284]
                0x00000000080036f0                pwmWriteBrushed(unsigned char, unsigned short) [clone .lto_priv.285]
                0x0000000008003714                ak8963Read
                0x00000000080037d8                ak8963Init
                0x00000000080038c4                uartReconfigure.lto_priv.184
                0x00000000080039e8                m25p16_isReady
                0x0000000008003a30                m25p16_waitForReady
                0x0000000008003a4c                m25p16_readBytes
                0x0000000008003aa4                gpioInit
                0x0000000008003af8                pwmOutConfig
                0x0000000008003d24                initSpi2
 .text          0x0000000008003e5c      0xc2c /tmp/ccHzI61b.ltrans6.ltrans.o
                0x0000000008003e5c                spektrumReadRawRC.lto_priv.160
                0x0000000008003e84                sumhReadRawRC.lto_priv.297
                0x0000000008003e9c                sumdReadRawRC.lto_priv.295
                0x0000000008003eb0                sbusReadRawRC.lto_priv.293
                0x0000000008003ee4                rxMspReadRawRC.lto_priv.306
                0x0000000008003ef4                ppmReadRawRC.lto_priv.308
                0x0000000008003f00                pwmReadRawRC.lto_priv.307
                0x0000000008003f0c                nullReadRawRC(rxRuntimeConfig_s*, unsigned char) [clone .lto_priv.167]
                0x0000000008003f10                spektrumDataReceive.lto_priv.161
                0x0000000008003f58                sumhDataReceive.lto_priv.298
                0x0000000008003fa0                sumdDataReceive.lto_priv.296
                0x0000000008004044                sbusDataReceive.lto_priv.294
                0x0000000008004090                xBusUnpackModeBFrame(unsigned char) [clone .lto_priv.187]
                0x0000000008004130                getRxfailValue(unsigned char) [clone .lto_priv.236]
                0x0000000008004180                resumeRxSignal
                0x00000000080041b0                suspendRxSignal
                0x00000000080041e0                flashfsFlushSync
                0x0000000008004340                processInCommand() [clone .lto_priv.280]
 .text          0x0000000008004a88      0xcf4 /tmp/ccHzI61b.ltrans7.ltrans.o
                0x0000000008004aa0                read8() [clone .lto_priv.196]
                0x0000000008004ab4                read16() [clone .lto_priv.197]
                0x0000000008004ac8                read32() [clone .lto_priv.198]
                0x0000000008004ada                serialize8(unsigned char) [clone .lto_priv.209]
                0x0000000008004b00                headSerialResponse(unsigned char, unsigned char) [clone .lto_priv.168]
                0x0000000008004b3c                headSerialReply(unsigned char) [clone .lto_priv.195]
                0x0000000008004b42                serialize16(unsigned short) [clone .lto_priv.210]
                0x0000000008004b54                serialize32(unsigned long) [clone .lto_priv.211]
                0x0000000008004b66                openSerialPort
                0x0000000008004be0                findNextSerialPortConfig
                0x0000000008004c24                findSerialPortConfig
                0x0000000008004c30                generateThrottleCurve
                0x0000000008004cb0                generatePitchRollCurve
                0x0000000008004ce8                isRangeActive(unsigned char, channelRange_s*) [clone .part.1]
                0x0000000008004d30                beeperSilence
                0x0000000008004d44                beeper
                0x0000000008004d90                beeperConfirmationBeeps
                0x0000000008004dc8                micros
                0x0000000008004e00                delay
                0x0000000008004e1e                failureMode
                0x0000000008004edc                SysTick_Handler
                0x0000000008004eec                EXTI3_IRQHandler
                0x0000000008004ef0                EXTI15_10_IRQHandler
                0x0000000008004ef4                filterApplyPt1
                0x0000000008004f4c                writeMotors
                0x0000000008004ff8                drift_correction(float)
                0x00000000080056b8                normalize()
 .text          0x000000000800577c      0x988 /tmp/ccHzI61b.ltrans8.ltrans.o
                0x00000000080057e6                perform_ref_signal_measurement
                0x0000000008005ee4                set_ref_spad_map
                0x0000000008005f00                VL53L0X_GetSequenceStepEnables
                0x0000000008005f38                VL53L0X_GetDeviceParameters
                0x00000000080060ec                LaserSensor::setAddress(unsigned char)
 .text          0x0000000008006104      0x96c /tmp/ccHzI61b.ltrans9.ltrans.o
                0x0000000008006104                NVIC_Init.part.0.constprop.150
                0x0000000008006140                VL53L0X_calc_timeout_mclks.constprop.140
                0x0000000008006168                get_next_good_spad.constprop.131
                0x00000000080061b4                enable_ref_spads.constprop.129
                0x0000000008006270                spiTransfer.constprop.96
                0x00000000080062d8                spiTransferByte.constprop.93
                0x0000000008006328                spektrumInit.constprop.85
                0x00000000080063a8                ms5611Detect.constprop.76
                0x00000000080064bc                useRcControlsConfig.constprop.43
                0x00000000080064fc                resetSerialConfig(serialConfig_s*) [clone .constprop.42]
                0x000000000800655c                FLASH_WaitForLastOperation.constprop.37
                0x0000000008006580                headSerialError(unsigned char) [clone .constprop.25]
                0x0000000008006588                calculateThrottleStatus.constprop.17
                0x00000000080065bc                reset(bool) [clone .constprop.11]
                0x0000000008006620                updateCompass.constprop.7
                0x00000000080067d4                VL53L0X_RdDWord
                0x00000000080067f8                VL53L0X_RdWord
                0x0000000008006824                VL53L0X_RdByte
                0x000000000800683e                VL53L0X_UpdateByte
                0x000000000800687a                VL53L0X_WrWord
                0x00000000080068a2                VL53L0X_WrByte
                0x00000000080068b8                VL53L0X_ref_calibration_io.constprop.143
                0x0000000008006956                VL53L0X_ClearInterruptMask.constprop.142
                0x00000000080069ae                VL53L0X_set_measurement_timing_budget_micro_seconds
 .text          0x0000000008006a70     0x10b0 /tmp/ccHzI61b.ltrans10.ltrans.o
                0x000000000800788c                renorm(float const*, float*)
                0x0000000008007940                dcmBodyToEarth3D
                0x0000000008007a14                dcmFromEuler(float, float, float)
                0x0000000008007ad8                pidSetController
 .text          0x0000000008007b20      0xbe8 /tmp/ccHzI61b.ltrans11.ltrans.o
                0x0000000008007b20                xBusReadRawRC(rxRuntimeConfig_s*, unsigned char) [clone .lto_priv.304]
                0x0000000008007b34                xBusDataReceive(unsigned short) [clone .lto_priv.305]
                0x0000000008007bec                flip.part.0
                0x0000000008007f88                RCC_ADCCLKConfig
                0x0000000008007fa8                RCC_GetClocksFreq
                0x0000000008008290                alignSensors
                0x00000000080083c8                batteryAdcToVoltage
                0x00000000080083f8                updateBatteryVoltage() [clone .lto_priv.282]
                0x00000000080085fc                performInflightAccelerationCalibration(rollAndPitchTrims_t*)
 .text          0x0000000008008708      0x6b4 /tmp/ccHzI61b.ltrans12.ltrans.o
                0x0000000008008880                timCCxHandler(TIM_TypeDef*, timerConfig_s*) [clone .lto_priv.183]
                0x0000000008008906                TIM1_CC_IRQHandler
                0x0000000008008914                configTimeBase
                0x00000000080089b0                lookupTimerIndex(TIM_TypeDef const*) [clone .lto_priv.216]
                0x0000000008008a08                USART2_IRQHandler
                0x0000000008008a10                USART1_IRQHandler
                0x0000000008008a18                DMA1_Channel4_IRQHandler
                0x0000000008008a54                uartOpen
 .text          0x0000000008008dbc      0xb8c /tmp/ccHzI61b.ltrans13.ltrans.o
                0x0000000008008dbc                ms5611_calculate(float*, float*, unsigned long, unsigned long) [clone .lto_priv.166]
                0x0000000008008f68                ms5611_start_up() [clone .lto_priv.164]
                0x0000000008008f72                ms5611_start_ut() [clone .lto_priv.162]
                0x0000000008008fa4                ms5611_get_up() [clone .lto_priv.165]
                0x0000000008008fa6                ms5611_get_ut() [clone .lto_priv.163]
                0x0000000008008fa8                activateControlRateConfig()
                0x0000000008008ff0                isEEPROMContentValid() [clone .lto_priv.169]
                0x000000000800903c                readEEPROM
                0x00000000080092b4                resetConf() [clone .lto_priv.199]
                0x0000000008009790                apmBaroCalibrationRead()
                0x00000000080097ec                apmBaroUpdate(unsigned long)
                0x00000000080098e0                TIM1_TRG_COM_TIM17_IRQHandler
                0x00000000080098f0                TIM1_BRK_TIM15_IRQHandler
                0x0000000008009900                TIM8_CC_IRQHandler
                0x0000000008009910                TIM8_UP_IRQHandler
                0x0000000008009914                TIM4_IRQHandler
                0x0000000008009924                TIM3_IRQHandler
                0x0000000008009934                TIM2_IRQHandler
                0x0000000008009944                TIM1_UP_TIM16_IRQHandler
 .text          0x0000000008009948      0xb0c /tmp/ccHzI61b.ltrans14.ltrans.o
                0x0000000008009948                pidMultiWii(pidProfile_s*, controlRateConfig_s*, unsigned short, rollAndPitchTrims_t*, rxConfig_s*) [clone .lto_priv.217]
                0x0000000008009bd4                pidLuxFloat(pidProfile_s*, controlRateConfig_s*, unsigned short, rollAndPitchTrims_t*, rxConfig_s*) [clone .lto_priv.218]
                0x0000000008009f24                pidResetErrorGyro
                0x0000000008009f44                pidResetErrorAngle
                0x0000000008009f60                failsafeOnLowBattery
                0x0000000008009f74                updateGains
                0x0000000008009fc4                apmCalculateEstimatedAltitude
 .text          0x000000000800a454      0x69c /tmp/ccHzI61b.ltrans15.ltrans.o
                0x000000000800a47c                mpuGyroRead
                0x000000000800a4c0                mpuAccRead
                0x000000000800a548                mpu6500GyroInit
                0x000000000800a5f0                mpu6500AccInit
                0x000000000800a604                i2cRead
                0x000000000800a6f8                mpuReadRegisterI2C(unsigned char, unsigned char, unsigned char*) [clone .lto_priv.315]
                0x000000000800a70e                i2cWriteBuffer
                0x000000000800a7fc                i2cWrite
                0x000000000800a810                mpuWriteRegisterI2C(unsigned char, unsigned char) [clone .lto_priv.316]
                0x000000000800a818                PosXYEstimate
 .text          0x000000000800aaf0      0x6b4 /tmp/ccHzI61b.ltrans16.ltrans.o
                0x000000000800ab0e                VL53L0X_get_vcsel_pulse_period
                0x000000000800ab40                set_sequence_step_timeout
                0x000000000800ac4a                get_sequence_step_timeout
                0x000000000800ad90                VL53L0X_device_read_strobe
                0x000000000800add4                VL53L0X_isqrt
                0x000000000800adfe                VL53L0X_measurement_poll_for_completion
                0x000000000800ae62                VL53L0X_perform_single_ref_calibration
                0x000000000800ae92                VL53L0X_perform_ref_calibration
                0x000000000800af22                VL53L0X_perform_ref_spad_management
 .text          0x000000000800b1a4      0x628 /tmp/ccHzI61b.ltrans17.ltrans.o
                0x000000000800b1a4                _putc(void*, char) [clone .lto_priv.322]
                0x000000000800b1aa                FLASH_GetStatus
                0x000000000800b1d4                DMA_StructInit
                0x000000000800b1ee                DMA_Init
                0x000000000800b22a                DMA_DeInit
                0x000000000800b31c                ADC_RegularChannelConfig
                0x000000000800b3d4                GPIO_Init
                0x000000000800b462                applyDeadband
                0x000000000800b480                sin_approx
                0x000000000800b544                buildRotationMatrix
                0x000000000800b600                reset_FSI
                0x000000000800b618                set_FSI
                0x000000000800b62c                disableFlightMode
                0x000000000800b64c                enableFlightMode
                0x000000000800b668                featureClear
                0x000000000800b678                featureSet
                0x000000000800b688                writeEEPROM
                0x000000000800b7b8                saveConfigAndNotify
 .text          0x000000000800b7cc      0x158 /tmp/ccHzI61b.ltrans18.ltrans.o
                0x000000000800b7cc                mwArm
                0x000000000800b864                mwDisarm
                0x000000000800b8e0                isCalibrating()
 .text          0x000000000800b924       0x68 /tmp/ccHzI61b.ltrans19.ltrans.o
                0x000000000800b924                SystemInit
 .text          0x000000000800b98c      0x134 /home/soham/compilerapi/CodeBuilder/pluto_project/gcc-arm/bin/../lib/gcc/arm-none-eabi/6.3.1/../../../../arm-none-eabi/lib/thumb/v7e-m/fpv4-sp/hard/libc.a(lib_a-memcpy.o)
                0x000000000800b98c                memcpy
 .text          0x000000000800bac0       0xdc /home/soham/compilerapi/CodeBuilder/pluto_project/gcc-arm/bin/../lib/gcc/arm-none-eabi/6.3.1/../../../../arm-none-eabi/lib/thumb/v7e-m/fpv4-sp/hard/libc.a(lib_a-strlen.o)
                0x000000000800bac0                strlen
 .text          0x000000000800bb9c       0x1c /home/soham/compilerapi/CodeBuilder/pluto_project/gcc-arm/bin/../lib/gcc/arm-none-eabi/6.3.1/thumb/v7e-m/fpv4-sp/hard/libgcc.a(_ashrdi3.o)
                0x000000000800bb9c                __ashrdi3
                0x000000000800bb9c                __aeabi_lasr
 .text          0x000000000800bbb8      0x370 /home/soham/compilerapi/CodeBuilder/pluto_project/gcc-arm/bin/../lib/gcc/arm-none-eabi/6.3.1/thumb/v7e-m/fpv4-sp/hard/libgcc.a(_arm_addsubdf3.o)
                0x000000000800bbb8                __aeabi_drsub
                0x000000000800bbc0                __aeabi_dsub
                0x000000000800bbc0                __subdf3
                0x000000000800bbc4                __adddf3
                0x000000000800bbc4                __aeabi_dadd
                0x000000000800be3c                __aeabi_ui2d
                0x000000000800be3c                __floatunsidf
                0x000000000800be5c                __floatsidf
                0x000000000800be5c                __aeabi_i2d
                0x000000000800be80                __extendsfdf2
                0x000000000800be80                __aeabi_f2d
                0x000000000800bebc                __aeabi_ul2d
                0x000000000800bebc                __floatundidf
                0x000000000800becc                __floatdidf
                0x000000000800becc                __aeabi_l2d
 .text          0x000000000800bf28      0x424 /home/soham/compilerapi/CodeBuilder/pluto_project/gcc-arm/bin/../lib/gcc/arm-none-eabi/6.3.1/thumb/v7e-m/fpv4-sp/hard/libgcc.a(_arm_muldivdf3.o)
                0x000000000800bf28                __aeabi_dmul
                0x000000000800bf28                __muldf3
                0x000000000800c17c                __aeabi_ddiv
                0x000000000800c17c                __divdf3
 .text          0x000000000800c34c       0xa0 /home/soham/compilerapi/CodeBuilder/pluto_project/gcc-arm/bin/../lib/gcc/arm-none-eabi/6.3.1/thumb/v7e-m/fpv4-sp/hard/libgcc.a(_arm_truncdfsf2.o)
                0x000000000800c34c                __aeabi_d2f
                0x000000000800c34c                __truncdfsf2
 .text          0x000000000800c3ec      0x21c /home/soham/compilerapi/CodeBuilder/pluto_project/gcc-arm/bin/../lib/gcc/arm-none-eabi/6.3.1/thumb/v7e-m/fpv4-sp/hard/libgcc.a(_arm_addsubsf3.o)
                0x000000000800c3ec                __aeabi_frsub
                0x000000000800c3f4                __subsf3
                0x000000000800c3f4                __aeabi_fsub
                0x000000000800c3f8                __aeabi_fadd
                0x000000000800c3f8                __addsf3
                0x000000000800c558                __aeabi_ui2f
                0x000000000800c558                __floatunsisf
                0x000000000800c560                __aeabi_i2f
                0x000000000800c560                __floatsisf
                0x000000000800c57c                __floatundisf
                0x000000000800c57c                __aeabi_ul2f
                0x000000000800c58c                __floatdisf
                0x000000000800c58c                __aeabi_l2f
 .text          0x000000000800c608       0xa0 /home/soham/compilerapi/CodeBuilder/pluto_project/gcc-arm/bin/../lib/gcc/arm-none-eabi/6.3.1/thumb/v7e-m/fpv4-sp/hard/libgcc.a(_aeabi_ldivmod.o)
                0x000000000800c608                __aeabi_ldivmod
 .text          0x000000000800c6a8       0x24 /home/soham/compilerapi/CodeBuilder/pluto_project/gcc-arm/bin/../lib/gcc/arm-none-eabi/6.3.1/thumb/v7e-m/fpv4-sp/hard/libgcc.a(_fixsfdi.o)
                0x000000000800c6a8                __aeabi_f2lz
                0x000000000800c6a8                __fixsfdi
 .text          0x000000000800c6cc       0x4c /home/soham/compilerapi/CodeBuilder/pluto_project/gcc-arm/bin/../lib/gcc/arm-none-eabi/6.3.1/thumb/v7e-m/fpv4-sp/hard/libgcc.a(_fixunssfdi.o)
                0x000000000800c6cc                __aeabi_f2ulz
                0x000000000800c6cc                __fixunssfdi
 .text          0x000000000800c718      0x2dc /home/soham/compilerapi/CodeBuilder/pluto_project/gcc-arm/bin/../lib/gcc/arm-none-eabi/6.3.1/thumb/v7e-m/fpv4-sp/hard/libgcc.a(_udivmoddi4.o)
                0x000000000800c718                __udivmoddi4
 .text          0x000000000800c9f4      0x9cc /home/soham/compilerapi/CodeBuilder/pluto_project/gcc-arm/bin/../lib/gcc/arm-none-eabi/6.3.1/thumb/v7e-m/fpv4-sp/hard/libgcc.a(unwind-arm.o)
                0x000000000800ccb4                _Unwind_GetCFA
                0x000000000800ccb8                __gnu_Unwind_RaiseException
                0x000000000800cd18                __gnu_Unwind_ForcedUnwind
                0x000000000800cd2c                __gnu_Unwind_Resume
                0x000000000800cd70                __gnu_Unwind_Resume_or_Rethrow
                0x000000000800cd80                _Unwind_Complete
                0x000000000800cd84                _Unwind_DeleteException
                0x000000000800cd90                _Unwind_VRS_Get
                0x000000000800cddc                _Unwind_VRS_Set
                0x000000000800ce2c                __gnu_Unwind_Backtrace
                0x000000000800d16c                __aeabi_unwind_cpp_pr0
                0x000000000800d170                __aeabi_unwind_cpp_pr1
                0x000000000800d174                __aeabi_unwind_cpp_pr2
                0x000000000800d178                _Unwind_VRS_Pop
 .text          0x000000000800d3c0      0x1ac /home/soham/compilerapi/CodeBuilder/pluto_project/gcc-arm/bin/../lib/gcc/arm-none-eabi/6.3.1/thumb/v7e-m/fpv4-sp/hard/libgcc.a(libunwind.o)
                0x000000000800d3c0                __restore_core_regs
                0x000000000800d3c0                restore_core_regs
                0x000000000800d3d8                __gnu_Unwind_Restore_VFP
                0x000000000800d3e0                __gnu_Unwind_Save_VFP
                0x000000000800d3e8                __gnu_Unwind_Restore_VFP_D
                0x000000000800d3f0                __gnu_Unwind_Save_VFP_D
                0x000000000800d3f8                __gnu_Unwind_Restore_VFP_D_16_to_31
                0x000000000800d400                __gnu_Unwind_Save_VFP_D_16_to_31
                0x000000000800d408                __gnu_Unwind_Restore_WMMXD
                0x000000000800d44c                __gnu_Unwind_Save_WMMXD
                0x000000000800d490                __gnu_Unwind_Restore_WMMXC
                0x000000000800d4a4                __gnu_Unwind_Save_WMMXC
                0x000000000800d4b8                ___Unwind_RaiseException
                0x000000000800d4b8                _Unwind_RaiseException
                0x000000000800d4dc                ___Unwind_Resume
                0x000000000800d4dc                _Unwind_Resume
                0x000000000800d500                _Unwind_Resume_or_Rethrow
                0x000000000800d500                ___Unwind_Resume_or_Rethrow
                0x000000000800d524                ___Unwind_ForcedUnwind
                0x000000000800d524                _Unwind_ForcedUnwind
                0x000000000800d548                _Unwind_Backtrace
                0x000000000800d548                ___Unwind_Backtrace
 .text          0x000000000800d56c      0x380 /home/soham/compilerapi/CodeBuilder/pluto_project/gcc-arm/bin/../lib/gcc/arm-none-eabi/6.3.1/thumb/v7e-m/fpv4-sp/hard/libgcc.a(pr-support.o)
                0x000000000800d5c4                __gnu_unwind_execute
                0x000000000800d894                __gnu_unwind_frame
                0x000000000800d8bc                _Unwind_GetRegionStart
                0x000000000800d8c8                _Unwind_GetLanguageSpecificData
                0x000000000800d8dc                _Unwind_GetTextRelBase
                0x000000000800d8e4                _Unwind_GetDataRelBase
 .text          0x000000000800d8ec        0x4 /home/soham/compilerapi/CodeBuilder/pluto_project/gcc-arm/bin/../lib/gcc/arm-none-eabi/6.3.1/thumb/v7e-m/fpv4-sp/hard/libgcc.a(_dvmd_tls.o)
                0x000000000800d8ec                __aeabi_ldiv0
                0x000000000800d8ec                __aeabi_idiv0
 .text          0x000000000800d8f0       0x40 /home/soham/compilerapi/CodeBuilder/pluto_project/gcc-arm/bin/../lib/gcc/arm-none-eabi/6.3.1/thumb/v7e-m/fpv4-sp/hard/libgcc.a(_arm_fixunsdfsi.o)
                0x000000000800d8f0                __fixunsdfsi
                0x000000000800d8f0                __aeabi_d2uiz
 *(.text*)
 .text.startup  0x000000000800d930     0x2540 /tmp/ccHzI61b.ltrans0.ltrans.o
                0x000000000800d930                main
 .text.startup  0x000000000800fe70       0x24 /tmp/ccHzI61b.ltrans9.ltrans.o
 .text.Reset_Handler
                0x000000000800fe94       0x68 ./libs/libpluto_0.3.a(startup_stm32f30x_md_gcc.o)
                0x000000000800fe94                Reset_Handler
 .text.Default_Handler
                0x000000000800fefc        0x2 ./libs/libpluto_0.3.a(startup_stm32f30x_md_gcc.o)
                0x000000000800fefc                RTC_Alarm_IRQHandler
                0x000000000800fefc                TIM8_TRG_COM_IRQHandler
                0x000000000800fefc                DebugMon_Handler
                0x000000000800fefc                HardFault_Handler
                0x000000000800fefc                USB_HP_IRQHandler
                0x000000000800fefc                PVD_IRQHandler
                0x000000000800fefc                PendSV_Handler
                0x000000000800fefc                NMI_Handler
                0x000000000800fefc                EXTI0_IRQHandler
                0x000000000800fefc                I2C2_EV_IRQHandler
                0x000000000800fefc                FPU_IRQHandler
                0x000000000800fefc                EXTI2_TS_IRQHandler
                0x000000000800fefc                UsageFault_Handler
                0x000000000800fefc                ADC1_2_IRQHandler
                0x000000000800fefc                SPI1_IRQHandler
                0x000000000800fefc                TIM6_DAC_IRQHandler
                0x000000000800fefc                DMA2_Channel2_IRQHandler
                0x000000000800fefc                USART3_IRQHandler
                0x000000000800fefc                DMA1_Channel7_IRQHandler
                0x000000000800fefc                CAN1_RX1_IRQHandler
                0x000000000800fefc                UART5_IRQHandler
                0x000000000800fefc                ADC3_IRQHandler
                0x000000000800fefc                DMA2_Channel1_IRQHandler
                0x000000000800fefc                I2C1_EV_IRQHandler
                0x000000000800fefc                DMA1_Channel6_IRQHandler
                0x000000000800fefc                UART4_IRQHandler
                0x000000000800fefc                DMA2_Channel4_IRQHandler
                0x000000000800fefc                RCC_IRQHandler
                0x000000000800fefc                DMA1_Channel1_IRQHandler
                0x000000000800fefc                Default_Handler
                0x000000000800fefc                USBWakeUp_RMP_IRQHandler
                0x000000000800fefc                TIM7_IRQHandler
                0x000000000800fefc                EXTI9_5_IRQHandler
                0x000000000800fefc                TAMPER_STAMP_IRQHandler
                0x000000000800fefc                RTC_WKUP_IRQHandler
                0x000000000800fefc                SPI2_IRQHandler
                0x000000000800fefc                MemManage_Handler
                0x000000000800fefc                SVC_Handler
                0x000000000800fefc                DMA2_Channel5_IRQHandler
                0x000000000800fefc                DMA1_Channel5_IRQHandler
                0x000000000800fefc                USB_LP_IRQHandler
                0x000000000800fefc                EXTI4_IRQHandler
                0x000000000800fefc                USB_LP_CAN1_RX0_IRQHandler
                0x000000000800fefc                USB_HP_CAN1_TX_IRQHandler
                0x000000000800fefc                DMA1_Channel3_IRQHandler
                0x000000000800fefc                ADC4_IRQHandler
                0x000000000800fefc                WWDG_IRQHandler
                0x000000000800fefc                COMP7_IRQHandler
                0x000000000800fefc                COMP1_2_3_IRQHandler
                0x000000000800fefc                EXTI1_IRQHandler
                0x000000000800fefc                COMP4_5_6_IRQHandler
                0x000000000800fefc                I2C2_ER_IRQHandler
                0x000000000800fefc                DMA1_Channel2_IRQHandler
                0x000000000800fefc                TIM8_BRK_IRQHandler
                0x000000000800fefc                CAN1_SCE_IRQHandler
                0x000000000800fefc                FLASH_IRQHandler
                0x000000000800fefc                BusFault_Handler
                0x000000000800fefc                SPI3_IRQHandler
                0x000000000800fefc                I2C1_ER_IRQHandler
                0x000000000800fefc                USBWakeUp_IRQHandler
                0x000000000800fefc                DMA2_Channel3_IRQHandler
 *fill*         0x000000000800fefe        0x2 
 .text.cosf     0x000000000800ff00       0x90 /home/soham/compilerapi/CodeBuilder/pluto_project/gcc-arm/bin/../lib/gcc/arm-none-eabi/6.3.1/../../../../arm-none-eabi/lib/thumb/v7e-m/fpv4-sp/hard/libm.a(lib_a-sf_cos.o)
                0x000000000800ff00                cosf
 .text.lrintf   0x000000000800ff90       0x98 /home/soham/compilerapi/CodeBuilder/pluto_project/gcc-arm/bin/../lib/gcc/arm-none-eabi/6.3.1/../../../../arm-none-eabi/lib/thumb/v7e-m/fpv4-sp/hard/libm.a(lib_a-sf_lrint.o)
                0x000000000800ff90                lrintf
 .text.sinf     0x0000000008010028       0x94 /home/soham/compilerapi/CodeBuilder/pluto_project/gcc-arm/bin/../lib/gcc/arm-none-eabi/6.3.1/../../../../arm-none-eabi/lib/thumb/v7e-m/fpv4-sp/hard/libm.a(lib_a-sf_sin.o)
                0x0000000008010028                sinf
 .text.acosf    0x00000000080100bc       0xb8 /home/soham/compilerapi/CodeBuilder/pluto_project/gcc-arm/bin/../lib/gcc/arm-none-eabi/6.3.1/../../../../arm-none-eabi/lib/thumb/v7e-m/fpv4-sp/hard/libm.a(lib_a-wf_acos.o)
                0x00000000080100bc                acosf
 .text.asinf    0x0000000008010174       0xb8 /home/soham/compilerapi/CodeBuilder/pluto_project/gcc-arm/bin/../lib/gcc/arm-none-eabi/6.3.1/../../../../arm-none-eabi/lib/thumb/v7e-m/fpv4-sp/hard/libm.a(lib_a-wf_asin.o)
                0x0000000008010174                asinf
 .text.atan2f   0x000000000801022c        0x4 /home/soham/compilerapi/CodeBuilder/pluto_project/gcc-arm/bin/../lib/gcc/arm-none-eabi/6.3.1/../../../../arm-none-eabi/lib/thumb/v7e-m/fpv4-sp/hard/libm.a(lib_a-wf_atan2.o)
                0x000000000801022c                atan2f
 .text.logf     0x0000000008010230       0xf8 /home/soham/compilerapi/CodeBuilder/pluto_project/gcc-arm/bin/../lib/gcc/arm-none-eabi/6.3.1/../../../../arm-none-eabi/lib/thumb/v7e-m/fpv4-sp/hard/libm.a(lib_a-wf_log.o)
                0x0000000008010230                logf
 .text.sqrtf    0x0000000008010328       0xac /home/soham/compilerapi/CodeBuilder/pluto_project/gcc-arm/bin/../lib/gcc/arm-none-eabi/6.3.1/../../../../arm-none-eabi/lib/thumb/v7e-m/fpv4-sp/hard/libm.a(lib_a-wf_sqrt.o)
                0x0000000008010328                sqrtf
 .text.__ieee754_acosf
                0x00000000080103d4      0x244 /home/soham/compilerapi/CodeBuilder/pluto_project/gcc-arm/bin/../lib/gcc/arm-none-eabi/6.3.1/../../../../arm-none-eabi/lib/thumb/v7e-m/fpv4-sp/hard/libm.a(lib_a-ef_acos.o)
                0x00000000080103d4                __ieee754_acosf
 .text.__ieee754_asinf
                0x0000000008010618      0x1f8 /home/soham/compilerapi/CodeBuilder/pluto_project/gcc-arm/bin/../lib/gcc/arm-none-eabi/6.3.1/../../../../arm-none-eabi/lib/thumb/v7e-m/fpv4-sp/hard/libm.a(lib_a-ef_asin.o)
                0x0000000008010618                __ieee754_asinf
 .text.__ieee754_atan2f
                0x0000000008010810      0x180 /home/soham/compilerapi/CodeBuilder/pluto_project/gcc-arm/bin/../lib/gcc/arm-none-eabi/6.3.1/../../../../arm-none-eabi/lib/thumb/v7e-m/fpv4-sp/hard/libm.a(lib_a-ef_atan2.o)
                0x0000000008010810                __ieee754_atan2f
 .text.__ieee754_logf
                0x0000000008010990      0x218 /home/soham/compilerapi/CodeBuilder/pluto_project/gcc-arm/bin/../lib/gcc/arm-none-eabi/6.3.1/../../../../arm-none-eabi/lib/thumb/v7e-m/fpv4-sp/hard/libm.a(lib_a-ef_log.o)
                0x0000000008010990                __ieee754_logf
 .text.__ieee754_rem_pio2f
                0x0000000008010ba8      0x290 /home/soham/compilerapi/CodeBuilder/pluto_project/gcc-arm/bin/../lib/gcc/arm-none-eabi/6.3.1/../../../../arm-none-eabi/lib/thumb/v7e-m/fpv4-sp/hard/libm.a(lib_a-ef_rem_pio2.o)
                0x0000000008010ba8                __ieee754_rem_pio2f
 .text.__ieee754_sqrtf
                0x0000000008010e38        0x8 /home/soham/compilerapi/CodeBuilder/pluto_project/gcc-arm/bin/../lib/gcc/arm-none-eabi/6.3.1/../../../../arm-none-eabi/lib/thumb/v7e-m/fpv4-sp/hard/libm.a(lib_a-ef_sqrt.o)
                0x0000000008010e38                __ieee754_sqrtf
 .text.__kernel_cosf
                0x0000000008010e40      0x104 /home/soham/compilerapi/CodeBuilder/pluto_project/gcc-arm/bin/../lib/gcc/arm-none-eabi/6.3.1/../../../../arm-none-eabi/lib/thumb/v7e-m/fpv4-sp/hard/libm.a(lib_a-kf_cos.o)
                0x0000000008010e40                __kernel_cosf
 .text.__kernel_rem_pio2f
                0x0000000008010f44      0x690 /home/soham/compilerapi/CodeBuilder/pluto_project/gcc-arm/bin/../lib/gcc/arm-none-eabi/6.3.1/../../../../arm-none-eabi/lib/thumb/v7e-m/fpv4-sp/hard/libm.a(lib_a-kf_rem_pio2.o)
                0x0000000008010f44                __kernel_rem_pio2f
 .text.__kernel_sinf
                0x00000000080115d4       0x90 /home/soham/compilerapi/CodeBuilder/pluto_project/gcc-arm/bin/../lib/gcc/arm-none-eabi/6.3.1/../../../../arm-none-eabi/lib/thumb/v7e-m/fpv4-sp/hard/libm.a(lib_a-kf_sin.o)
                0x00000000080115d4                __kernel_sinf
 .text.matherr  0x0000000008011664        0x4 /home/soham/compilerapi/CodeBuilder/pluto_project/gcc-arm/bin/../lib/gcc/arm-none-eabi/6.3.1/../../../../arm-none-eabi/lib/thumb/v7e-m/fpv4-sp/hard/libm.a(lib_a-s_matherr.o)
                0x0000000008011664                matherr
 .text.nan      0x0000000008011668       0x10 /home/soham/compilerapi/CodeBuilder/pluto_project/gcc-arm/bin/../lib/gcc/arm-none-eabi/6.3.1/../../../../arm-none-eabi/lib/thumb/v7e-m/fpv4-sp/hard/libm.a(lib_a-s_nan.o)
                0x0000000008011668                nan
 .text.atanf    0x0000000008011678      0x1b0 /home/soham/compilerapi/CodeBuilder/pluto_project/gcc-arm/bin/../lib/gcc/arm-none-eabi/6.3.1/../../../../arm-none-eabi/lib/thumb/v7e-m/fpv4-sp/hard/libm.a(lib_a-sf_atan.o)
                0x0000000008011678                atanf
 .text.fabsf    0x0000000008011828       0x10 /home/soham/compilerapi/CodeBuilder/pluto_project/gcc-arm/bin/../lib/gcc/arm-none-eabi/6.3.1/../../../../arm-none-eabi/lib/thumb/v7e-m/fpv4-sp/hard/libm.a(lib_a-sf_fabs.o)
                0x0000000008011828                fabsf
 .text.floorf   0x0000000008011838       0x90 /home/soham/compilerapi/CodeBuilder/pluto_project/gcc-arm/bin/../lib/gcc/arm-none-eabi/6.3.1/../../../../arm-none-eabi/lib/thumb/v7e-m/fpv4-sp/hard/libm.a(lib_a-sf_floor.o)
                0x0000000008011838                floorf
 .text.scalbnf  0x00000000080118c8       0xd0 /home/soham/compilerapi/CodeBuilder/pluto_project/gcc-arm/bin/../lib/gcc/arm-none-eabi/6.3.1/../../../../arm-none-eabi/lib/thumb/v7e-m/fpv4-sp/hard/libm.a(lib_a-sf_scalbn.o)
                0x00000000080118c8                scalbnf
 .text.copysignf
                0x0000000008011998       0x18 /home/soham/compilerapi/CodeBuilder/pluto_project/gcc-arm/bin/../lib/gcc/arm-none-eabi/6.3.1/../../../../arm-none-eabi/lib/thumb/v7e-m/fpv4-sp/hard/libm.a(lib_a-sf_copysign.o)
                0x0000000008011998                copysignf
 .text.__errno  0x00000000080119b0        0xc /home/soham/compilerapi/CodeBuilder/pluto_project/gcc-arm/bin/../lib/gcc/arm-none-eabi/6.3.1/../../../../arm-none-eabi/lib/thumb/v7e-m/fpv4-sp/hard/libc.a(lib_a-errno.o)
                0x00000000080119b0                __errno
 .text.memset   0x00000000080119bc       0x9c /home/soham/compilerapi/CodeBuilder/pluto_project/gcc-arm/bin/../lib/gcc/arm-none-eabi/6.3.1/../../../../arm-none-eabi/lib/thumb/v7e-m/fpv4-sp/hard/libc.a(lib_a-memset.o)
                0x00000000080119bc                memset
 .text.strchr   0x0000000008011a58       0xe8 /home/soham/compilerapi/CodeBuilder/pluto_project/gcc-arm/bin/../lib/gcc/arm-none-eabi/6.3.1/../../../../arm-none-eabi/lib/thumb/v7e-m/fpv4-sp/hard/libc.a(lib_a-strchr.o)
                0x0000000008011a58                strchr
 .text.abort    0x0000000008011b40       0x10 /home/soham/compilerapi/CodeBuilder/pluto_project/gcc-arm/bin/../lib/gcc/arm-none-eabi/6.3.1/../../../../arm-none-eabi/lib/thumb/v7e-m/fpv4-sp/hard/libg.a(lib_a-abort.o)
                0x0000000008011b40                abort
 .text._raise_r
                0x0000000008011b50       0x60 /home/soham/compilerapi/CodeBuilder/pluto_project/gcc-arm/bin/../lib/gcc/arm-none-eabi/6.3.1/../../../../arm-none-eabi/lib/thumb/v7e-m/fpv4-sp/hard/libg.a(lib_a-signal.o)
                0x0000000008011b50                _raise_r
 .text.raise    0x0000000008011bb0       0x10 /home/soham/compilerapi/CodeBuilder/pluto_project/gcc-arm/bin/../lib/gcc/arm-none-eabi/6.3.1/../../../../arm-none-eabi/lib/thumb/v7e-m/fpv4-sp/hard/libg.a(lib_a-signal.o)
                0x0000000008011bb0                raise
 .text._kill_r  0x0000000008011bc0       0x28 /home/soham/compilerapi/CodeBuilder/pluto_project/gcc-arm/bin/../lib/gcc/arm-none-eabi/6.3.1/../../../../arm-none-eabi/lib/thumb/v7e-m/fpv4-sp/hard/libg.a(lib_a-signalr.o)
                0x0000000008011bc0                _kill_r
 .text._getpid_r
                0x0000000008011be8        0x4 /home/soham/compilerapi/CodeBuilder/pluto_project/gcc-arm/bin/../lib/gcc/arm-none-eabi/6.3.1/../../../../arm-none-eabi/lib/thumb/v7e-m/fpv4-sp/hard/libg.a(lib_a-signalr.o)
                0x0000000008011be8                _getpid_r
 .text._getpid  0x0000000008011bec       0x10 /home/soham/compilerapi/CodeBuilder/pluto_project/gcc-arm/bin/../lib/gcc/arm-none-eabi/6.3.1/../../../../arm-none-eabi/lib/thumb/v7e-m/fpv4-sp/hard/libnosys.a(getpid.o)
                0x0000000008011bec                _getpid
 .text._kill    0x0000000008011bfc       0x10 /home/soham/compilerapi/CodeBuilder/pluto_project/gcc-arm/bin/../lib/gcc/arm-none-eabi/6.3.1/../../../../arm-none-eabi/lib/thumb/v7e-m/fpv4-sp/hard/libnosys.a(kill.o)
                0x0000000008011bfc                _kill
 .text._exit    0x0000000008011c0c        0x4 /home/soham/compilerapi/CodeBuilder/pluto_project/gcc-arm/bin/../lib/gcc/arm-none-eabi/6.3.1/../../../../arm-none-eabi/lib/thumb/v7e-m/fpv4-sp/hard/libnosys.a(_exit.o)
                0x0000000008011c0c                _exit
 *(.rodata)
 .rodata        0x0000000008011c10      0x11e /tmp/ccHzI61b.ltrans1.ltrans.o
 .rodata        0x0000000008011d2e       0x3c /tmp/ccHzI61b.ltrans3.ltrans.o
 .rodata        0x0000000008011d6a       0x30 /tmp/ccHzI61b.ltrans4.ltrans.o
 *fill*         0x0000000008011d9a        0x2 
 .rodata        0x0000000008011d9c      0x150 /tmp/ccHzI61b.ltrans6.ltrans.o
                0x0000000008011d9c                _ZL5boxes.lto_priv.200
 .rodata        0x0000000008011eec      0x120 /tmp/ccHzI61b.ltrans7.ltrans.o
                0x0000000008012008                magneticDeclination
 .rodata        0x000000000801200c       0x14 /tmp/ccHzI61b.ltrans9.ltrans.o
                0x000000000801200c                refArrayQuadrants
                0x000000000801201c                serialPortIdentifiers
 .rodata        0x0000000008012020       0x20 /tmp/ccHzI61b.ltrans12.ltrans.o
                0x000000000801203c                SystemCoreClock
 .rodata        0x0000000008012040       0x15 /tmp/ccHzI61b.ltrans13.ltrans.o
 *(.rodata*)
 .rodata.str1.1
                0x0000000008012055       0x23 /tmp/ccHzI61b.ltrans4.ltrans.o
 .rodata.str1.1
                0x0000000008012078       0xe2 /tmp/ccHzI61b.ltrans6.ltrans.o
 .rodata.str1.1
                0x000000000801215a       0xa1 /tmp/ccHzI61b.ltrans7.ltrans.o
                                         0xa8 (size before relaxing)
 .rodata.str1.1
                0x00000000080121fb        0x9 /tmp/ccHzI61b.ltrans13.ltrans.o
 .rodata.TWO23  0x0000000008012204        0x8 /home/soham/compilerapi/CodeBuilder/pluto_project/gcc-arm/bin/../lib/gcc/arm-none-eabi/6.3.1/../../../../arm-none-eabi/lib/thumb/v7e-m/fpv4-sp/hard/libm.a(lib_a-sf_lrint.o)
 .rodata.acosf.str1.4
                0x000000000801220c        0x6 /home/soham/compilerapi/CodeBuilder/pluto_project/gcc-arm/bin/../lib/gcc/arm-none-eabi/6.3.1/../../../../arm-none-eabi/lib/thumb/v7e-m/fpv4-sp/hard/libm.a(lib_a-wf_acos.o)
                                          0x9 (size before relaxing)
 *fill*         0x0000000008012212        0x2 
 .rodata.asinf.str1.4
                0x0000000008012214        0x6 /home/soham/compilerapi/CodeBuilder/pluto_project/gcc-arm/bin/../lib/gcc/arm-none-eabi/6.3.1/../../../../arm-none-eabi/lib/thumb/v7e-m/fpv4-sp/hard/libm.a(lib_a-wf_asin.o)
                                          0x9 (size before relaxing)
 *fill*         0x000000000801221a        0x2 
 .rodata.logf.str1.4
                0x000000000801221c        0x5 /home/soham/compilerapi/CodeBuilder/pluto_project/gcc-arm/bin/../lib/gcc/arm-none-eabi/6.3.1/../../../../arm-none-eabi/lib/thumb/v7e-m/fpv4-sp/hard/libm.a(lib_a-wf_log.o)
                                          0x9 (size before relaxing)
 *fill*         0x0000000008012221        0x3 
 .rodata.sqrtf.str1.4
                0x0000000008012224        0x8 /home/soham/compilerapi/CodeBuilder/pluto_project/gcc-arm/bin/../lib/gcc/arm-none-eabi/6.3.1/../../../../arm-none-eabi/lib/thumb/v7e-m/fpv4-sp/hard/libm.a(lib_a-wf_sqrt.o)
                                          0x6 (size before relaxing)
 .rodata.npio2_hw
                0x000000000801222c       0x80 /home/soham/compilerapi/CodeBuilder/pluto_project/gcc-arm/bin/../lib/gcc/arm-none-eabi/6.3.1/../../../../arm-none-eabi/lib/thumb/v7e-m/fpv4-sp/hard/libm.a(lib_a-ef_rem_pio2.o)
 .rodata.two_over_pi
                0x00000000080122ac      0x318 /home/soham/compilerapi/CodeBuilder/pluto_project/gcc-arm/bin/../lib/gcc/arm-none-eabi/6.3.1/../../../../arm-none-eabi/lib/thumb/v7e-m/fpv4-sp/hard/libm.a(lib_a-ef_rem_pio2.o)
 .rodata.PIo2   0x00000000080125c4       0x2c /home/soham/compilerapi/CodeBuilder/pluto_project/gcc-arm/bin/../lib/gcc/arm-none-eabi/6.3.1/../../../../arm-none-eabi/lib/thumb/v7e-m/fpv4-sp/hard/libm.a(lib_a-kf_rem_pio2.o)
 .rodata.init_jk
                0x00000000080125f0        0xc /home/soham/compilerapi/CodeBuilder/pluto_project/gcc-arm/bin/../lib/gcc/arm-none-eabi/6.3.1/../../../../arm-none-eabi/lib/thumb/v7e-m/fpv4-sp/hard/libm.a(lib_a-kf_rem_pio2.o)
 .rodata.atanhi
                0x00000000080125fc       0x10 /home/soham/compilerapi/CodeBuilder/pluto_project/gcc-arm/bin/../lib/gcc/arm-none-eabi/6.3.1/../../../../arm-none-eabi/lib/thumb/v7e-m/fpv4-sp/hard/libm.a(lib_a-sf_atan.o)
 .rodata.atanlo
                0x000000000801260c       0x10 /home/soham/compilerapi/CodeBuilder/pluto_project/gcc-arm/bin/../lib/gcc/arm-none-eabi/6.3.1/../../../../arm-none-eabi/lib/thumb/v7e-m/fpv4-sp/hard/libm.a(lib_a-sf_atan.o)
 *(.glue_7)
 .glue_7        0x000000000801261c        0x0 linker stubs
 *(.glue_7t)
 .glue_7t       0x000000000801261c        0x0 linker stubs
 *(.eh_frame)
 *(.init)
 *(.fini)
                0x000000000801261c                . = ALIGN (0x4)
                0x000000000801261c                _etext = .

.vfp11_veneer   0x000000000801261c        0x0
 .vfp11_veneer  0x000000000801261c        0x0 linker stubs

.v4_bx          0x000000000801261c        0x0
 .v4_bx         0x000000000801261c        0x0 linker stubs

.iplt           0x000000000801261c        0x0
 .iplt          0x000000000801261c        0x0 ./libs/libpluto_0.3.a(startup_stm32f30x_md_gcc.o)

.ARM.extab      0x000000000801261c       0x84
 *(.ARM.extab* .gnu.linkonce.armextab.*)
 .ARM.extab.text.startup
                0x000000000801261c        0xc /tmp/ccHzI61b.ltrans0.ltrans.o
 .ARM.extab     0x0000000008012628        0xc /tmp/ccHzI61b.ltrans4.ltrans.o
 .ARM.extab     0x0000000008012634        0xc /tmp/ccHzI61b.ltrans6.ltrans.o
 .ARM.extab     0x0000000008012640        0xc /tmp/ccHzI61b.ltrans7.ltrans.o
 .ARM.extab     0x000000000801264c       0x18 /tmp/ccHzI61b.ltrans10.ltrans.o
 .ARM.extab     0x0000000008012664        0xc /tmp/ccHzI61b.ltrans11.ltrans.o
 .ARM.extab     0x0000000008012670       0x18 /tmp/ccHzI61b.ltrans14.ltrans.o
 .ARM.extab     0x0000000008012688       0x18 /home/soham/compilerapi/CodeBuilder/pluto_project/gcc-arm/bin/../lib/gcc/arm-none-eabi/6.3.1/thumb/v7e-m/fpv4-sp/hard/libgcc.a(pr-support.o)

.ARM            0x00000000080126a0      0x1e8
                0x00000000080126a0                __exidx_start = .
 *(.ARM.exidx*)
 .ARM.exidx.text.startup
                0x0000000008012878        0x8 /tmp/ccHzI61b.ltrans0.ltrans.o
 .ARM.exidx     0x00000000080126a0        0x8 /tmp/ccHzI61b.ltrans1.ltrans.o
 .ARM.exidx     0x00000000080126a8        0x8 /tmp/ccHzI61b.ltrans3.ltrans.o
 .ARM.exidx     0x00000000080126b0        0x8 /tmp/ccHzI61b.ltrans4.ltrans.o
 .ARM.exidx     0x00000000080126b8        0x8 /tmp/ccHzI61b.ltrans5.ltrans.o
                                         0x50 (size before relaxing)
 .ARM.exidx     0x00000000080126c0       0x10 /tmp/ccHzI61b.ltrans6.ltrans.o
                                         0x38 (size before relaxing)
 .ARM.exidx     0x00000000080126d0       0x48 /tmp/ccHzI61b.ltrans7.ltrans.o
                                         0xa8 (size before relaxing)
 .ARM.exidx     0x0000000008012718        0x0 /tmp/ccHzI61b.ltrans8.ltrans.o
                                          0x8 (size before relaxing)
 .ARM.exidx.text.startup
                0x0000000008012880        0x8 /tmp/ccHzI61b.ltrans9.ltrans.o
 .ARM.exidx     0x0000000008012718        0x8 /tmp/ccHzI61b.ltrans9.ltrans.o
                                         0x38 (size before relaxing)
 .ARM.exidx     0x0000000008012720       0x30 /tmp/ccHzI61b.ltrans10.ltrans.o
                                         0x40 (size before relaxing)
 .ARM.exidx     0x0000000008012750       0x10 /tmp/ccHzI61b.ltrans11.ltrans.o
                                         0x38 (size before relaxing)
 .ARM.exidx     0x0000000008012760       0x10 /tmp/ccHzI61b.ltrans12.ltrans.o
                                         0x20 (size before relaxing)
 .ARM.exidx     0x0000000008012770       0x18 /tmp/ccHzI61b.ltrans13.ltrans.o
                                         0xa0 (size before relaxing)
 .ARM.exidx     0x0000000008012788       0x20 /tmp/ccHzI61b.ltrans14.ltrans.o
                                         0x38 (size before relaxing)
 .ARM.exidx     0x00000000080127a8       0x20 /tmp/ccHzI61b.ltrans15.ltrans.o
                                         0x40 (size before relaxing)
 .ARM.exidx     0x00000000080127c8        0x0 /tmp/ccHzI61b.ltrans17.ltrans.o
                                         0x60 (size before relaxing)
 .ARM.exidx     0x00000000080127c8        0x0 /tmp/ccHzI61b.ltrans18.ltrans.o
                                         0x18 (size before relaxing)
 .ARM.exidx     0x00000000080127c8        0x0 /home/soham/compilerapi/CodeBuilder/pluto_project/gcc-arm/bin/../lib/gcc/arm-none-eabi/6.3.1/thumb/v7e-m/fpv4-sp/hard/libgcc.a(_udivmoddi4.o)
                                          0x8 (size before relaxing)
 .ARM.exidx     0x00000000080127c8       0x78 /home/soham/compilerapi/CodeBuilder/pluto_project/gcc-arm/bin/../lib/gcc/arm-none-eabi/6.3.1/thumb/v7e-m/fpv4-sp/hard/libgcc.a(unwind-arm.o)
                                         0xd8 (size before relaxing)
 .ARM.exidx     0x0000000008012840       0x38 /home/soham/compilerapi/CodeBuilder/pluto_project/gcc-arm/bin/../lib/gcc/arm-none-eabi/6.3.1/thumb/v7e-m/fpv4-sp/hard/libgcc.a(pr-support.o)
                                         0x48 (size before relaxing)
                0x0000000008012888                __exidx_end = .

.rel.dyn        0x0000000008012888        0x0
 .rel.iplt      0x0000000008012888        0x0 ./libs/libpluto_0.3.a(startup_stm32f30x_md_gcc.o)

.preinit_array  0x0000000008012888        0x0
                [!provide]                        PROVIDE (__preinit_array_start, .)
 *(.preinit_array*)
                [!provide]                        PROVIDE (__preinit_array_end, .)

.init_array     0x0000000008012888        0x4
                [!provide]                        PROVIDE (__init_array_start, .)
 *(SORT(.init_array.*))
 *(.init_array*)
 .init_array    0x0000000008012888        0x4 /tmp/ccHzI61b.ltrans9.ltrans.o
                [!provide]                        PROVIDE (__init_array_end, .)

.fini_array     0x000000000801288c        0x0
                [!provide]                        PROVIDE (__fini_array_start, .)
 *(.fini_array*)
 *(SORT(.fini_array.*))
                [!provide]                        PROVIDE (__fini_array_end, .)
                0x000000000801288c                _sidata = .

.data           0x0000000020000000      0x4e8 load address 0x000000000801288c
                0x0000000020000000                . = ALIGN (0x4)
                0x0000000020000000                _sdata = .
 *(.data)
 .data          0x0000000020000000       0x11 /tmp/ccHzI61b.ltrans0.ltrans.o
                0x000000002000000c                userLoopFrequency
 *fill*         0x0000000020000011        0x1 
 .data          0x0000000020000012        0x4 /tmp/ccHzI61b.ltrans3.ltrans.o
                0x0000000020000012                _ZL18rxIsInFailsafeMode.lto_priv.257
                0x0000000020000013                _ZL31rxIsInFailsafeModeNotDataDriven.lto_priv.259
                0x0000000020000014                headFreeModeHold
 *fill*         0x0000000020000016        0x2 
 .data          0x0000000020000018        0xc /tmp/ccHzI61b.ltrans5.ltrans.o
 .data          0x0000000020000024       0x14 /tmp/ccHzI61b.ltrans6.ltrans.o
                0x0000000020000024                _ZL8geometry.lto_priv.201
                0x0000000020000034                command_status
                0x0000000020000036                max_altitude
 .data          0x0000000020000038       0x2c /tmp/ccHzI61b.ltrans7.ltrans.o
                0x0000000020000038                dcm_matrix
 .data          0x0000000020000064        0x5 /tmp/ccHzI61b.ltrans9.ltrans.o
                0x0000000020000064                _ZL13rcReadRawFunc.lto_priv.235
                0x0000000020000068                _ZL18isUsingSticksToArm.lto_priv.231
 *fill*         0x0000000020000069        0x3 
 .data          0x000000002000006c        0x4 /tmp/ccHzI61b.ltrans10.ltrans.o
                0x000000002000006c                pid_controller
 .data          0x0000000020000070       0x31 /tmp/ccHzI61b.ltrans11.ltrans.o
                0x00000000200000a0                _ZL22standardBoardAlignment.lto_priv.317
 *fill*         0x00000000200000a1        0x3 
 .data          0x00000000200000a4        0x9 /tmp/ccHzI61b.ltrans14.ltrans.o
                0x00000000200000ac                velocityControl
 *fill*         0x00000000200000ad        0x1 
 .data          0x00000000200000ae        0x4 /tmp/ccHzI61b.ltrans15.ltrans.o
                0x00000000200000ae                acc_1G
 .data          0x00000000200000b2        0x6 /tmp/ccHzI61b.ltrans18.ltrans.o
                0x00000000200000b2                setLandTimer
                0x00000000200000b4                takeOffHeight
                0x00000000200000b6                landThrottle
 *(.data*)
 .data.__fdlib_version
                0x00000000200000b8        0x1 /home/soham/compilerapi/CodeBuilder/pluto_project/gcc-arm/bin/../lib/gcc/arm-none-eabi/6.3.1/../../../../arm-none-eabi/lib/thumb/v7e-m/fpv4-sp/hard/libm.a(lib_a-s_lib_ver.o)
                0x00000000200000b8                __fdlib_version
 *fill*         0x00000000200000b9        0x3 
 .data._impure_ptr
                0x00000000200000bc        0x4 /home/soham/compilerapi/CodeBuilder/pluto_project/gcc-arm/bin/../lib/gcc/arm-none-eabi/6.3.1/../../../../arm-none-eabi/lib/thumb/v7e-m/fpv4-sp/hard/libc.a(lib_a-impure.o)
                0x00000000200000bc                _impure_ptr
 .data.impure_data
                0x00000000200000c0      0x428 /home/soham/compilerapi/CodeBuilder/pluto_project/gcc-arm/bin/../lib/gcc/arm-none-eabi/6.3.1/../../../../arm-none-eabi/lib/thumb/v7e-m/fpv4-sp/hard/libc.a(lib_a-impure.o)
                0x00000000200004e8                . = ALIGN (0x4)
                0x00000000200004e8                _edata = .

.igot.plt       0x00000000200004e8        0x0 load address 0x0000000008012d74
 .igot.plt      0x00000000200004e8        0x0 ./libs/libpluto_0.3.a(startup_stm32f30x_md_gcc.o)
                0x00000000200004e8                . = ALIGN (0x4)

.bss            0x00000000200004e8     0x1af0 load address 0x0000000008012d74
                0x00000000200004e8                _sbss = .
                0x00000000200004e8                __bss_start__ = _sbss
 *(.bss)
 .bss           0x00000000200004e8      0x2bd /tmp/ccHzI61b.ltrans0.ltrans.o
                0x0000000020000508                gyroAlign
                0x000000002000055c                acc
                0x0000000020000568                accAlign
                0x00000000200005ac                smallAngle
                0x00000000200005b0                previousTime
                0x00000000200005c4                _ZL12batteryState.lto_priv.290
                0x00000000200005c6                batteryWarningVoltage
                0x00000000200005c8                batteryCriticalVoltage
                0x00000000200005e4                _ZL8mspPorts.lto_priv.312
                0x000000002000067e                _ZL13rxRefreshRate.lto_priv.292
                0x00000000200006c4                _ZL12currentMixer.lto_priv.283
                0x0000000020000784                motorControlEnable
                0x00000000200007a4                batteryCellCount
 *fill*         0x00000000200007a5        0x3 
 .bss           0x00000000200007a8      0x150 /tmp/ccHzI61b.ltrans1.ltrans.o
 .bss           0x00000000200008f8      0x10c /tmp/ccHzI61b.ltrans3.ltrans.o
                0x00000000200008f8                _ZL10rxUpdateAt.lto_priv.256
                0x0000000020000920                _ZL16rxSignalReceived.lto_priv.241
                0x0000000020000921                _ZL29rxSignalReceivedNotDataDriven.lto_priv.258
                0x0000000020000923                _ZL13rcSampleIndex.lto_priv.291
                0x00000000200009a0                _ZL8rxConfig.lto_priv.309
                0x00000000200009a4                _ZL8disarmAt.lto_priv.237
                0x00000000200009ab                isThrottleStickArmed
                0x00000000200009ac                netAccMagnitude
                0x00000000200009b0                calibratingG
                0x00000000200009b4                isHeadSet
                0x00000000200009b8                rcInvalidPulsPeriod
                0x0000000020000a00                calibratingB
                0x0000000020000a02                isChukedArmed
                0x0000000020000a03                isTookOff
 .bss           0x0000000020000a04       0x98 /tmp/ccHzI61b.ltrans4.ltrans.o
                0x0000000020000a04                _ZL14enabledSensors.lto_priv.227
                0x0000000020000a08                _ZL16activeBoxIdCount.lto_priv.311
                0x0000000020000a09                _ZL12activeBoxIds.lto_priv.310
                0x0000000020000a26                accSmooth
                0x0000000020000a2c                gyroADC
                0x0000000020000a32                motor
                0x0000000020000a4a                inclination_generalised
                0x0000000020000a50                heading
                0x0000000020000a54                _ZL6EstAlt.lto_priv.225
                0x0000000020000a58                vario
                0x0000000020000a5c                mAhDrawn
                0x0000000020000a60                rssi
                0x0000000020000a64                amperage
                0x0000000020000a68                _ZL15serialPortCount.lto_priv.319
                0x0000000020000a6c                _ZL19serialPortUsageList.lto_priv.213
 .bss           0x0000000020000a9c      0x158 /tmp/ccHzI61b.ltrans5.ltrans.o
                0x0000000020000a9c                ppmDev
                0x0000000020000ae4                _ZL8captures.lto_priv.191
                0x0000000020000afc                _ZL13ppmFrameCount.lto_priv.260
                0x0000000020000b00                _ZL6motors.lto_priv.215
                0x0000000020000b30                _ZL11couldBeBusy.lto_priv.194
 .bss           0x0000000020000bf4      0x21d /tmp/ccHzI61b.ltrans6.ltrans.o
                0x0000000020000bf4                spekChannelData.lto_priv.279
                0x0000000020000c24                sumhChannels.lto_priv.265
                0x0000000020000c44                sumdChannels.lto_priv.270
                0x0000000020000c64                sbusChannelData.lto_priv.273
                0x0000000020000cd5                spekFrame.lto_priv.275
                0x0000000020000ce5                rcFrameComplete.lto_priv.274
                0x0000000020000ced                sumhFrame.lto_priv.264
                0x0000000020000d02                sumhFrameDone.lto_priv.263
                0x0000000020000d09                sumdFrameDone.lto_priv.266
                0x0000000020000d0a                crc.lto_priv.267
                0x0000000020000d0c                sumdChannelCount.lto_priv.268
                0x0000000020000d0d                sumd.lto_priv.269
                0x0000000020000d39                sbusFrame.lto_priv.272
                0x0000000020000d52                sbusFrameDone.lto_priv.271
                0x0000000020000d53                _ZL16xBusChannelCount.lto_priv.302
                0x0000000020000d54                _ZL17xBusFrameReceived.lto_priv.262
                0x0000000020000d58                _ZL20suspendRxSignalUntil.lto_priv.234
                0x0000000020000d5c                _ZL13skipRxSamples.lto_priv.233
                0x0000000020000d5d                _ZL10bufferTail.lto_priv.203
                0x0000000020000d5e                _ZL10bufferHead.lto_priv.205
                0x0000000020000d5f                _ZL16flashWriteBuffer.lto_priv.204
                0x0000000020000de0                _ZL11tailAddress.lto_priv.202
                0x0000000020000de4                _ZL11currentPort.lto_priv.212
                0x0000000020000de8                armingFlags
                0x0000000020000dea                magHold
                0x0000000020000dec                rxMspFrameDone.lto_priv.261
                0x0000000020000dee                motor_disarmed
                0x0000000020000e06                isLanding
                0x0000000020000e07                current_command
                0x0000000020000e08                calibratingA
                0x0000000020000e0c                _ZL12serialConfig.lto_priv.214
                0x0000000020000e10                _ZL17isRebootScheduled.lto_priv.244
 *fill*         0x0000000020000e11        0x3 
 .bss           0x0000000020000e14       0xb1 /tmp/ccHzI61b.ltrans7.ltrans.o
                0x0000000020000e14                extiHandlerConfigs.lto_priv.320
                0x0000000020000e1c                _ZL13mspSerialPort.lto_priv.243
                0x0000000020000e22                lookupThrottleRC
                0x0000000020000e3a                lookupPitchRollRC
                0x0000000020000e48                _ZL10beeperIsOn.lto_priv.248
                0x0000000020000e4c                _ZL20beeperNextToggleTime.lto_priv.247
                0x0000000020000e50                _ZL9beeperPos.lto_priv.249
                0x0000000020000e54                _ZL18currentBeeperEntry.lto_priv.246
                0x0000000020000e70                usTicks.lto_priv.321
                0x0000000020000e74                cycleTime
                0x0000000020000e76                motorCount
                0x0000000020000e98                ra_deltaT
                0x0000000020000eb8                ra_sum
                0x0000000020000ec4                _ZL15warningLedState.lto_priv.245
 *fill*         0x0000000020000ec5        0x3 
 .bss           0x0000000020000ec8      0x64e /tmp/ccHzI61b.ltrans9.ltrans.o
                0x0000000020000ed8                gyro_drift_limit
                0x0000000020000ee0                rxRuntimeConfigPtr.lto_priv.277
                0x0000000020000ee4                rxRuntimeConfig
                0x0000000020000ee8                masterConfig
                0x0000000020001438                spek_chan_shift.lto_priv.276
                0x0000000020001439                spek_chan_mask.lto_priv.278
                0x000000002000143a                spekHiRes.lto_priv.190
                0x000000002000143c                _ZL8ms5611_c.lto_priv.182
                0x000000002000144c                baro
                0x000000002000146c                _ZL17escAndServoConfig.lto_priv.228
                0x0000000020001470                _ZL10pidProfile.lto_priv.229
                0x0000000020001474                _ZL19activeFeaturesLatch.lto_priv.192
                0x0000000020001478                rcData
                0x000000002000149c                omega_I
                0x00000000200014a8                omega_P
                0x00000000200014b4                omega_yaw_P
                0x00000000200014c0                omega
                0x00000000200014cc                anglerad
                0x00000000200014d8                currentTime
                0x00000000200014e0                compassLastUpdatedAt
                0x00000000200014e4                magADC
                0x00000000200014ec                mag
                0x00000000200014f4                magAlign
                0x00000000200014f5                stateFlags
                0x00000000200014fc                have_initial_yaw
                0x0000000020001510                _ZL7magInit.lto_priv.313
 *fill*         0x0000000020001516        0x2 
 .bss           0x0000000020001518       0xcc /tmp/ccHzI61b.ltrans10.ltrans.o
                0x0000000020001538                rcCommand
                0x0000000020001540                PIDweight
                0x0000000020001544                _ZL10PTermState.lto_priv.221
                0x0000000020001550                _ZL10errorGyroI.lto_priv.220
                0x0000000020001562                axisPID
                0x0000000020001568                _ZL11errorAngleI.lto_priv.219
                0x0000000020001570                dynP8
                0x0000000020001588                _ZL10DTermState.lto_priv.222
                0x0000000020001594                dynD8
                0x00000000200015bc                _ZL11errorGyroIf.lto_priv.223
                0x00000000200015c8                _ZL12errorAngleIf.lto_priv.224
 *fill*         0x00000000200015e4        0x4 
 .bss           0x00000000200015e8      0x15d /tmp/ccHzI61b.ltrans11.ltrans.o
                0x00000000200015e8                _ZL15xBusChannelData.lto_priv.189
                0x0000000020001604                _ZL17xBusFramePosition.lto_priv.300
                0x0000000020001605                _ZL16xBusDataIncoming.lto_priv.299
                0x0000000020001606                _ZL9xBusFrame.lto_priv.188
                0x0000000020001627                _ZL15xBusFrameLength.lto_priv.301
                0x0000000020001628                _ZL12xBusProvider.lto_priv.303
                0x000000002000162c                flipState
                0x0000000020001630                flipStartTime
                0x0000000020001634                rcModeActivationMask
                0x0000000020001638                VelocityZ
                0x000000002000163c                flipDirection
                0x0000000020001640                stateon
                0x0000000020001644                inclination
                0x0000000020001650                _ZL13boardRotation.lto_priv.318
                0x0000000020001674                batteryConfig
                0x0000000020001678                adcConfig
                0x0000000020001688                adcValues
                0x0000000020001690                vbatLatestADC
                0x0000000020001720                vbat
                0x0000000020001722                InflightcalibratingA
                0x000000002000173c                accADC
                0x0000000020001742                AccInflightCalibrationActive
                0x0000000020001743                AccInflightCalibrationMeasurementDone
                0x0000000020001744                AccInflightCalibrationSavetoEEProm
 *fill*         0x0000000020001745        0x3 
 .bss           0x0000000020001748      0x4a8 /tmp/ccHzI61b.ltrans12.ltrans.o
 .bss           0x0000000020001bf0      0x208 /tmp/ccHzI61b.ltrans13.ltrans.o
                0x0000000020001bf0                currentControlRateProfile
                0x0000000020001bf4                lookupYawRC
                0x0000000020001c04                currentProfile
                0x0000000020001c08                _ZL30currentControlRateProfileIndex.lto_priv.230
                0x0000000020001c0c                _ZL8rxConfig.lto_priv.181
                0x0000000020001c10                adjustmentStates
                0x0000000020001c40                _ZL10gyroConfig.lto_priv.252
                0x0000000020001c44                _ZL14failsafeConfig.lto_priv.232
                0x0000000020001c48                _ZL13failsafeState.lto_priv.193
                0x0000000020001c6c                crashTimer
                0x0000000020001c78                _ZL17accelerationTrims.lto_priv.186
                0x0000000020001c7c                _ZL14flight3DConfig.lto_priv.239
                0x0000000020001c80                _ZL17escAndServoConfig.lto_priv.179
                0x0000000020001c84                _ZL11mixerConfig.lto_priv.238
                0x0000000020001c88                _ZL8rxConfig.lto_priv.180
                0x0000000020001c9c                _ZL16imuRuntimeConfig.lto_priv.250
                0x0000000020001ca0                _ZL11accDeadband.lto_priv.251
                0x0000000020001ca4                throttleAngleScale
                0x0000000020001ca8                _ZL10pidProfile.lto_priv.172
                0x0000000020001cac                _ZL16rcControlsConfig.lto_priv.176
                0x0000000020001cb0                _ZL17escAndServoConfig.lto_priv.178
                0x0000000020001cb4                _ZL8_updated.lto_priv.253
                0x0000000020001cb8                temperatureSum
                0x0000000020001cbc                temperatureCount
                0x0000000020001cc0                _ZL11pressureSum.lto_priv.254
                0x0000000020001cc4                _ZL13pressureCount.lto_priv.255
                0x0000000020001cc8                baroTemperature
                0x0000000020001ccc                baroPressure
                0x0000000020001cd0                sysTickUptime.lto_priv.185
                0x0000000020001cd4                _ZL12_last_update.lto_priv.226
                0x0000000020001ce0                timerConfig
 .bss           0x0000000020001df8       0xf0 /tmp/ccHzI61b.ltrans14.ltrans.o
                0x0000000020001e3c                gyro
                0x0000000020001e60                _ZL19initialThrottleHold.lto_priv.240
                0x0000000020001e64                errorVelocityI
                0x0000000020001e68                altHoldThrottleAdjustment
                0x0000000020001e70                baroGroundTemperature
                0x0000000020001e74                baroGroundPressure
                0x0000000020001edc                AltHold
                0x0000000020001ee0                setVelocity
 .bss           0x0000000020001ee8       0xe0 /tmp/ccHzI61b.ltrans15.ltrans.o
                0x0000000020001ee8                i2c1ErrorCount.lto_priv.207
                0x0000000020001eea                i2c2ErrorCount.lto_priv.208
                0x0000000020001eec                mpuConfiguration
                0x0000000020001efc                _ZL16mpuIntExtiConfig.lto_priv.314
                0x0000000020001f04                I2Cx.lto_priv.206
                0x0000000020001f30                accSum
                0x0000000020001f3c                accSumXYZ
                0x0000000020001f48                accSumCountXYZ
                0x0000000020001f4c                accTimeSum
                0x0000000020001f98                accVelScale
                0x0000000020001f9c                k3
                0x0000000020001fa0                k2
                0x0000000020001fa4                k1
                0x0000000020001fc4                accSumCount
 .bss           0x0000000020001fc8        0x4 /tmp/ccHzI61b.ltrans17.ltrans.o
                0x0000000020001fc8                flightIndicatorFlag
                0x0000000020001fca                flightModeFlags
 .bss           0x0000000020001fcc        0x8 /tmp/ccHzI61b.ltrans18.ltrans.o
                0x0000000020001fcc                isCalibrated
                0x0000000020001fcd                _ZL12isBatteryLow.lto_priv.242
                0x0000000020001fce                isTakeOffHeightSet
                0x0000000020001fd0                accZoffsetCalCycle
 *(SORT(.bss*))
 *(COMMON)
 COMMON         0x0000000020001fd4        0x4 /home/soham/compilerapi/CodeBuilder/pluto_project/gcc-arm/bin/../lib/gcc/arm-none-eabi/6.3.1/../../../../arm-none-eabi/lib/thumb/v7e-m/fpv4-sp/hard/libg.a(lib_a-reent.o)
                0x0000000020001fd4                errno
                0x0000000020001fd8                . = ALIGN (0x4)
                0x0000000020001fd8                _ebss = .
                0x0000000020001fd8                __bss_end__ = _ebss

._user_heap_stack
                0x0000000020001fd8      0x400 load address 0x0000000008012d74
                0x0000000020001fd8                . = ALIGN (0x4)
                0x0000000020001fd8                PROVIDE (end, .)
                [!provide]                        PROVIDE (_end, .)
                0x0000000020001fd8                . = (. + _Min_Heap_Size)
                0x00000000200023d8                . = (. + _Min_Stack_Size)
 *fill*         0x0000000020001fd8      0x400 
                0x00000000200023d8                . = ALIGN (0x4)

.memory_b1_text
 *(.mb1text)
 *(.mb1text*)
 *(.mb1rodata)
 *(.mb1rodata*)

/DISCARD/
 libc.a(*)
 libm.a(*)
 libgcc.a(*)

.ARM.attributes
                0x0000000000000000       0x37
 *(.ARM.attributes)
 .ARM.attributes
                0x0000000000000000       0x37 /tmp/ccHzI61b.ltrans0.ltrans.o
 .ARM.attributes
                0x0000000000000037       0x37 /tmp/ccHzI61b.ltrans1.ltrans.o
 .ARM.attributes
                0x000000000000006e       0x37 /tmp/ccHzI61b.ltrans3.ltrans.o
 .ARM.attributes
                0x00000000000000a5       0x37 /tmp/ccHzI61b.ltrans4.ltrans.o
 .ARM.attributes
                0x00000000000000dc       0x37 /tmp/ccHzI61b.ltrans5.ltrans.o
 .ARM.attributes
                0x0000000000000113       0x37 /tmp/ccHzI61b.ltrans6.ltrans.o
 .ARM.attributes
                0x000000000000014a       0x37 /tmp/ccHzI61b.ltrans7.ltrans.o
 .ARM.attributes
                0x0000000000000181       0x37 /tmp/ccHzI61b.ltrans8.ltrans.o
 .ARM.attributes
                0x00000000000001b8       0x37 /tmp/ccHzI61b.ltrans9.ltrans.o
 .ARM.attributes
                0x00000000000001ef       0x37 /tmp/ccHzI61b.ltrans10.ltrans.o
 .ARM.attributes
                0x0000000000000226       0x37 /tmp/ccHzI61b.ltrans11.ltrans.o
 .ARM.attributes
                0x000000000000025d       0x37 /tmp/ccHzI61b.ltrans12.ltrans.o
 .ARM.attributes
                0x0000000000000294       0x37 /tmp/ccHzI61b.ltrans13.ltrans.o
 .ARM.attributes
                0x00000000000002cb       0x37 /tmp/ccHzI61b.ltrans14.ltrans.o
 .ARM.attributes
                0x0000000000000302       0x37 /tmp/ccHzI61b.ltrans15.ltrans.o
 .ARM.attributes
                0x0000000000000339       0x37 /tmp/ccHzI61b.ltrans16.ltrans.o
 .ARM.attributes
                0x0000000000000370       0x37 /tmp/ccHzI61b.ltrans17.ltrans.o
 .ARM.attributes
                0x00000000000003a7       0x37 /tmp/ccHzI61b.ltrans18.ltrans.o
 .ARM.attributes
                0x00000000000003de       0x37 /tmp/ccHzI61b.ltrans19.ltrans.o
 .ARM.attributes
                0x0000000000000415       0x21 ./libs/libpluto_0.3.a(startup_stm32f30x_md_gcc.o)
 .ARM.attributes
                0x0000000000000436       0x34 /home/soham/compilerapi/CodeBuilder/pluto_project/gcc-arm/bin/../lib/gcc/arm-none-eabi/6.3.1/../../../../arm-none-eabi/lib/thumb/v7e-m/fpv4-sp/hard/libm.a(lib_a-sf_cos.o)
 .ARM.attributes
                0x000000000000046a       0x34 /home/soham/compilerapi/CodeBuilder/pluto_project/gcc-arm/bin/../lib/gcc/arm-none-eabi/6.3.1/../../../../arm-none-eabi/lib/thumb/v7e-m/fpv4-sp/hard/libm.a(lib_a-sf_lrint.o)
 .ARM.attributes
                0x000000000000049e       0x34 /home/soham/compilerapi/CodeBuilder/pluto_project/gcc-arm/bin/../lib/gcc/arm-none-eabi/6.3.1/../../../../arm-none-eabi/lib/thumb/v7e-m/fpv4-sp/hard/libm.a(lib_a-sf_sin.o)
 .ARM.attributes
                0x00000000000004d2       0x34 /home/soham/compilerapi/CodeBuilder/pluto_project/gcc-arm/bin/../lib/gcc/arm-none-eabi/6.3.1/../../../../arm-none-eabi/lib/thumb/v7e-m/fpv4-sp/hard/libm.a(lib_a-wf_acos.o)
 .ARM.attributes
                0x0000000000000506       0x34 /home/soham/compilerapi/CodeBuilder/pluto_project/gcc-arm/bin/../lib/gcc/arm-none-eabi/6.3.1/../../../../arm-none-eabi/lib/thumb/v7e-m/fpv4-sp/hard/libm.a(lib_a-wf_asin.o)
 .ARM.attributes
                0x000000000000053a       0x34 /home/soham/compilerapi/CodeBuilder/pluto_project/gcc-arm/bin/../lib/gcc/arm-none-eabi/6.3.1/../../../../arm-none-eabi/lib/thumb/v7e-m/fpv4-sp/hard/libm.a(lib_a-wf_atan2.o)
 .ARM.attributes
                0x000000000000056e       0x34 /home/soham/compilerapi/CodeBuilder/pluto_project/gcc-arm/bin/../lib/gcc/arm-none-eabi/6.3.1/../../../../arm-none-eabi/lib/thumb/v7e-m/fpv4-sp/hard/libm.a(lib_a-wf_log.o)
 .ARM.attributes
                0x00000000000005a2       0x34 /home/soham/compilerapi/CodeBuilder/pluto_project/gcc-arm/bin/../lib/gcc/arm-none-eabi/6.3.1/../../../../arm-none-eabi/lib/thumb/v7e-m/fpv4-sp/hard/libm.a(lib_a-wf_sqrt.o)
 .ARM.attributes
                0x00000000000005d6       0x34 /home/soham/compilerapi/CodeBuilder/pluto_project/gcc-arm/bin/../lib/gcc/arm-none-eabi/6.3.1/../../../../arm-none-eabi/lib/thumb/v7e-m/fpv4-sp/hard/libm.a(lib_a-ef_acos.o)
 .ARM.attributes
                0x000000000000060a       0x34 /home/soham/compilerapi/CodeBuilder/pluto_project/gcc-arm/bin/../lib/gcc/arm-none-eabi/6.3.1/../../../../arm-none-eabi/lib/thumb/v7e-m/fpv4-sp/hard/libm.a(lib_a-ef_asin.o)
 .ARM.attributes
                0x000000000000063e       0x34 /home/soham/compilerapi/CodeBuilder/pluto_project/gcc-arm/bin/../lib/gcc/arm-none-eabi/6.3.1/../../../../arm-none-eabi/lib/thumb/v7e-m/fpv4-sp/hard/libm.a(lib_a-ef_atan2.o)
 .ARM.attributes
                0x0000000000000672       0x34 /home/soham/compilerapi/CodeBuilder/pluto_project/gcc-arm/bin/../lib/gcc/arm-none-eabi/6.3.1/../../../../arm-none-eabi/lib/thumb/v7e-m/fpv4-sp/hard/libm.a(lib_a-ef_log.o)
 .ARM.attributes
                0x00000000000006a6       0x34 /home/soham/compilerapi/CodeBuilder/pluto_project/gcc-arm/bin/../lib/gcc/arm-none-eabi/6.3.1/../../../../arm-none-eabi/lib/thumb/v7e-m/fpv4-sp/hard/libm.a(lib_a-ef_rem_pio2.o)
 .ARM.attributes
                0x00000000000006da       0x34 /home/soham/compilerapi/CodeBuilder/pluto_project/gcc-arm/bin/../lib/gcc/arm-none-eabi/6.3.1/../../../../arm-none-eabi/lib/thumb/v7e-m/fpv4-sp/hard/libm.a(lib_a-ef_sqrt.o)
 .ARM.attributes
                0x000000000000070e       0x34 /home/soham/compilerapi/CodeBuilder/pluto_project/gcc-arm/bin/../lib/gcc/arm-none-eabi/6.3.1/../../../../arm-none-eabi/lib/thumb/v7e-m/fpv4-sp/hard/libm.a(lib_a-kf_cos.o)
 .ARM.attributes
                0x0000000000000742       0x34 /home/soham/compilerapi/CodeBuilder/pluto_project/gcc-arm/bin/../lib/gcc/arm-none-eabi/6.3.1/../../../../arm-none-eabi/lib/thumb/v7e-m/fpv4-sp/hard/libm.a(lib_a-kf_rem_pio2.o)
 .ARM.attributes
                0x0000000000000776       0x34 /home/soham/compilerapi/CodeBuilder/pluto_project/gcc-arm/bin/../lib/gcc/arm-none-eabi/6.3.1/../../../../arm-none-eabi/lib/thumb/v7e-m/fpv4-sp/hard/libm.a(lib_a-kf_sin.o)
 .ARM.attributes
                0x00000000000007aa       0x34 /home/soham/compilerapi/CodeBuilder/pluto_project/gcc-arm/bin/../lib/gcc/arm-none-eabi/6.3.1/../../../../arm-none-eabi/lib/thumb/v7e-m/fpv4-sp/hard/libm.a(lib_a-s_lib_ver.o)
 .ARM.attributes
                0x00000000000007de       0x34 /home/soham/compilerapi/CodeBuilder/pluto_project/gcc-arm/bin/../lib/gcc/arm-none-eabi/6.3.1/../../../../arm-none-eabi/lib/thumb/v7e-m/fpv4-sp/hard/libm.a(lib_a-s_matherr.o)
 .ARM.attributes
                0x0000000000000812       0x34 /home/soham/compilerapi/CodeBuilder/pluto_project/gcc-arm/bin/../lib/gcc/arm-none-eabi/6.3.1/../../../../arm-none-eabi/lib/thumb/v7e-m/fpv4-sp/hard/libm.a(lib_a-s_nan.o)
 .ARM.attributes
                0x0000000000000846       0x34 /home/soham/compilerapi/CodeBuilder/pluto_project/gcc-arm/bin/../lib/gcc/arm-none-eabi/6.3.1/../../../../arm-none-eabi/lib/thumb/v7e-m/fpv4-sp/hard/libm.a(lib_a-sf_atan.o)
 .ARM.attributes
                0x000000000000087a       0x34 /home/soham/compilerapi/CodeBuilder/pluto_project/gcc-arm/bin/../lib/gcc/arm-none-eabi/6.3.1/../../../../arm-none-eabi/lib/thumb/v7e-m/fpv4-sp/hard/libm.a(lib_a-sf_fabs.o)
 .ARM.attributes
                0x00000000000008ae       0x34 /home/soham/compilerapi/CodeBuilder/pluto_project/gcc-arm/bin/../lib/gcc/arm-none-eabi/6.3.1/../../../../arm-none-eabi/lib/thumb/v7e-m/fpv4-sp/hard/libm.a(lib_a-sf_floor.o)
 .ARM.attributes
                0x00000000000008e2       0x34 /home/soham/compilerapi/CodeBuilder/pluto_project/gcc-arm/bin/../lib/gcc/arm-none-eabi/6.3.1/../../../../arm-none-eabi/lib/thumb/v7e-m/fpv4-sp/hard/libm.a(lib_a-sf_scalbn.o)
 .ARM.attributes
                0x0000000000000916       0x34 /home/soham/compilerapi/CodeBuilder/pluto_project/gcc-arm/bin/../lib/gcc/arm-none-eabi/6.3.1/../../../../arm-none-eabi/lib/thumb/v7e-m/fpv4-sp/hard/libm.a(lib_a-sf_copysign.o)
 .ARM.attributes
                0x000000000000094a       0x34 /home/soham/compilerapi/CodeBuilder/pluto_project/gcc-arm/bin/../lib/gcc/arm-none-eabi/6.3.1/../../../../arm-none-eabi/lib/thumb/v7e-m/fpv4-sp/hard/libc.a(lib_a-errno.o)
 .ARM.attributes
                0x000000000000097e       0x34 /home/soham/compilerapi/CodeBuilder/pluto_project/gcc-arm/bin/../lib/gcc/arm-none-eabi/6.3.1/../../../../arm-none-eabi/lib/thumb/v7e-m/fpv4-sp/hard/libc.a(lib_a-impure.o)
 .ARM.attributes
                0x00000000000009b2       0x20 /home/soham/compilerapi/CodeBuilder/pluto_project/gcc-arm/bin/../lib/gcc/arm-none-eabi/6.3.1/../../../../arm-none-eabi/lib/thumb/v7e-m/fpv4-sp/hard/libc.a(lib_a-memcpy.o)
 .ARM.attributes
                0x00000000000009d2       0x34 /home/soham/compilerapi/CodeBuilder/pluto_project/gcc-arm/bin/../lib/gcc/arm-none-eabi/6.3.1/../../../../arm-none-eabi/lib/thumb/v7e-m/fpv4-sp/hard/libc.a(lib_a-memset.o)
 .ARM.attributes
                0x0000000000000a06       0x34 /home/soham/compilerapi/CodeBuilder/pluto_project/gcc-arm/bin/../lib/gcc/arm-none-eabi/6.3.1/../../../../arm-none-eabi/lib/thumb/v7e-m/fpv4-sp/hard/libc.a(lib_a-strchr.o)
 .ARM.attributes
                0x0000000000000a3a       0x20 /home/soham/compilerapi/CodeBuilder/pluto_project/gcc-arm/bin/../lib/gcc/arm-none-eabi/6.3.1/../../../../arm-none-eabi/lib/thumb/v7e-m/fpv4-sp/hard/libc.a(lib_a-strlen.o)
 .ARM.attributes
                0x0000000000000a5a       0x22 /home/soham/compilerapi/CodeBuilder/pluto_project/gcc-arm/bin/../lib/gcc/arm-none-eabi/6.3.1/thumb/v7e-m/fpv4-sp/hard/libgcc.a(_ashrdi3.o)
 .ARM.attributes
                0x0000000000000a7c       0x22 /home/soham/compilerapi/CodeBuilder/pluto_project/gcc-arm/bin/../lib/gcc/arm-none-eabi/6.3.1/thumb/v7e-m/fpv4-sp/hard/libgcc.a(_arm_addsubdf3.o)
 .ARM.attributes
                0x0000000000000a9e       0x22 /home/soham/compilerapi/CodeBuilder/pluto_project/gcc-arm/bin/../lib/gcc/arm-none-eabi/6.3.1/thumb/v7e-m/fpv4-sp/hard/libgcc.a(_arm_muldivdf3.o)
 .ARM.attributes
                0x0000000000000ac0       0x22 /home/soham/compilerapi/CodeBuilder/pluto_project/gcc-arm/bin/../lib/gcc/arm-none-eabi/6.3.1/thumb/v7e-m/fpv4-sp/hard/libgcc.a(_arm_truncdfsf2.o)
 .ARM.attributes
                0x0000000000000ae2       0x22 /home/soham/compilerapi/CodeBuilder/pluto_project/gcc-arm/bin/../lib/gcc/arm-none-eabi/6.3.1/thumb/v7e-m/fpv4-sp/hard/libgcc.a(_arm_addsubsf3.o)
 .ARM.attributes
                0x0000000000000b04       0x22 /home/soham/compilerapi/CodeBuilder/pluto_project/gcc-arm/bin/../lib/gcc/arm-none-eabi/6.3.1/thumb/v7e-m/fpv4-sp/hard/libgcc.a(_aeabi_ldivmod.o)
 .ARM.attributes
                0x0000000000000b26       0x34 /home/soham/compilerapi/CodeBuilder/pluto_project/gcc-arm/bin/../lib/gcc/arm-none-eabi/6.3.1/thumb/v7e-m/fpv4-sp/hard/libgcc.a(_fixsfdi.o)
 .ARM.attributes
                0x0000000000000b5a       0x34 /home/soham/compilerapi/CodeBuilder/pluto_project/gcc-arm/bin/../lib/gcc/arm-none-eabi/6.3.1/thumb/v7e-m/fpv4-sp/hard/libgcc.a(_fixunssfdi.o)
 .ARM.attributes
                0x0000000000000b8e       0x34 /home/soham/compilerapi/CodeBuilder/pluto_project/gcc-arm/bin/../lib/gcc/arm-none-eabi/6.3.1/thumb/v7e-m/fpv4-sp/hard/libgcc.a(_udivmoddi4.o)
 .ARM.attributes
                0x0000000000000bc2       0x22 /home/soham/compilerapi/CodeBuilder/pluto_project/gcc-arm/bin/../lib/gcc/arm-none-eabi/6.3.1/thumb/v7e-m/fpv4-sp/hard/libgcc.a(_dvmd_tls.o)
 .ARM.attributes
                0x0000000000000be4       0x22 /home/soham/compilerapi/CodeBuilder/pluto_project/gcc-arm/bin/../lib/gcc/arm-none-eabi/6.3.1/thumb/v7e-m/fpv4-sp/hard/libgcc.a(_arm_fixunsdfsi.o)
OUTPUT(obj/PB_-3Gv_PLUTOX.elf elf32-littlearm)

.debug_info     0x0000000000000000    0x28daa
 .debug_info    0x0000000000000000     0x42e7 /tmp/ccHzI61b.ltrans0.ltrans.o
 .debug_info    0x00000000000042e7     0x6fa5 /tmp/ccHzI61b.ltrans1.ltrans.o
 .debug_info    0x000000000000b28c     0x1ec6 /tmp/ccHzI61b.ltrans3.ltrans.o
 .debug_info    0x000000000000d152     0x15b6 /tmp/ccHzI61b.ltrans4.ltrans.o
 .debug_info    0x000000000000e708     0x2a48 /tmp/ccHzI61b.ltrans5.ltrans.o
 .debug_info    0x0000000000011150     0x224b /tmp/ccHzI61b.ltrans6.ltrans.o
 .debug_info    0x000000000001339b     0x2187 /tmp/ccHzI61b.ltrans7.ltrans.o
 .debug_info    0x0000000000015522     0x2e18 /tmp/ccHzI61b.ltrans8.ltrans.o
 .debug_info    0x000000000001833a     0x4097 /tmp/ccHzI61b.ltrans9.ltrans.o
 .debug_info    0x000000000001c3d1     0x137e /tmp/ccHzI61b.ltrans10.ltrans.o
 .debug_info    0x000000000001d74f      0xffe /tmp/ccHzI61b.ltrans11.ltrans.o
 .debug_info    0x000000000001e74d     0x2074 /tmp/ccHzI61b.ltrans12.ltrans.o
 .debug_info    0x00000000000207c1     0x283a /tmp/ccHzI61b.ltrans13.ltrans.o
 .debug_info    0x0000000000022ffb     0x128b /tmp/ccHzI61b.ltrans14.ltrans.o
 .debug_info    0x0000000000024286     0x16bc /tmp/ccHzI61b.ltrans15.ltrans.o
 .debug_info    0x0000000000025942     0x1dcb /tmp/ccHzI61b.ltrans16.ltrans.o
 .debug_info    0x000000000002770d     0x1335 /tmp/ccHzI61b.ltrans17.ltrans.o
 .debug_info    0x0000000000028a42      0x2d1 /tmp/ccHzI61b.ltrans18.ltrans.o
 .debug_info    0x0000000000028d13       0x97 /tmp/ccHzI61b.ltrans19.ltrans.o

.debug_abbrev   0x0000000000000000     0x4d13
 .debug_abbrev  0x0000000000000000      0x528 /tmp/ccHzI61b.ltrans0.ltrans.o
 .debug_abbrev  0x0000000000000528      0x4f2 /tmp/ccHzI61b.ltrans1.ltrans.o
 .debug_abbrev  0x0000000000000a1a      0x34e /tmp/ccHzI61b.ltrans3.ltrans.o
 .debug_abbrev  0x0000000000000d68      0x345 /tmp/ccHzI61b.ltrans4.ltrans.o
 .debug_abbrev  0x00000000000010ad      0x447 /tmp/ccHzI61b.ltrans5.ltrans.o
 .debug_abbrev  0x00000000000014f4      0x559 /tmp/ccHzI61b.ltrans6.ltrans.o
 .debug_abbrev  0x0000000000001a4d      0x5bc /tmp/ccHzI61b.ltrans7.ltrans.o
 .debug_abbrev  0x0000000000002009      0x3f8 /tmp/ccHzI61b.ltrans8.ltrans.o
 .debug_abbrev  0x0000000000002401      0x59b /tmp/ccHzI61b.ltrans9.ltrans.o
 .debug_abbrev  0x000000000000299c      0x305 /tmp/ccHzI61b.ltrans10.ltrans.o
 .debug_abbrev  0x0000000000002ca1      0x430 /tmp/ccHzI61b.ltrans11.ltrans.o
 .debug_abbrev  0x00000000000030d1      0x4c7 /tmp/ccHzI61b.ltrans12.ltrans.o
 .debug_abbrev  0x0000000000003598      0x575 /tmp/ccHzI61b.ltrans13.ltrans.o
 .debug_abbrev  0x0000000000003b0d      0x3d3 /tmp/ccHzI61b.ltrans14.ltrans.o
 .debug_abbrev  0x0000000000003ee0      0x463 /tmp/ccHzI61b.ltrans15.ltrans.o
 .debug_abbrev  0x0000000000004343      0x368 /tmp/ccHzI61b.ltrans16.ltrans.o
 .debug_abbrev  0x00000000000046ab      0x499 /tmp/ccHzI61b.ltrans17.ltrans.o
 .debug_abbrev  0x0000000000004b44      0x15c /tmp/ccHzI61b.ltrans18.ltrans.o
 .debug_abbrev  0x0000000000004ca0       0x73 /tmp/ccHzI61b.ltrans19.ltrans.o

.debug_loc      0x0000000000000000    0x14909
 .debug_loc     0x0000000000000000     0x2376 /tmp/ccHzI61b.ltrans0.ltrans.o
 .debug_loc     0x0000000000002376     0x2206 /tmp/ccHzI61b.ltrans1.ltrans.o
 .debug_loc     0x000000000000457c     0x11c2 /tmp/ccHzI61b.ltrans3.ltrans.o
 .debug_loc     0x000000000000573e      0xd29 /tmp/ccHzI61b.ltrans4.ltrans.o
 .debug_loc     0x0000000000006467     0x13e9 /tmp/ccHzI61b.ltrans5.ltrans.o
 .debug_loc     0x0000000000007850      0xc12 /tmp/ccHzI61b.ltrans6.ltrans.o
 .debug_loc     0x0000000000008462      0xedf /tmp/ccHzI61b.ltrans7.ltrans.o
 .debug_loc     0x0000000000009341     0x2d3e /tmp/ccHzI61b.ltrans8.ltrans.o
 .debug_loc     0x000000000000c07f     0x1677 /tmp/ccHzI61b.ltrans9.ltrans.o
 .debug_loc     0x000000000000d6f6     0x16d8 /tmp/ccHzI61b.ltrans10.ltrans.o
 .debug_loc     0x000000000000edce      0x795 /tmp/ccHzI61b.ltrans11.ltrans.o
 .debug_loc     0x000000000000f563      0xfc4 /tmp/ccHzI61b.ltrans12.ltrans.o
 .debug_loc     0x0000000000010527      0x6ab /tmp/ccHzI61b.ltrans13.ltrans.o
 .debug_loc     0x0000000000010bd2      0xc67 /tmp/ccHzI61b.ltrans14.ltrans.o
 .debug_loc     0x0000000000011839      0xffe /tmp/ccHzI61b.ltrans15.ltrans.o
 .debug_loc     0x0000000000012837     0x1803 /tmp/ccHzI61b.ltrans16.ltrans.o
 .debug_loc     0x000000000001403a      0x8cf /tmp/ccHzI61b.ltrans17.ltrans.o

.debug_aranges  0x0000000000000000      0x260
 .debug_aranges
                0x0000000000000000       0x20 /tmp/ccHzI61b.ltrans0.ltrans.o
 .debug_aranges
                0x0000000000000020       0x20 /tmp/ccHzI61b.ltrans1.ltrans.o
 .debug_aranges
                0x0000000000000040       0x20 /tmp/ccHzI61b.ltrans3.ltrans.o
 .debug_aranges
                0x0000000000000060       0x20 /tmp/ccHzI61b.ltrans4.ltrans.o
 .debug_aranges
                0x0000000000000080       0x20 /tmp/ccHzI61b.ltrans5.ltrans.o
 .debug_aranges
                0x00000000000000a0       0x20 /tmp/ccHzI61b.ltrans6.ltrans.o
 .debug_aranges
                0x00000000000000c0       0x20 /tmp/ccHzI61b.ltrans7.ltrans.o
 .debug_aranges
                0x00000000000000e0       0x20 /tmp/ccHzI61b.ltrans8.ltrans.o
 .debug_aranges
                0x0000000000000100       0x20 /tmp/ccHzI61b.ltrans9.ltrans.o
 .debug_aranges
                0x0000000000000120       0x20 /tmp/ccHzI61b.ltrans10.ltrans.o
 .debug_aranges
                0x0000000000000140       0x20 /tmp/ccHzI61b.ltrans11.ltrans.o
 .debug_aranges
                0x0000000000000160       0x20 /tmp/ccHzI61b.ltrans12.ltrans.o
 .debug_aranges
                0x0000000000000180       0x20 /tmp/ccHzI61b.ltrans13.ltrans.o
 .debug_aranges
                0x00000000000001a0       0x20 /tmp/ccHzI61b.ltrans14.ltrans.o
 .debug_aranges
                0x00000000000001c0       0x20 /tmp/ccHzI61b.ltrans15.ltrans.o
 .debug_aranges
                0x00000000000001e0       0x20 /tmp/ccHzI61b.ltrans16.ltrans.o
 .debug_aranges
                0x0000000000000200       0x20 /tmp/ccHzI61b.ltrans17.ltrans.o
 .debug_aranges
                0x0000000000000220       0x20 /tmp/ccHzI61b.ltrans18.ltrans.o
 .debug_aranges
                0x0000000000000240       0x20 /tmp/ccHzI61b.ltrans19.ltrans.o

.debug_ranges   0x0000000000000000     0x3950
 .debug_ranges  0x0000000000000000      0xaa8 /tmp/ccHzI61b.ltrans0.ltrans.o
 .debug_ranges  0x0000000000000aa8      0xbd0 /tmp/ccHzI61b.ltrans1.ltrans.o
 .debug_ranges  0x0000000000001678      0x740 /tmp/ccHzI61b.ltrans3.ltrans.o
 .debug_ranges  0x0000000000001db8      0x168 /tmp/ccHzI61b.ltrans4.ltrans.o
 .debug_ranges  0x0000000000001f20      0x208 /tmp/ccHzI61b.ltrans5.ltrans.o
 .debug_ranges  0x0000000000002128      0x300 /tmp/ccHzI61b.ltrans6.ltrans.o
 .debug_ranges  0x0000000000002428      0x360 /tmp/ccHzI61b.ltrans7.ltrans.o
 .debug_ranges  0x0000000000002788      0x340 /tmp/ccHzI61b.ltrans8.ltrans.o
 .debug_ranges  0x0000000000002ac8      0x1e0 /tmp/ccHzI61b.ltrans9.ltrans.o
 .debug_ranges  0x0000000000002ca8      0x128 /tmp/ccHzI61b.ltrans10.ltrans.o
 .debug_ranges  0x0000000000002dd0       0xc8 /tmp/ccHzI61b.ltrans11.ltrans.o
 .debug_ranges  0x0000000000002e98      0x168 /tmp/ccHzI61b.ltrans12.ltrans.o
 .debug_ranges  0x0000000000003000      0x3d0 /tmp/ccHzI61b.ltrans13.ltrans.o
 .debug_ranges  0x00000000000033d0      0x1d0 /tmp/ccHzI61b.ltrans14.ltrans.o
 .debug_ranges  0x00000000000035a0       0xc8 /tmp/ccHzI61b.ltrans15.ltrans.o
 .debug_ranges  0x0000000000003668      0x1c8 /tmp/ccHzI61b.ltrans16.ltrans.o
 .debug_ranges  0x0000000000003830      0x120 /tmp/ccHzI61b.ltrans17.ltrans.o

.debug_line     0x0000000000000000     0x8974
 .debug_line    0x0000000000000000     0x10bc /tmp/ccHzI61b.ltrans0.ltrans.o
 .debug_line    0x00000000000010bc     0x12e5 /tmp/ccHzI61b.ltrans1.ltrans.o
 .debug_line    0x00000000000023a1      0x885 /tmp/ccHzI61b.ltrans3.ltrans.o
 .debug_line    0x0000000000002c26      0x5f5 /tmp/ccHzI61b.ltrans4.ltrans.o
 .debug_line    0x000000000000321b      0x677 /tmp/ccHzI61b.ltrans5.ltrans.o
 .debug_line    0x0000000000003892      0x74d /tmp/ccHzI61b.ltrans6.ltrans.o
 .debug_line    0x0000000000003fdf      0x8ae /tmp/ccHzI61b.ltrans7.ltrans.o
 .debug_line    0x000000000000488d      0x654 /tmp/ccHzI61b.ltrans8.ltrans.o